Component: Arm Compiler for Embedded 6.24 Tool: armlink [5f371500]

==============================================================================

Section Cross References

    startup_stm32wb55xx_cm4.o(RESET) refers to startup_stm32wb55xx_cm4.o(STACK) for __initial_sp
    startup_stm32wb55xx_cm4.o(RESET) refers to startup_stm32wb55xx_cm4.o(.text) for Reset_Handler
    startup_stm32wb55xx_cm4.o(RESET) refers to stm32wbxx_it.o(.text.NMI_Handler) for NMI_Handler
    startup_stm32wb55xx_cm4.o(RESET) refers to stm32wbxx_it.o(.text.HardFault_Handler) for HardFault_Handler
    startup_stm32wb55xx_cm4.o(RESET) refers to stm32wbxx_it.o(.text.MemManage_Handler) for MemManage_Handler
    startup_stm32wb55xx_cm4.o(RESET) refers to stm32wbxx_it.o(.text.BusFault_Handler) for BusFault_Handler
    startup_stm32wb55xx_cm4.o(RESET) refers to stm32wbxx_it.o(.text.UsageFault_Handler) for UsageFault_Handler
    startup_stm32wb55xx_cm4.o(RESET) refers to stm32wbxx_it.o(.text.SVC_Handler) for SVC_Handler
    startup_stm32wb55xx_cm4.o(RESET) refers to stm32wbxx_it.o(.text.DebugMon_Handler) for DebugMon_Handler
    startup_stm32wb55xx_cm4.o(RESET) refers to stm32wbxx_it.o(.text.PendSV_Handler) for PendSV_Handler
    startup_stm32wb55xx_cm4.o(RESET) refers to stm32wbxx_it.o(.text.SysTick_Handler) for SysTick_Handler
    startup_stm32wb55xx_cm4.o(RESET) refers to stm32wbxx_it.o(.text.RTC_WKUP_IRQHandler) for RTC_WKUP_IRQHandler
    startup_stm32wb55xx_cm4.o(RESET) refers to stm32wbxx_it.o(.text.EXTI0_IRQHandler) for EXTI0_IRQHandler
    startup_stm32wb55xx_cm4.o(RESET) refers to stm32wbxx_it.o(.text.EXTI1_IRQHandler) for EXTI1_IRQHandler
    startup_stm32wb55xx_cm4.o(RESET) refers to stm32wbxx_it.o(.text.EXTI4_IRQHandler) for EXTI4_IRQHandler
    startup_stm32wb55xx_cm4.o(RESET) refers to stm32wbxx_it.o(.text.DMA1_Channel4_IRQHandler) for DMA1_Channel4_IRQHandler
    startup_stm32wb55xx_cm4.o(RESET) refers to stm32wbxx_it.o(.text.USART1_IRQHandler) for USART1_IRQHandler
    startup_stm32wb55xx_cm4.o(RESET) refers to stm32wbxx_it.o(.text.LPUART1_IRQHandler) for LPUART1_IRQHandler
    startup_stm32wb55xx_cm4.o(RESET) refers to stm32wbxx_it.o(.text.IPCC_C1_RX_IRQHandler) for IPCC_C1_RX_IRQHandler
    startup_stm32wb55xx_cm4.o(RESET) refers to stm32wbxx_it.o(.text.IPCC_C1_TX_IRQHandler) for IPCC_C1_TX_IRQHandler
    startup_stm32wb55xx_cm4.o(RESET) refers to stm32wbxx_it.o(.text.DMA2_Channel4_IRQHandler) for DMA2_Channel4_IRQHandler
    startup_stm32wb55xx_cm4.o(.text) refers to system_stm32wbxx.o(.text.SystemInit) for SystemInit
    startup_stm32wb55xx_cm4.o(.text) refers to entry.o(.ARM.Collect$$$$00000000) for __main
    main.o(.text.main) refers to stm32wbxx_hal.o(.text.HAL_Init) for HAL_Init
    main.o(.text.main) refers to app_entry.o(.text.MX_APPE_Config) for MX_APPE_Config
    main.o(.text.main) refers to memseta.o(.text) for __aeabi_memclr4
    main.o(.text.main) refers to stm32wbxx_hal_pwr.o(.text.HAL_PWR_EnableBkUpAccess) for HAL_PWR_EnableBkUpAccess
    main.o(.text.main) refers to stm32wbxx_hal_rcc.o(.text.HAL_RCC_OscConfig) for HAL_RCC_OscConfig
    main.o(.text.main) refers to stm32wbxx_hal_rcc.o(.text.HAL_RCC_ClockConfig) for HAL_RCC_ClockConfig
    main.o(.text.main) refers to stm32wbxx_hal_rcc_ex.o(.text.HAL_RCCEx_PeriphCLKConfig) for HAL_RCCEx_PeriphCLKConfig
    main.o(.text.main) refers to main.o(.bss.hipcc) for hipcc
    main.o(.text.main) refers to stm32wbxx_hal_ipcc.o(.text.HAL_IPCC_Init) for HAL_IPCC_Init
    main.o(.text.main) refers to stm32wbxx_hal_gpio.o(.text.HAL_GPIO_Init) for HAL_GPIO_Init
    main.o(.text.main) refers to main.o(.bss.hrtc) for hrtc
    main.o(.text.main) refers to stm32wbxx_hal_rtc.o(.text.HAL_RTC_Init) for HAL_RTC_Init
    main.o(.text.main) refers to stm32wbxx_hal_rtc_ex.o(.text.HAL_RTCEx_SetWakeUpTimer_IT) for HAL_RTCEx_SetWakeUpTimer_IT
    main.o(.text.main) refers to app_entry.o(.text.MX_APPE_Init) for MX_APPE_Init
    main.o(.text.main) refers to app_entry.o(.text.MX_APPE_Process) for MX_APPE_Process
    main.o(.ARM.exidx.text.main) refers to main.o(.text.main) for [Anonymous Symbol]
    main.o(.text.SystemClock_Config) refers to memseta.o(.text) for __aeabi_memclr4
    main.o(.text.SystemClock_Config) refers to stm32wbxx_hal_pwr.o(.text.HAL_PWR_EnableBkUpAccess) for HAL_PWR_EnableBkUpAccess
    main.o(.text.SystemClock_Config) refers to stm32wbxx_hal_rcc.o(.text.HAL_RCC_OscConfig) for HAL_RCC_OscConfig
    main.o(.text.SystemClock_Config) refers to stm32wbxx_hal_rcc.o(.text.HAL_RCC_ClockConfig) for HAL_RCC_ClockConfig
    main.o(.ARM.exidx.text.SystemClock_Config) refers to main.o(.text.SystemClock_Config) for [Anonymous Symbol]
    main.o(.text.PeriphCommonClock_Config) refers to memseta.o(.text) for __aeabi_memclr4
    main.o(.text.PeriphCommonClock_Config) refers to stm32wbxx_hal_rcc_ex.o(.text.HAL_RCCEx_PeriphCLKConfig) for HAL_RCCEx_PeriphCLKConfig
    main.o(.ARM.exidx.text.PeriphCommonClock_Config) refers to main.o(.text.PeriphCommonClock_Config) for [Anonymous Symbol]
[...]
    __rt_final_exit                          0x0800014d   Thumb Code     0  entry11a.o(.ARM.Collect$$$$0000000F)
    Reset_Handler                            0x08000151   Thumb Code     8  startup_stm32wb55xx_cm4.o(.text)
    ADC1_IRQHandler                          0x0800016b   Thumb Code     0  startup_stm32wb55xx_cm4.o(.text)
    AES1_IRQHandler                          0x0800016b   Thumb Code     0  startup_stm32wb55xx_cm4.o(.text)
    AES2_IRQHandler                          0x0800016b   Thumb Code     0  startup_stm32wb55xx_cm4.o(.text)
    C2SEV_PWR_C2H_IRQHandler                 0x0800016b   Thumb Code     0  startup_stm32wb55xx_cm4.o(.text)
    COMP_IRQHandler                          0x0800016b   Thumb Code     0  startup_stm32wb55xx_cm4.o(.text)
    CRS_IRQHandler                           0x0800016b   Thumb Code     0  startup_stm32wb55xx_cm4.o(.text)
    DMA1_Channel1_IRQHandler                 0x0800016b   Thumb Code     0  startup_stm32wb55xx_cm4.o(.text)
    DMA1_Channel2_IRQHandler                 0x0800016b   Thumb Code     0  startup_stm32wb55xx_cm4.o(.text)
    DMA1_Channel3_IRQHandler                 0x0800016b   Thumb Code     0  startup_stm32wb55xx_cm4.o(.text)
    DMA1_Channel5_IRQHandler                 0x0800016b   Thumb Code     0  startup_stm32wb55xx_cm4.o(.text)
    DMA1_Channel6_IRQHandler                 0x0800016b   Thumb Code     0  startup_stm32wb55xx_cm4.o(.text)
    DMA1_Channel7_IRQHandler                 0x0800016b   Thumb Code     0  startup_stm32wb55xx_cm4.o(.text)
    DMA2_Channel1_IRQHandler                 0x0800016b   Thumb Code     0  startup_stm32wb55xx_cm4.o(.text)
    DMA2_Channel2_IRQHandler                 0x0800016b   Thumb Code     0  startup_stm32wb55xx_cm4.o(.text)
    DMA2_Channel3_IRQHandler                 0x0800016b   Thumb Code     0  startup_stm32wb55xx_cm4.o(.text)
    DMA2_Channel5_IRQHandler                 0x0800016b   Thumb Code     0  startup_stm32wb55xx_cm4.o(.text)
    DMA2_Channel6_IRQHandler                 0x0800016b   Thumb Code     0  startup_stm32wb55xx_cm4.o(.text)
    DMA2_Channel7_IRQHandler                 0x0800016b   Thumb Code     0  startup_stm32wb55xx_cm4.o(.text)
    DMAMUX1_OVR_IRQHandler                   0x0800016b   Thumb Code     0  startup_stm32wb55xx_cm4.o(.text)
    EXTI15_10_IRQHandler                     0x0800016b   Thumb Code     0  startup_stm32wb55xx_cm4.o(.text)
    EXTI2_IRQHandler                         0x0800016b   Thumb Code     0  startup_stm32wb55xx_cm4.o(.text)
    EXTI3_IRQHandler                         0x0800016b   Thumb Code     0  startup_stm32wb55xx_cm4.o(.text)
    EXTI9_5_IRQHandler                       0x0800016b   Thumb Code     0  startup_stm32wb55xx_cm4.o(.text)
    FLASH_IRQHandler                         0x0800016b   Thumb Code     0  startup_stm32wb55xx_cm4.o(.text)
    FPU_IRQHandler                           0x0800016b   Thumb Code     0  startup_stm32wb55xx_cm4.o(.text)
    HSEM_IRQHandler                          0x0800016b   Thumb Code     0  startup_stm32wb55xx_cm4.o(.text)
    I2C1_ER_IRQHandler                       0x0800016b   Thumb Code     0  startup_stm32wb55xx_cm4.o(.text)
    I2C1_EV_IRQHandler                       0x0800016b   Thumb Code     0  startup_stm32wb55xx_cm4.o(.text)
    I2C3_ER_IRQHandler                       0x0800016b   Thumb Code     0  startup_stm32wb55xx_cm4.o(.text)
    I2C3_EV_IRQHandler                       0x0800016b   Thumb Code     0  startup_stm32wb55xx_cm4.o(.text)
    LCD_IRQHandler                           0x0800016b   Thumb Code     0  startup_stm32wb55xx_cm4.o(.text)
    LPTIM1_IRQHandler                        0x0800016b   Thumb Code     0  startup_stm32wb55xx_cm4.o(.text)
    LPTIM2_IRQHandler                        0x0800016b   Thumb Code     0  startup_stm32wb55xx_cm4.o(.text)
    PKA_IRQHandler                           0x0800016b   Thumb Code     0  startup_stm32wb55xx_cm4.o(.text)
    PVD_PVM_IRQHandler                       0x0800016b   Thumb Code     0  startup_stm32wb55xx_cm4.o(.text)
    PWR_SOTF_BLEACT_802ACT_RFPHASE_IRQHandler 0x0800016b   Thumb Code     0  startup_stm32wb55xx_cm4.o(.text)
    QUADSPI_IRQHandler                       0x0800016b   Thumb Code     0  startup_stm32wb55xx_cm4.o(.text)
    RCC_IRQHandler                           0x0800016b   Thumb Code     0  startup_stm32wb55xx_cm4.o(.text)
    RNG_IRQHandler                           0x0800016b   Thumb Code     0  startup_stm32wb55xx_cm4.o(.text)
    RTC_Alarm_IRQHandler                     0x0800016b   Thumb Code     0  startup_stm32wb55xx_cm4.o(.text)
    SAI1_IRQHandler                          0x0800016b   Thumb Code     0  startup_stm32wb55xx_cm4.o(.text)
    SPI1_IRQHandler                          0x0800016b   Thumb Code     0  startup_stm32wb55xx_cm4.o(.text)
    SPI2_IRQHandler                          0x0800016b   Thumb Code     0  startup_stm32wb55xx_cm4.o(.text)
    TAMP_STAMP_LSECSS_IRQHandler             0x0800016b   Thumb Code     0  startup_stm32wb55xx_cm4.o(.text)
    TIM1_BRK_IRQHandler                      0x0800016b   Thumb Code     0  startup_stm32wb55xx_cm4.o(.text)
    TIM1_CC_IRQHandler                       0x0800016b   Thumb Code     0  startup_stm32wb55xx_cm4.o(.text)
    TIM1_TRG_COM_TIM17_IRQHandler            0x0800016b   Thumb Code     0  startup_stm32wb55xx_cm4.o(.text)
    TIM1_UP_TIM16_IRQHandler                 0x0800016b   Thumb Code     0  startup_stm32wb55xx_cm4.o(.text)
    TIM2_IRQHandler                          0x0800016b   Thumb Code     0  startup_stm32wb55xx_cm4.o(.text)
    TSC_IRQHandler                           0x0800016b   Thumb Code     0  startup_stm32wb55xx_cm4.o(.text)
    USB_HP_IRQHandler                        0x0800016b   Thumb Code     0  startup_stm32wb55xx_cm4.o(.text)
    USB_LP_IRQHandler                        0x0800016b   Thumb Code     0  startup_stm32wb55xx_cm4.o(.text)
    WWDG_IRQHandler                          0x0800016b   Thumb Code     0  startup_stm32wb55xx_cm4.o(.text)
    __aeabi_uldivmod                         0x08000175   Thumb Code    98  uldiv.o(.text)
    __aeabi_memcpy                           0x080001d7   Thumb Code    36  memcpya.o(.text)
    __aeabi_memcpy4                          0x080001d7   Thumb Code     0  memcpya.o(.text)
    __aeabi_memcpy8                          0x080001d7   Thumb Code     0  memcpya.o(.text)
    __aeabi_memset                           0x080001fb   Thumb Code    14  memseta.o(.text)
    __aeabi_memset4                          0x080001fb   Thumb Code     0  memseta.o(.text)
    __aeabi_memset8                          0x080001fb   Thumb Code     0  memseta.o(.text)
    __aeabi_memclr                           0x08000209   Thumb Code     4  memseta.o(.text)
    __aeabi_memclr4                          0x08000209   Thumb Code     0  memseta.o(.text)
    __aeabi_memclr8                          0x08000209   Thumb Code     0  memseta.o(.text)
    _memset$wrapper                          0x0800020d   Thumb Code    18  memseta.o(.text)
    __aeabi_dmul                             0x0800021f   Thumb Code   228  dmul.o(.text)
    __aeabi_ui2d                             0x08000303   Thumb Code    26  dfltui.o(.text)
    __aeabi_uidiv                            0x0800031d   Thumb Code     0  uidiv.o(.text)
    __aeabi_uidivmod                         0x0800031d   Thumb Code    44  uidiv.o(.text)
    __aeabi_llsl                             0x08000349   Thumb Code    30  llshl.o(.text)
    _ll_shift_l                              0x08000349   Thumb Code     0  llshl.o(.text)
    __aeabi_llsr                             0x08000367   Thumb Code    32  llushr.o(.text)
    _ll_ushift_r                             0x08000367   Thumb Code     0  llushr.o(.text)
    __I$use$fp                               0x08000387   Thumb Code     0  iusefp.o(.text)
    _double_round                            0x08000387   Thumb Code    30  depilogue.o(.text)
    _double_epilogue                         0x080003a5   Thumb Code   156  depilogue.o(.text)
    __aeabi_dadd                             0x08000441   Thumb Code   322  dadd.o(.text)
    __aeabi_dsub                             0x08000583   Thumb Code     6  dadd.o(.text)
    __aeabi_drsub                            0x08000589   Thumb Code     6  dadd.o(.text)
    __aeabi_ddiv                             0x0800058f   Thumb Code   222  ddiv.o(.text)
    __aeabi_d2ulz                            0x0800066d   Thumb Code    48  dfixul.o(.text)
    __aeabi_cdrcmple                         0x0800069d   Thumb Code    48  cdrcmple.o(.text)
    __scatterload                            0x080006cd   Thumb Code    38  init.o(.text)
    __scatterload_rt2                        0x080006cd   Thumb Code     0  init.o(.text)
    __aeabi_lasr                             0x080006fd   Thumb Code    36  llsshr.o(.text)
    _ll_sshift_r                             0x080006fd   Thumb Code     0  llsshr.o(.text)
    __decompress                             0x08000721   Thumb Code     0  __dczerorl.o(.text)
    __decompress0                            0x08000721   Thumb Code    58  __dczerorl.o(.text)
    APPD_EnableCPU2                          0x0800075d   Thumb Code    60  app_debug.o(.text.APPD_EnableCPU2)
    APPD_Init                                0x08000799   Thumb Code   380  app_debug.o(.text.APPD_Init)
    APP_BLE_Init                             0x08000b51   Thumb Code  1052  app_ble.o(.text.APP_BLE_Init)
    APP_BLE_Key_Button1_Action               0x08000ff5   Thumb Code     4  app_ble.o(.text.APP_BLE_Key_Button1_Action)
    APP_BLE_Key_Button2_Action               0x08000ff9   Thumb Code    24  app_ble.o(.text.APP_BLE_Key_Button2_Action)
    APP_BLE_Key_Button3_Action               0x08001011   Thumb Code     2  app_ble.o(.text.APP_BLE_Key_Button3_Action)
    BAS_Init                                 0x080011e9   Thumb Code     2  svc_ctl.o(.text.BAS_Init)
    BLS_Init                                 0x0800121d   Thumb Code     2  svc_ctl.o(.text.BLS_Init)
    BSP_LED_Init                             0x08001221   Thumb Code    98  stm32wbxx_nucleo.o(.text.BSP_LED_Init)
    BSP_LED_Off                              0x08001285   Thumb Code    32  stm32wbxx_nucleo.o(.text.BSP_LED_Off)
    BSP_LED_On                               0x080012a5   Thumb Code    32  stm32wbxx_nucleo.o(.text.BSP_LED_On)
    BSP_PB_Init                              0x080012c5   Thumb Code   212  stm32wbxx_nucleo.o(.text.BSP_PB_Init)
    BVOPUS_STM_Init                          0x08001399   Thumb Code     2  svc_ctl.o(.text.BVOPUS_STM_Init)
    BusFault_Handler                         0x0800139d   Thumb Code     2  stm32wbxx_it.o(.text.BusFault_Handler)
    CRS_STM_Init                             0x080013a1   Thumb Code     2  svc_ctl.o(.text.CRS_STM_Init)
    CircularQueue_Add                        0x080013a5   Thumb Code   554  stm_queue.o(.text.CircularQueue_Add)
    CircularQueue_Init                       0x080015d1   Thumb Code    48  stm_queue.o(.text.CircularQueue_Init)
    CircularQueue_Remove                     0x08001601   Thumb Code   210  stm_queue.o(.text.CircularQueue_Remove)
    CircularQueue_Sense                      0x080016d5   Thumb Code   152  stm_queue.o(.text.CircularQueue_Sense)
    DIS_Init                                 0x080017e5   Thumb Code     2  svc_ctl.o(.text.DIS_Init)
    DMA1_Channel4_IRQHandler                 0x080017e9   Thumb Code    12  stm32wbxx_it.o(.text.DMA1_Channel4_IRQHandler)
    DMA2_Channel4_IRQHandler                 0x080017f5   Thumb Code    12  stm32wbxx_it.o(.text.DMA2_Channel4_IRQHandler)
    DbgOutputInit                            0x08001801   Thumb Code     4  app_debug.o(.text.DbgOutputInit)
    DbgOutputTraces                          0x08001805   Thumb Code    12  app_debug.o(.text.DbgOutputTraces)
    DbgTraceInit                             0x08001811   Thumb Code    46  dbg_trace.o(.text.DbgTraceInit)
    DebugMon_Handler                         0x08001899   Thumb Code     2  stm32wbxx_it.o(.text.DebugMon_Handler)
    EDS_STM_Init                             0x0800189d   Thumb Code     2  svc_ctl.o(.text.EDS_STM_Init)
    EXTI0_IRQHandler                         0x080018a1   Thumb Code     6  stm32wbxx_it.o(.text.EXTI0_IRQHandler)
    EXTI1_IRQHandler                         0x080018a9   Thumb Code     6  stm32wbxx_it.o(.text.EXTI1_IRQHandler)
    EXTI4_IRQHandler                         0x080018b1   Thumb Code     6  stm32wbxx_it.o(.text.EXTI4_IRQHandler)
    Error_Handler                            0x080018b9   Thumb Code     2  main.o(.text.Error_Handler)
    HAL_DBGMCU_EnableDBGSleepMode            0x080018bd   Thumb Code    18  stm32wbxx_hal.o(.text.HAL_DBGMCU_EnableDBGSleepMode)
    HAL_DBGMCU_EnableDBGStopMode             0x080018d1   Thumb Code    18  stm32wbxx_hal.o(.text.HAL_DBGMCU_EnableDBGStopMode)
    HAL_DMA_Abort                            0x080018e5   Thumb Code   116  stm32wbxx_hal_dma.o(.text.HAL_DMA_Abort)
    HAL_DMA_Abort_IT                         0x08001959   Thumb Code   110  stm32wbxx_hal_dma.o(.text.HAL_DMA_Abort_IT)
    HAL_DMA_IRQHandler                       0x080019c9   Thumb Code   156  stm32wbxx_hal_dma.o(.text.HAL_DMA_IRQHandler)
    HAL_DMA_Start_IT                         0x08001a65   Thumb Code   226  stm32wbxx_hal_dma.o(.text.HAL_DMA_Start_IT)
    HAL_Delay                                0x08001b49   Thumb Code    22  app_entry.o(.text.HAL_Delay)
    HAL_GPIO_EXTI_Callback                   0x08001b61   Thumb Code    26  app_entry.o(.text.HAL_GPIO_EXTI_Callback)
    HAL_GPIO_EXTI_IRQHandler                 0x08001b7d   Thumb Code    22  stm32wbxx_hal_gpio.o(.text.HAL_GPIO_EXTI_IRQHandler)
    HAL_GPIO_Init                            0x08001b95   Thumb Code   386  stm32wbxx_hal_gpio.o(.text.HAL_GPIO_Init)
    HAL_GPIO_WritePin                        0x08001d19   Thumb Code    12  stm32wbxx_hal_gpio.o(.text.HAL_GPIO_WritePin)
    HAL_GetTick                              0x08001d25   Thumb Code    12  stm32wbxx_hal.o(.text.HAL_GetTick)
    HAL_GetTickFreq                          0x08001d31   Thumb Code    12  stm32wbxx_hal.o(.text.HAL_GetTickFreq)
    HAL_GetTickPrio                          0x08001d3d   Thumb Code    12  stm32wbxx_hal.o(.text.HAL_GetTickPrio)
    HAL_IPCC_Init                            0x08001d49   Thumb Code   106  stm32wbxx_hal_ipcc.o(.text.HAL_IPCC_Init)
    HAL_IPCC_MspInit                         0x08001db5   Thumb Code    78  stm32wbxx_hal_msp.o(.text.HAL_IPCC_MspInit)
    HAL_IPCC_RxCallback                      0x08001e05   Thumb Code     2  stm32wbxx_hal_ipcc.o(.text.HAL_IPCC_RxCallback)
    HAL_IPCC_TxCallback                      0x08001e09   Thumb Code     2  stm32wbxx_hal_ipcc.o(.text.HAL_IPCC_TxCallback)
    HAL_IncTick                              0x08001e0d   Thumb Code    26  stm32wbxx_hal.o(.text.HAL_IncTick)
    HAL_Init                                 0x08001e29   Thumb Code    46  stm32wbxx_hal.o(.text.HAL_Init)
    HAL_InitTick                             0x08001e59   Thumb Code    84  stm32wbxx_hal.o(.text.HAL_InitTick)
    HAL_MspInit                              0x08001ead   Thumb Code    50  stm32wbxx_hal_msp.o(.text.HAL_MspInit)
    HAL_NVIC_ClearPendingIRQ                 0x08001ee1   Thumb Code    34  stm32wbxx_hal_cortex.o(.text.HAL_NVIC_ClearPendingIRQ)
    HAL_NVIC_DisableIRQ                      0x08001f05   Thumb Code    42  stm32wbxx_hal_cortex.o(.text.HAL_NVIC_DisableIRQ)
    HAL_NVIC_EnableIRQ                       0x08001f31   Thumb Code    34  stm32wbxx_hal_cortex.o(.text.HAL_NVIC_EnableIRQ)
    HAL_NVIC_SetPendingIRQ                   0x08001f55   Thumb Code    34  stm32wbxx_hal_cortex.o(.text.HAL_NVIC_SetPendingIRQ)
    HAL_NVIC_SetPriority                     0x08001f79   Thumb Code    86  stm32wbxx_hal_cortex.o(.text.HAL_NVIC_SetPriority)
    HAL_NVIC_SetPriorityGrouping             0x08001fd1   Thumb Code    32  stm32wbxx_hal_cortex.o(.text.HAL_NVIC_SetPriorityGrouping)
    HAL_PWREx_GetVoltageRange                0x08001ff1   Thumb Code    16  stm32wbxx_hal_pwr_ex.o(.text.HAL_PWREx_GetVoltageRange)
    HAL_PWR_EnableBkUpAccess                 0x08002001   Thumb Code    18  stm32wbxx_hal_pwr.o(.text.HAL_PWR_EnableBkUpAccess)
    HAL_RCCEx_PeriphCLKConfig                0x08002015   Thumb Code  1130  stm32wbxx_hal_rcc_ex.o(.text.HAL_RCCEx_PeriphCLKConfig)
    HAL_RCC_ClockConfig                      0x08002481   Thumb Code   530  stm32wbxx_hal_rcc.o(.text.HAL_RCC_ClockConfig)
    HAL_RCC_GetHCLKFreq                      0x08002695   Thumb Code   200  stm32wbxx_hal_rcc.o(.text.HAL_RCC_GetHCLKFreq)
    HAL_RCC_OscConfig                        0x0800275d   Thumb Code  1614  stm32wbxx_hal_rcc.o(.text.HAL_RCC_OscConfig)
    HAL_RTCEx_EnableBypassShadow             0x08002dad   Thumb Code    54  stm32wbxx_hal_rtc_ex.o(.text.HAL_RTCEx_EnableBypassShadow)
    HAL_RTCEx_SetWakeUpTimer_IT              0x08002de5   Thumb Code   234  stm32wbxx_hal_rtc_ex.o(.text.HAL_RTCEx_SetWakeUpTimer_IT)
    HAL_RTC_Init                             0x08002ed1   Thumb Code   290  stm32wbxx_hal_rtc.o(.text.HAL_RTC_Init)
    HAL_RTC_MspInit                          0x08002ff5   Thumb Code   116  stm32wbxx_hal_msp.o(.text.HAL_RTC_MspInit)
    HAL_SYSTICK_Config                       0x08003069   Thumb Code    44  stm32wbxx_hal_cortex.o(.text.HAL_SYSTICK_Config)
    HAL_UARTEx_RxEventCallback               0x08003095   Thumb Code     2  stm32wbxx_hal_uart.o(.text.HAL_UARTEx_RxEventCallback)
    HAL_UARTEx_RxFifoFullCallback            0x08003099   Thumb Code     2  stm32wbxx_hal_uart_ex.o(.text.HAL_UARTEx_RxFifoFullCallback)
    HAL_UARTEx_TxFifoEmptyCallback           0x0800309d   Thumb Code     2  stm32wbxx_hal_uart_ex.o(.text.HAL_UARTEx_TxFifoEmptyCallback)
    HAL_UARTEx_WakeupCallback                0x080030a1   Thumb Code     2  stm32wbxx_hal_uart_ex.o(.text.HAL_UARTEx_WakeupCallback)
    HAL_UART_ErrorCallback                   0x080030a5   Thumb Code     2  stm32wbxx_hal_uart.o(.text.HAL_UART_ErrorCallback)
    HAL_UART_IRQHandler                      0x080030a9   Thumb Code   942  stm32wbxx_hal_uart.o(.text.HAL_UART_IRQHandler)
    HAL_UART_Transmit_DMA                    0x08003459   Thumb Code   170  stm32wbxx_hal_uart.o(.text.HAL_UART_Transmit_DMA)
    HAL_UART_TxCpltCallback                  0x08003505   Thumb Code    54  hw_uart.o(.text.HAL_UART_TxCpltCallback)
    HAL_UART_TxHalfCpltCallback              0x0800353d   Thumb Code     2  stm32wbxx_hal_uart.o(.text.HAL_UART_TxHalfCpltCallback)
    HIDS_Init                                0x08003541   Thumb Code     2  svc_ctl.o(.text.HIDS_Init)
    HRS_Init                                 0x08003545   Thumb Code     2  svc_ctl.o(.text.HRS_Init)
    HTS_Init                                 0x08003549   Thumb Code     2  svc_ctl.o(.text.HTS_Init)
    HW_IPCC_BLE_AclDataAckNot                0x0800354d   Thumb Code    12  tl_mbox.o(.text.HW_IPCC_BLE_AclDataAckNot)
    HW_IPCC_BLE_Init                         0x08003559   Thumb Code    32  hw_ipcc.o(.text.HW_IPCC_BLE_Init)
    HW_IPCC_BLE_RxEvtNot                     0x08003579   Thumb Code    64  tl_mbox.o(.text.HW_IPCC_BLE_RxEvtNot)
    HW_IPCC_BLE_SendCmd                      0x080035b9   Thumb Code    16  hw_ipcc.o(.text.HW_IPCC_BLE_SendCmd)
    HW_IPCC_Enable                           0x080035c9   Thumb Code    76  hw_ipcc.o(.text.HW_IPCC_Enable)
    HW_IPCC_Init                             0x08003615   Thumb Code    72  hw_ipcc.o(.text.HW_IPCC_Init)
    HW_IPCC_MM_SendFreeBuf                   0x0800365d   Thumb Code    60  hw_ipcc.o(.text.HW_IPCC_MM_SendFreeBuf)
    HW_IPCC_Rx_Handler                       0x08003699   Thumb Code    74  hw_ipcc.o(.text.HW_IPCC_Rx_Handler)
    HW_IPCC_SYS_CmdEvtNot                    0x080036e5   Thumb Code    26  tl_mbox.o(.text.HW_IPCC_SYS_CmdEvtNot)
    HW_IPCC_SYS_EvtNot                       0x08003701   Thumb Code    64  tl_mbox.o(.text.HW_IPCC_SYS_EvtNot)
    HW_IPCC_SYS_Init                         0x08003741   Thumb Code    32  hw_ipcc.o(.text.HW_IPCC_SYS_Init)
    HW_IPCC_SYS_SendCmd                      0x08003761   Thumb Code    38  hw_ipcc.o(.text.HW_IPCC_SYS_SendCmd)
    HW_IPCC_TRACES_EvtNot                    0x08003789   Thumb Code    56  tl_mbox.o(.text.HW_IPCC_TRACES_EvtNot)
    HW_IPCC_TRACES_Init                      0x080037c1   Thumb Code    32  hw_ipcc.o(.text.HW_IPCC_TRACES_Init)
    HW_IPCC_Tx_Handler                       0x080037e1   Thumb Code   154  hw_ipcc.o(.text.HW_IPCC_Tx_Handler)
    HW_TS_Create                             0x0800387d   Thumb Code    92  hw_timerserver.o(.text.HW_TS_Create)
    HW_TS_Init                               0x080038d9   Thumb Code   316  hw_timerserver.o(.text.HW_TS_Init)
    HW_TS_RTC_Int_AppNot                     0x08003a15   Thumb Code     2  hw_timerserver.o(.text.HW_TS_RTC_Int_AppNot)
    HW_TS_RTC_Wakeup_Handler                 0x08003a19   Thumb Code   272  hw_timerserver.o(.text.HW_TS_RTC_Wakeup_Handler)
    HW_TS_Start                              0x08003b29   Thumb Code   446  hw_timerserver.o(.text.HW_TS_Start)
    HW_TS_Stop                               0x08003ce9   Thumb Code   272  hw_timerserver.o(.text.HW_TS_Stop)
    HW_UART_Transmit_DMA                     0x08003df9   Thumb Code    88  hw_uart.o(.text.HW_UART_Transmit_DMA)
    HardFault_Handler                        0x08003e51   Thumb Code     2  stm32wbxx_it.o(.text.HardFault_Handler)
    IAS_Init                                 0x08003e55   Thumb Code     2  svc_ctl.o(.text.IAS_Init)
    IPCC_C1_RX_IRQHandler                    0x08003e59   Thumb Code     4  stm32wbxx_it.o(.text.IPCC_C1_RX_IRQHandler)
    IPCC_C1_TX_IRQHandler                    0x08003e5d   Thumb Code     4  stm32wbxx_it.o(.text.IPCC_C1_TX_IRQHandler)
    LLS_Init                                 0x08003f0d   Thumb Code     2  svc_ctl.o(.text.LLS_Init)
    LPUART1_IRQHandler                       0x08003f11   Thumb Code    12  stm32wbxx_it.o(.text.LPUART1_IRQHandler)
    LST_init_head                            0x08003f1d   Thumb Code     6  stm_list.o(.text.LST_init_head)
    LST_insert_head                          0x08003f25   Thumb Code    28  stm_list.o(.text.LST_insert_head)
    LST_insert_tail                          0x08003f41   Thumb Code    28  stm_list.o(.text.LST_insert_tail)
    LST_is_empty                             0x08003f5d   Thumb Code    26  stm_list.o(.text.LST_is_empty)
    LST_remove_head                          0x08003f79   Thumb Code    46  stm_list.o(.text.LST_remove_head)
    MESH_Init                                0x08003fa9   Thumb Code     2  svc_ctl.o(.text.MESH_Init)
    MOTENV_STM_Init                          0x08003fad   Thumb Code     2  svc_ctl.o(.text.MOTENV_STM_Init)
    MX_APPE_Config                           0x08003fb1   Thumb Code   166  app_entry.o(.text.MX_APPE_Config)
    MX_APPE_Init                             0x08004059   Thumb Code   262  app_entry.o(.text.MX_APPE_Init)
    MX_APPE_Process                          0x08004161   Thumb Code     8  app_entry.o(.text.MX_APPE_Process)
    MX_USART1_UART_Init                      0x08004169   Thumb Code     2  main.o(.text.MX_USART1_UART_Init)
    MemManage_Handler                        0x0800416d   Thumb Code     2  stm32wbxx_it.o(.text.MemManage_Handler)
    NMI_Handler                              0x08004171   Thumb Code     2  stm32wbxx_it.o(.text.NMI_Handler)
    OTAS_STM_Init                            0x08004175   Thumb Code     2  svc_ctl.o(.text.OTAS_STM_Init)
    OTP_Read                                 0x08004179   Thumb Code    40  otp.o(.text.OTP_Read)
    Osal_MemCpy                              0x080041a1   Thumb Code    12  osal.o(.text.Osal_MemCpy)
    Osal_MemSet                              0x080041ad   Thumb Code    18  osal.o(.text.Osal_MemSet)
    P2PS_APP_Init                            0x080041c1   Thumb Code    58  p2p_server_app.o(.text.P2PS_APP_Init)
    P2PS_APP_Notification                    0x080041fd   Thumb Code    50  p2p_server_app.o(.text.P2PS_APP_Notification)
    P2PS_APP_SW1_Button_Action               0x08004231   Thumb Code     8  p2p_server_app.o(.text.P2PS_APP_SW1_Button_Action)
    P2PS_STM_App_Notification                0x08004239   Thumb Code   288  p2p_server_app.o(.text.P2PS_STM_App_Notification)
    P2PS_STM_App_Update_Char                 0x080043d1   Thumb Code    46  p2p_stm.o(.text.P2PS_STM_App_Update_Char)
    P2PS_STM_Init                            0x08004401   Thumb Code   206  p2p_stm.o(.text.P2PS_STM_Init)
    PendSV_Handler                           0x080045fd   Thumb Code     2  stm32wbxx_it.o(.text.PendSV_Handler)
    RTC_WKUP_IRQHandler                      0x080046e5   Thumb Code     4  stm32wbxx_it.o(.text.RTC_WKUP_IRQHandler)
    SHCI_C2_BLE_Init                         0x08004885   Thumb Code    28  shci.o(.text.SHCI_C2_BLE_Init)
    SHCI_C2_Config                           0x080048a1   Thumb Code    26  shci.o(.text.SHCI_C2_Config)
    SHCI_C2_DEBUG_Init                       0x080048bd   Thumb Code    28  shci.o(.text.SHCI_C2_DEBUG_Init)
    SHCI_GetWirelessFwInfo                   0x080048d9   Thumb Code   160  shci.o(.text.SHCI_GetWirelessFwInfo)
    SVCCTL_App_Notification                  0x08004979   Thumb Code  1032  app_ble.o(.text.SVCCTL_App_Notification)
    SVCCTL_Init                              0x08004e11   Thumb Code    26  svc_ctl.o(.text.SVCCTL_Init)
    SVCCTL_InitCustomSvc                     0x08004e2d   Thumb Code     2  svc_ctl.o(.text.SVCCTL_InitCustomSvc)
    SVCCTL_RegisterSvcHandler                0x08004e31   Thumb Code    20  svc_ctl.o(.text.SVCCTL_RegisterSvcHandler)
    SVCCTL_SvcInit                           0x08004e45   Thumb Code    78  svc_ctl.o(.text.SVCCTL_SvcInit)
    SVCCTL_UserEvtRx                         0x08004e95   Thumb Code    90  svc_ctl.o(.text.SVCCTL_UserEvtRx)
    SVC_Handler                              0x08004ef1   Thumb Code     2  stm32wbxx_it.o(.text.SVC_Handler)
    SysTick_Handler                          0x08004f41   Thumb Code     4  stm32wbxx_it.o(.text.SysTick_Handler)
    SystemInit                               0x08004f45   Thumb Code   110  system_stm32wbxx.o(.text.SystemInit)
    TL_BLE_Init                              0x08004fb5   Thumb Code    78  tl_mbox.o(.text.TL_BLE_Init)
    TL_BLE_SendCmd                           0x08005005   Thumb Code    28  tl_mbox.o(.text.TL_BLE_SendCmd)
    TL_Enable                                0x08005021   Thumb Code     4  tl_mbox.o(.text.TL_Enable)
    TL_Init                                  0x08005025   Thumb Code   112  tl_mbox.o(.text.TL_Init)
    TL_MM_EvtDone                            0x08005095   Thumb Code    32  tl_mbox.o(.text.TL_MM_EvtDone)
    TL_MM_Init                               0x080050b5   Thumb Code    74  tl_mbox.o(.text.TL_MM_Init)
    TL_SYS_Init                              0x08005101   Thumb Code    66  tl_mbox.o(.text.TL_SYS_Init)
    TL_SYS_SendCmd                           0x08005145   Thumb Code    28  tl_mbox.o(.text.TL_SYS_SendCmd)
    TL_TRACES_EvtReceived                    0x08005161   Thumb Code     2  tl_mbox.o(.text.TL_TRACES_EvtReceived)
    TL_TRACES_Init                           0x08005165   Thumb Code    36  tl_mbox.o(.text.TL_TRACES_Init)
    TPS_Init                                 0x08005189   Thumb Code     2  svc_ctl.o(.text.TPS_Init)
    USART1_IRQHandler                        0x08005309   Thumb Code    12  stm32wbxx_it.o(.text.USART1_IRQHandler)
    UTIL_LPM_Init                            0x08005315   Thumb Code    24  stm32_lpm.o(.text.UTIL_LPM_Init)
    UTIL_LPM_SetOffMode                      0x0800532d   Thumb Code    44  stm32_lpm.o(.text.UTIL_LPM_SetOffMode)
    UTIL_SEQ_CatchWarning                    0x08005359   Thumb Code     2  stm32_seq.o(.text.UTIL_SEQ_CatchWarning)
    UTIL_SEQ_EvtIdle                         0x0800535d   Thumb Code     6  stm32_seq.o(.text.UTIL_SEQ_EvtIdle)
    UTIL_SEQ_Idle                            0x08005365   Thumb Code     2  app_entry.o(.text.UTIL_SEQ_Idle)
    UTIL_SEQ_PauseTask                       0x08005369   Thumb Code    32  stm32_seq.o(.text.UTIL_SEQ_PauseTask)
    UTIL_SEQ_PostIdle                        0x08005389   Thumb Code     2  stm32_seq.o(.text.UTIL_SEQ_PostIdle)
    UTIL_SEQ_PostTask                        0x0800538d   Thumb Code     2  stm32_seq.o(.text.UTIL_SEQ_PostTask)
    UTIL_SEQ_PreIdle                         0x08005391   Thumb Code     2  stm32_seq.o(.text.UTIL_SEQ_PreIdle)
    UTIL_SEQ_PreTask                         0x08005395   Thumb Code     2  stm32_seq.o(.text.UTIL_SEQ_PreTask)
    UTIL_SEQ_RegTask                         0x08005399   Thumb Code    38  stm32_seq.o(.text.UTIL_SEQ_RegTask)
    UTIL_SEQ_ResumeTask                      0x080053c1   Thumb Code    30  stm32_seq.o(.text.UTIL_SEQ_ResumeTask)
    UTIL_SEQ_Run                             0x080053e1   Thumb Code   546  stm32_seq.o(.text.UTIL_SEQ_Run)
    UTIL_SEQ_SetEvt                          0x08005605   Thumb Code    30  stm32_seq.o(.text.UTIL_SEQ_SetEvt)
    UTIL_SEQ_SetTask                         0x08005625   Thumb Code    52  stm32_seq.o(.text.UTIL_SEQ_SetTask)
    UTIL_SEQ_WaitEvt                         0x08005659   Thumb Code   110  stm32_seq.o(.text.UTIL_SEQ_WaitEvt)
    UsageFault_Handler                       0x080056c9   Thumb Code     2  stm32wbxx_it.o(.text.UsageFault_Handler)
    ZDD_STM_Init                             0x080056cd   Thumb Code     2  svc_ctl.o(.text.ZDD_STM_Init)
    aci_gap_allow_rebond                     0x080056d1   Thumb Code    74  ble_gap_aci.o(.text.aci_gap_allow_rebond)
    aci_gap_configure_filter_accept_list     0x0800571d   Thumb Code    64  ble_gap_aci.o(.text.aci_gap_configure_filter_accept_list)
    aci_gap_init                             0x0800575d   Thumb Code   142  ble_gap_aci.o(.text.aci_gap_init)
    aci_gap_numeric_comparison_value_confirm_yesno 0x080057ed   Thumb Code    80  ble_gap_aci.o(.text.aci_gap_numeric_comparison_value_confirm_yesno)
    aci_gap_pass_key_resp                    0x0800583d   Thumb Code    80  ble_gap_aci.o(.text.aci_gap_pass_key_resp)
    aci_gap_set_authentication_requirement   0x0800588d   Thumb Code   120  ble_gap_aci.o(.text.aci_gap_set_authentication_requirement)
    aci_gap_set_discoverable                 0x08005905   Thumb Code   158  ble_gap_aci.o(.text.aci_gap_set_discoverable)
    aci_gap_set_io_capability                0x080059a5   Thumb Code    72  ble_gap_aci.o(.text.aci_gap_set_io_capability)
    aci_gap_set_non_discoverable             0x080059ed   Thumb Code    64  ble_gap_aci.o(.text.aci_gap_set_non_discoverable)
    aci_gap_update_adv_data                  0x08005a2d   Thumb Code    86  ble_gap_aci.o(.text.aci_gap_update_adv_data)
    aci_gatt_add_char                        0x08005a85   Thumb Code   222  ble_gatt_aci.o(.text.aci_gatt_add_char)
    aci_gatt_add_service                     0x08005b65   Thumb Code   190  ble_gatt_aci.o(.text.aci_gatt_add_service)
    aci_gatt_confirm_indication              0x08005c25   Thumb Code    74  ble_gatt_aci.o(.text.aci_gatt_confirm_indication)
    aci_gatt_init                            0x08005c71   Thumb Code    64  ble_gatt_aci.o(.text.aci_gatt_init)
    aci_gatt_update_char_value               0x08005cb1   Thumb Code   104  ble_gatt_aci.o(.text.aci_gatt_update_char_value)
    aci_hal_set_radio_activity_mask          0x08005d19   Thumb Code    74  ble_hal_aci.o(.text.aci_hal_set_radio_activity_mask)
    aci_hal_set_tx_power_level               0x08005d65   Thumb Code    80  ble_hal_aci.o(.text.aci_hal_set_tx_power_level)
    aci_hal_write_config_data                0x08005db5   Thumb Code    92  ble_hal_aci.o(.text.aci_hal_write_config_data)
    aci_l2cap_connection_parameter_update_req 0x08005e11   Thumb Code   100  ble_l2cap_aci.o(.text.aci_l2cap_connection_parameter_update_req)
    fputc                                    0x08005e75   Thumb Code    88  dbg_trace.o(.text.fputc)
    hci_cmd_resp_release                     0x08005ecd   Thumb Code     6  app_ble.o(.text.hci_cmd_resp_release)
    hci_cmd_resp_wait                        0x08005ed5   Thumb Code     6  app_ble.o(.text.hci_cmd_resp_wait)
    hci_init                                 0x08005edd   Thumb Code   106  hci_tl.o(.text.hci_init)
    hci_le_read_phy                          0x08005f49   Thumb Code   118  ble_hci_le.o(.text.hci_le_read_phy)
    hci_le_set_default_phy                   0x08005fc1   Thumb Code    84  ble_hci_le.o(.text.hci_le_set_default_phy)
    hci_notify_asynch_evt                    0x08006015   Thumb Code     8  app_ble.o(.text.hci_notify_asynch_evt)
    hci_register_io_bus                      0x0800601d   Thumb Code    22  hci_tl_if.o(.text.hci_register_io_bus)
    hci_reset                                0x08006035   Thumb Code    62  ble_hci_le.o(.text.hci_reset)
    hci_send_req                             0x08006075   Thumb Code   244  hci_tl.o(.text.hci_send_req)
    hci_user_evt_proc                        0x08006169   Thumb Code   134  hci_tl.o(.text.hci_user_evt_proc)
    main                                     0x080061f1   Thumb Code   402  main.o(.text.main)
    shci_cmd_resp_release                    0x08006385   Thumb Code     6  app_entry.o(.text.shci_cmd_resp_release)
    shci_cmd_resp_wait                       0x0800638d   Thumb Code     6  app_entry.o(.text.shci_cmd_resp_wait)
    shci_init                                0x08006395   Thumb Code   122  shci_tl.o(.text.shci_init)
    shci_notify_asynch_evt                   0x08006411   Thumb Code     8  app_entry.o(.text.shci_notify_asynch_evt)
    shci_register_io_bus                     0x08006419   Thumb Code    22  shci_tl_if.o(.text.shci_register_io_bus)
    shci_send                                0x08006431   Thumb Code   144  shci_tl.o(.text.shci_send)
    shci_user_evt_proc                       0x080064c1   Thumb Code   134  shci_tl.o(.text.shci_user_evt_proc)
    __0printf                                0x08006549   Thumb Code    22  printfa.o(i.__0printf)
    __1printf                                0x08006549   Thumb Code     0  printfa.o(i.__0printf)
    __2printf                                0x08006549   Thumb Code     0  printfa.o(i.__0printf)
    __c89printf                              0x08006549   Thumb Code     0  printfa.o(i.__0printf)
    printf                                   0x08006549   Thumb Code     0  printfa.o(i.__0printf)
    __scatterload_copy                       0x08006569   Thumb Code    14  handlers.o(i.__scatterload_copy)
    __scatterload_null                       0x08006577   Thumb Code     2  handlers.o(i.__scatterload_null)
    __scatterload_zeroinit                   0x08006579   Thumb Code    14  handlers.o(i.__scatterload_zeroinit)
    putchar                                  0x08006e3d   Thumb Code     6  putchar.o(i.putchar)
    puts                                     0x08006e49   Thumb Code    30  puts.o(i.puts)
    AHBPrescTable                            0x08006ec4   Data          64  system_stm32wbxx.o(.rodata.AHBPrescTable)
    BUTTON_IRQn                              0x08006f04   Data           3  stm32wbxx_nucleo.o(.rodata.BUTTON_IRQn)
    BUTTON_PIN                               0x08006f08   Data           6  stm32wbxx_nucleo.o(.rodata.BUTTON_PIN)
    GPIO_PIN                                 0x08006f0e   Data           6  stm32wbxx_nucleo.o(.rodata.GPIO_PIN)
    MSIRangeTable                            0x08006f14   Data          64  system_stm32wbxx.o(.rodata.MSIRangeTable)
    Region$$Table$$Base                      0x08007fdc   Number         0  anon$$obj.o(Region$$Table)
    Region$$Table$$Limit                     0x0800801c   Number         0  anon$$obj.o(Region$$Table)
    __stdout                                 0x20000008   Data           4  stdout.o(.data)
    BUTTON_PORT                              0x2000000c   Data          12  stm32wbxx_nucleo.o(.data.BUTTON_PORT)
    DbgTracePeripheralReady                  0x20000018   Data           1  dbg_trace.o(.data.DbgTracePeripheralReady)
    GPIO_PORT                                0x2000001c   Data          12  stm32wbxx_nucleo.o(.data.GPIO_PORT)
    SystemCoreClock                          0x20000030   Data           4  system_stm32wbxx.o(.data.SystemCoreClock)
    a_ManufData                              0x20000038   Data          14  app_ble.o(.data.a_ManufData)
    uwTickFreq                               0x20000046   Data           1  stm32wbxx_hal.o(.data.uwTickFreq)
    uwTickPrio                               0x20000048   Data           4  stm32wbxx_hal.o(.data.uwTickPrio)
    UserEventFlow                            0x20000054   Data           1  hci_tl.o(BLE_DRIVER_CONTEXT)
    SVCCTL_EvtHandler                        0x2000005c   Data           8  svc_ctl.o(BLE_DRIVER_CONTEXT)
    SVCCTL_CltHandler                        0x20000064   Data           1  svc_ctl.o(BLE_DRIVER_CONTEXT)
    SHCI_TL_UserEventFlow                    0x20000074   Data           1  shci_tl.o(SYSTEM_DRIVER_CONTEXT)
    HW_hlpuart1TxCb                          0x20000124   Data           4  hw_uart.o(.bss.HW_hlpuart1TxCb)
    HW_huart1TxCb                            0x20000128   Data           4  hw_uart.o(.bss.HW_huart1TxCb)
    HandleNotification                       0x2000012c   Data           4  app_ble.o(.bss.HandleNotification)
    hdma_lpuart1_tx                          0x200012dc   Data          96  main.o(.bss.hdma_lpuart1_tx)
    hdma_usart1_tx                           0x2000133c   Data          96  main.o(.bss.hdma_usart1_tx)
    hipcc                                    0x2000139c   Data          60  main.o(.bss.hipcc)
    hlpuart1                                 0x200013d8   Data         148  main.o(.bss.hlpuart1)
    hrtc                                     0x2000146c   Data          36  main.o(.bss.hrtc)
    huart1                                   0x20001490   Data         148  main.o(.bss.huart1)
    index_con_int                            0x20001524   Data           1  app_ble.o(.bss.index_con_int)
    mutex                                    0x20001526   Data           1  app_ble.o(.bss.mutex)
    uwTick                                   0x20001548   Data           4  stm32wbxx_hal.o(.bss.uwTick)
    __initial_sp                             0x20002550   Data           0  startup_stm32wb55xx_cm4.o(STACK)



==============================================================================

Memory Map of the image

  Image Entry point : 0x0800013d

  Load Region LR_IROM1 (Base: 0x08000000, Size: 0x00008b00, Max: 0x00080000, ABSOLUTE, COMPRESSED[0x000080d8])

    Execution Region ER_IROM1 (Exec base: 0x08000000, Load base: 0x08000000, Size: 0x0000801c, Max: 0x00080000, ABSOLUTE)

    Exec Addr    Load Addr    Size         Type   Attr      Idx    E Section Name        Object

    0x08000000   0x08000000   0x0000013c   Data   RO            3    RESET               startup_stm32wb55xx_cm4.o
    0x0800013c   0x0800013c   0x00000000   Code   RO         2317  * .ARM.Collect$$$$00000000  mc_w.l(entry.o)
    0x0800013c   0x0800013c   0x00000004   Code   RO         2614    .ARM.Collect$$$$00000001  mc_w.l(entry2.o)
    0x08000140   0x08000140   0x00000004   Code   RO         2617    .ARM.Collect$$$$00000004  mc_w.l(entry5.o)
    0x08000144   0x08000144   0x00000000   Code   RO         2619    .ARM.Collect$$$$00000008  mc_w.l(entry7b.o)
    0x08000144   0x08000144   0x00000000   Code   RO         2621    .ARM.Collect$$$$0000000A  mc_w.l(entry8b.o)
    0x08000144   0x08000144   0x00000008   Code   RO         2622    .ARM.Collect$$$$0000000B  mc_w.l(entry9a.o)
    0x0800014c   0x0800014c   0x00000000   Code   RO         2624    .ARM.Collect$$$$0000000D  mc_w.l(entry10a.o)
    0x0800014c   0x0800014c   0x00000000   Code   RO         2626    .ARM.Collect$$$$0000000F  mc_w.l(entry11a.o)
    0x0800014c   0x0800014c   0x00000004   Code   RO         2615    .ARM.Collect$$$$00002712  mc_w.l(entry2.o)
    0x08000150   0x08000150   0x00000024   Code   RO            4    .text               startup_stm32wb55xx_cm4.o
    0x08000174   0x08000174   0x00000062   Code   RO         2335    .text               mc_w.l(uldiv.o)
    0x080001d6   0x080001d6   0x00000024   Code   RO         2339    .text               mc_w.l(memcpya.o)
    0x080001fa   0x080001fa   0x00000024   Code   RO         2341    .text               mc_w.l(memseta.o)
    0x0800021e   0x0800021e   0x000000e4   Code   RO         2610    .text               mf_w.l(dmul.o)
    0x08000302   0x08000302   0x0000001a   Code   RO         2612    .text               mf_w.l(dfltui.o)
    0x0800031c   0x0800031c   0x0000002c   Code   RO         2638    .text               mc_w.l(uidiv.o)
    0x08000348   0x08000348   0x0000001e   Code   RO         2640    .text               mc_w.l(llshl.o)
    0x08000366   0x08000366   0x00000020   Code   RO         2642    .text               mc_w.l(llushr.o)
    0x08000386   0x08000386   0x00000000   Code   RO         2644    .text               mc_w.l(iusefp.o)
    0x08000386   0x08000386   0x000000ba   Code   RO         2645    .text               mf_w.l(depilogue.o)
    0x08000440   0x08000440   0x0000014e   Code   RO         2647    .text               mf_w.l(dadd.o)
    0x0800058e   0x0800058e   0x000000de   Code   RO         2649    .text               mf_w.l(ddiv.o)
    0x0800066c   0x0800066c   0x00000030   Code   RO         2651    .text               mf_w.l(dfixul.o)
    0x0800069c   0x0800069c   0x00000030   Code   RO         2653    .text               mf_w.l(cdrcmple.o)
    0x080006cc   0x080006cc   0x00000030   Code   RO         2655    .text               mc_w.l(init.o)
    0x080006fc   0x080006fc   0x00000024   Code   RO         2657    .text               mc_w.l(llsshr.o)
    0x08000720   0x08000720   0x0000003a   Code   RO         2667    .text               mc_w.l(__dczerorl.o)
    0x0800075a   0x0800075a   0x00000002   PAD
    0x0800075c   0x0800075c   0x0000003c   Code   RO           40    .text.APPD_EnableCPU2  app_debug.o
    0x08000798   0x08000798   0x0000017c   Code   RO           38    .text.APPD_Init     app_debug.o
    0x08000914   0x08000914   0x00000002   Code   RO           79    .text.APPE_SysStatusNot  app_entry.o
    0x08000916   0x08000916   0x00000002   PAD
    0x08000918   0x08000918   0x00000238   Code   RO           81    .text.APPE_SysUserEvtRx  app_entry.o
    0x08000b50   0x08000b50   0x000004a4   Code   RO          252    .text.APP_BLE_Init  app_ble.o
    0x08000ff4   0x08000ff4   0x00000004   Code   RO          270    .text.APP_BLE_Key_Button1_Action  app_ble.o
    0x08000ff8   0x08000ff8   0x00000018   Code   RO          272    .text.APP_BLE_Key_Button2_Action  app_ble.o
    0x08001010   0x08001010   0x00000002   Code   RO          274    .text.APP_BLE_Key_Button3_Action  app_ble.o
    0x08001012   0x08001012   0x00000002   PAD
    0x08001014   0x08001014   0x00000088   Code   RO          254    .text.Adv_Cancel    app_ble.o
    0x0800109c   0x0800109c   0x00000008   Code   RO          258    .text.Adv_Cancel_Req  app_ble.o
    0x080010a4   0x080010a4   0x00000144   Code   RO          264    .text.Adv_Request   app_ble.o
    0x080011e8   0x080011e8   0x00000002   Code   RO         2124    .text.BAS_Init      svc_ctl.o
    0x080011ea   0x080011ea   0x00000002   PAD
    0x080011ec   0x080011ec   0x00000016   Code   RO          284    .text.BLE_StatusNot  app_ble.o
    0x08001202   0x08001202   0x00000002   PAD
    0x08001204   0x08001204   0x00000016   Code   RO          286    .text.BLE_UserEvtRx  app_ble.o
    0x0800121a   0x0800121a   0x00000002   PAD
    0x0800121c   0x0800121c   0x00000002   Code   RO         2126    .text.BLS_Init      svc_ctl.o
    0x0800121e   0x0800121e   0x00000002   PAD
    0x08001220   0x08001220   0x00000062   Code   RO          378    .text.BSP_LED_Init  stm32wbxx_nucleo.o
    0x08001282   0x08001282   0x00000002   PAD
    0x08001284   0x08001284   0x00000020   Code   RO          384    .text.BSP_LED_Off   stm32wbxx_nucleo.o
    0x080012a4   0x080012a4   0x00000020   Code   RO          382    .text.BSP_LED_On    stm32wbxx_nucleo.o
    0x080012c4   0x080012c4   0x000000d4   Code   RO          388    .text.BSP_PB_Init   stm32wbxx_nucleo.o
    0x08001398   0x08001398   0x00000002   Code   RO         2156    .text.BVOPUS_STM_Init  svc_ctl.o
    0x0800139a   0x0800139a   0x00000002   PAD
    0x0800139c   0x0800139c   0x00000002   Code   RO          187    .text.BusFault_Handler  stm32wbxx_it.o
    0x0800139e   0x0800139e   0x00000002   PAD
    0x080013a0   0x080013a0   0x00000002   Code   RO         2128    .text.CRS_STM_Init  svc_ctl.o
    0x080013a2   0x080013a2   0x00000002   PAD
    0x080013a4   0x080013a4   0x0000022a   Code   RO         2102    .text.CircularQueue_Add  stm_queue.o
    0x080015ce   0x080015ce   0x00000002   PAD
    0x080015d0   0x080015d0   0x00000030   Code   RO         2100    .text.CircularQueue_Init  stm_queue.o
    0x08001600   0x08001600   0x000000d2   Code   RO         2106    .text.CircularQueue_Remove  stm_queue.o
    0x080016d2   0x080016d2   0x00000002   PAD
    0x080016d4   0x080016d4   0x00000098   Code   RO         2110    .text.CircularQueue_Sense  stm_queue.o
    0x0800176c   0x0800176c   0x00000076   Code   RO          256    .text.Connection_Interval_Update_Req  app_ble.o
    0x080017e2   0x080017e2   0x00000002   PAD
    0x080017e4   0x080017e4   0x00000002   Code   RO         2130    .text.DIS_Init      svc_ctl.o
    0x080017e6   0x080017e6   0x00000002   PAD
    0x080017e8   0x080017e8   0x0000000c   Code   RO          201    .text.DMA1_Channel4_IRQHandler  stm32wbxx_it.o
    0x080017f4   0x080017f4   0x0000000c   Code   RO          211    .text.DMA2_Channel4_IRQHandler  stm32wbxx_it.o
    0x08001800   0x08001800   0x00000004   Code   RO           42    .text.DbgOutputInit  app_debug.o
    0x08001804   0x08001804   0x0000000c   Code   RO           44    .text.DbgOutputTraces  app_debug.o
    0x08001810   0x08001810   0x0000002e   Code   RO         2295    .text.DbgTraceInit  dbg_trace.o
    0x0800183e   0x0800183e   0x00000002   PAD
    0x08001840   0x08001840   0x00000058   Code   RO         2301    .text.DbgTrace_TxCpltCallback  dbg_trace.o
    0x08001898   0x08001898   0x00000002   Code   RO          193    .text.DebugMon_Handler  stm32wbxx_it.o
    0x0800189a   0x0800189a   0x00000002   PAD
    0x0800189c   0x0800189c   0x00000002   Code   RO         2132    .text.EDS_STM_Init  svc_ctl.o
    0x0800189e   0x0800189e   0x00000002   PAD
    0x080018a0   0x080018a0   0x00000006   Code   RO          215    .text.EXTI0_IRQHandler  stm32wbxx_it.o
    0x080018a6   0x080018a6   0x00000002   PAD
    0x080018a8   0x080018a8   0x00000006   Code   RO          217    .text.EXTI1_IRQHandler  stm32wbxx_it.o
    0x080018ae   0x080018ae   0x00000002   PAD
    0x080018b0   0x080018b0   0x00000006   Code   RO          213    .text.EXTI4_IRQHandler  stm32wbxx_it.o
    0x080018b6   0x080018b6   0x00000002   PAD
    0x080018b8   0x080018b8   0x00000002   Code   RO           17    .text.Error_Handler  main.o
    0x080018ba   0x080018ba   0x00000002   PAD
    0x080018bc   0x080018bc   0x00000012   Code   RO          462    .text.HAL_DBGMCU_EnableDBGSleepMode  stm32wbxx_hal.o
    0x080018ce   0x080018ce   0x00000002   PAD
    0x080018d0   0x080018d0   0x00000012   Code   RO          466    .text.HAL_DBGMCU_EnableDBGStopMode  stm32wbxx_hal.o
    0x080018e2   0x080018e2   0x00000002   PAD
    0x080018e4   0x080018e4   0x00000074   Code   RO          571    .text.HAL_DMA_Abort  stm32wbxx_hal_dma.o
    0x08001958   0x08001958   0x0000006e   Code   RO          573    .text.HAL_DMA_Abort_IT  stm32wbxx_hal_dma.o
    0x080019c6   0x080019c6   0x00000002   PAD
    0x080019c8   0x080019c8   0x0000009c   Code   RO          577    .text.HAL_DMA_IRQHandler  stm32wbxx_hal_dma.o
    0x08001a64   0x08001a64   0x000000e2   Code   RO          569    .text.HAL_DMA_Start_IT  stm32wbxx_hal_dma.o
    0x08001b46   0x08001b46   0x00000002   PAD
    0x08001b48   0x08001b48   0x00000016   Code   RO           65    .text.HAL_Delay     app_entry.o
    0x08001b5e   0x08001b5e   0x00000002   PAD
    0x08001b60   0x08001b60   0x0000001a   Code   RO           77    .text.HAL_GPIO_EXTI_Callback  app_entry.o
    0x08001b7a   0x08001b7a   0x00000002   PAD
    0x08001b7c   0x08001b7c   0x00000016   Code   RO          714    .text.HAL_GPIO_EXTI_IRQHandler  stm32wbxx_hal_gpio.o
    0x08001b92   0x08001b92   0x00000002   PAD
    0x08001b94   0x08001b94   0x00000182   Code   RO          700    .text.HAL_GPIO_Init  stm32wbxx_hal_gpio.o
    0x08001d16   0x08001d16   0x00000002   PAD
    0x08001d18   0x08001d18   0x0000000c   Code   RO          706    .text.HAL_GPIO_WritePin  stm32wbxx_hal_gpio.o
    0x08001d24   0x08001d24   0x0000000c   Code   RO          436    .text.HAL_GetTick   stm32wbxx_hal.o
    0x08001d30   0x08001d30   0x0000000c   Code   RO          442    .text.HAL_GetTickFreq  stm32wbxx_hal.o
    0x08001d3c   0x08001d3c   0x0000000c   Code   RO          438    .text.HAL_GetTickPrio  stm32wbxx_hal.o
    0x08001d48   0x08001d48   0x0000006a   Code   RO          728    .text.HAL_IPCC_Init  stm32wbxx_hal_ipcc.o
    0x08001db2   0x08001db2   0x00000002   PAD
    0x08001db4   0x08001db4   0x0000004e   Code   RO          228    .text.HAL_IPCC_MspInit  stm32wbxx_hal_msp.o
    0x08001e02   0x08001e02   0x00000002   PAD
    0x08001e04   0x08001e04   0x00000002   Code   RO          748    .text.HAL_IPCC_RxCallback  stm32wbxx_hal_ipcc.o
    0x08001e06   0x08001e06   0x00000002   PAD
    0x08001e08   0x08001e08   0x00000002   Code   RO          746    .text.HAL_IPCC_TxCallback  stm32wbxx_hal_ipcc.o
    0x08001e0a   0x08001e0a   0x00000002   PAD
    0x08001e0c   0x08001e0c   0x0000001a   Code   RO          434    .text.HAL_IncTick   stm32wbxx_hal.o
    0x08001e26   0x08001e26   0x00000002   PAD
    0x08001e28   0x08001e28   0x0000002e   Code   RO          424    .text.HAL_Init      stm32wbxx_hal.o
    0x08001e56   0x08001e56   0x00000002   PAD
    0x08001e58   0x08001e58   0x00000054   Code   RO          426    .text.HAL_InitTick  stm32wbxx_hal.o
    0x08001eac   0x08001eac   0x00000032   Code   RO          226    .text.HAL_MspInit   stm32wbxx_hal_msp.o
    0x08001ede   0x08001ede   0x00000002   PAD
    0x08001ee0   0x08001ee0   0x00000022   Code   RO          537    .text.HAL_NVIC_ClearPendingIRQ  stm32wbxx_hal_cortex.o
    0x08001f02   0x08001f02   0x00000002   PAD
    0x08001f04   0x08001f04   0x0000002a   Code   RO          521    .text.HAL_NVIC_DisableIRQ  stm32wbxx_hal_cortex.o
    0x08001f2e   0x08001f2e   0x00000002   PAD
    0x08001f30   0x08001f30   0x00000022   Code   RO          519    .text.HAL_NVIC_EnableIRQ  stm32wbxx_hal_cortex.o
    0x08001f52   0x08001f52   0x00000002   PAD
    0x08001f54   0x08001f54   0x00000022   Code   RO          533    .text.HAL_NVIC_SetPendingIRQ  stm32wbxx_hal_cortex.o
    0x08001f76   0x08001f76   0x00000002   PAD
    0x08001f78   0x08001f78   0x00000056   Code   RO          517    .text.HAL_NVIC_SetPriority  stm32wbxx_hal_cortex.o
    0x08001fce   0x08001fce   0x00000002   PAD
    0x08001fd0   0x08001fd0   0x00000020   Code   RO          515    .text.HAL_NVIC_SetPriorityGrouping  stm32wbxx_hal_cortex.o
    0x08001ff0   0x08001ff0   0x00000010   Code   RO          812    .text.HAL_PWREx_GetVoltageRange  stm32wbxx_hal_pwr_ex.o
    0x08002000   0x08002000   0x00000012   Code   RO          774    .text.HAL_PWR_EnableBkUpAccess  stm32wbxx_hal_pwr.o
    0x08002012   0x08002012   0x00000002   PAD
    0x08002014   0x08002014   0x0000046a   Code   RO          966    .text.HAL_RCCEx_PeriphCLKConfig  stm32wbxx_hal_rcc_ex.o
    0x0800247e   0x0800247e   0x00000002   PAD
    0x08002480   0x08002480   0x00000212   Code   RO          932    .text.HAL_RCC_ClockConfig  stm32wbxx_hal_rcc.o
    0x08002692   0x08002692   0x00000002   PAD
    0x08002694   0x08002694   0x000000c8   Code   RO          930    .text.HAL_RCC_GetHCLKFreq  stm32wbxx_hal_rcc.o
    0x0800275c   0x0800275c   0x0000064e   Code   RO          926    .text.HAL_RCC_OscConfig  stm32wbxx_hal_rcc.o
    0x08002daa   0x08002daa   0x00000002   PAD
    0x08002dac   0x08002dac   0x00000036   Code   RO         1164    .text.HAL_RTCEx_EnableBypassShadow  stm32wbxx_hal_rtc_ex.o
    0x08002de2   0x08002de2   0x00000002   PAD
    0x08002de4   0x08002de4   0x000000ea   Code   RO         1136    .text.HAL_RTCEx_SetWakeUpTimer_IT  stm32wbxx_hal_rtc_ex.o
    0x08002ece   0x08002ece   0x00000002   PAD
    0x08002ed0   0x08002ed0   0x00000122   Code   RO         1038    .text.HAL_RTC_Init  stm32wbxx_hal_rtc.o
    0x08002ff2   0x08002ff2   0x00000002   PAD
    0x08002ff4   0x08002ff4   0x00000074   Code   RO          240    .text.HAL_RTC_MspInit  stm32wbxx_hal_msp.o
    0x08003068   0x08003068   0x0000002c   Code   RO          527    .text.HAL_SYSTICK_Config  stm32wbxx_hal_cortex.o
    0x08003094   0x08003094   0x00000002   Code   RO         1275    .text.HAL_UARTEx_RxEventCallback  stm32wbxx_hal_uart.o
    0x08003096   0x08003096   0x00000002   PAD
    0x08003098   0x08003098   0x00000002   Code   RO         1332    .text.HAL_UARTEx_RxFifoFullCallback  stm32wbxx_hal_uart_ex.o
    0x0800309a   0x0800309a   0x00000002   PAD
    0x0800309c   0x0800309c   0x00000002   Code   RO         1334    .text.HAL_UARTEx_TxFifoEmptyCallback  stm32wbxx_hal_uart_ex.o
    0x0800309e   0x0800309e   0x00000002   PAD
    0x080030a0   0x080030a0   0x00000002   Code   RO         1330    .text.HAL_UARTEx_WakeupCallback  stm32wbxx_hal_uart_ex.o
    0x080030a2   0x080030a2   0x00000002   PAD
    0x080030a4   0x080030a4   0x00000002   Code   RO         1273    .text.HAL_UART_ErrorCallback  stm32wbxx_hal_uart.o
    0x080030a6   0x080030a6   0x00000002   PAD
    0x080030a8   0x080030a8   0x000003ae   Code   RO         1269    .text.HAL_UART_IRQHandler  stm32wbxx_hal_uart.o
    0x08003456   0x08003456   0x00000002   PAD
    0x08003458   0x08003458   0x000000aa   Code   RO         1225    .text.HAL_UART_Transmit_DMA  stm32wbxx_hal_uart.o
    0x08003502   0x08003502   0x00000002   PAD
    0x08003504   0x08003504   0x00000036   Code   RO          165    .text.HAL_UART_TxCpltCallback  hw_uart.o
    0x0800353a   0x0800353a   0x00000002   PAD
    0x0800353c   0x0800353c   0x00000002   Code   RO         1279    .text.HAL_UART_TxHalfCpltCallback  stm32wbxx_hal_uart.o
    0x0800353e   0x0800353e   0x00000002   PAD
    0x08003540   0x08003540   0x00000002   Code   RO         2134    .text.HIDS_Init     svc_ctl.o
    0x08003542   0x08003542   0x00000002   PAD
    0x08003544   0x08003544   0x00000002   Code   RO         2136    .text.HRS_Init      svc_ctl.o
    0x08003546   0x08003546   0x00000002   PAD
    0x08003548   0x08003548   0x00000002   Code   RO         2138    .text.HTS_Init      svc_ctl.o
    0x0800354a   0x0800354a   0x00000002   PAD
    0x0800354c   0x0800354c   0x0000000c   Code   RO         2020    .text.HW_IPCC_BLE_AclDataAckNot  tl_mbox.o
    0x08003558   0x08003558   0x00000020   Code   RO          343    .text.HW_IPCC_BLE_Init  hw_ipcc.o
    0x08003578   0x08003578   0x00000040   Code   RO         2016    .text.HW_IPCC_BLE_RxEvtNot  tl_mbox.o
    0x080035b8   0x080035b8   0x00000010   Code   RO          345    .text.HW_IPCC_BLE_SendCmd  hw_ipcc.o
    0x080035c8   0x080035c8   0x0000004c   Code   RO          339    .text.HW_IPCC_Enable  hw_ipcc.o
    0x08003614   0x08003614   0x00000048   Code   RO          341    .text.HW_IPCC_Init  hw_ipcc.o
    0x0800365c   0x0800365c   0x0000003c   Code   RO          361    .text.HW_IPCC_MM_SendFreeBuf  hw_ipcc.o
    0x08003698   0x08003698   0x0000004a   Code   RO          335    .text.HW_IPCC_Rx_Handler  hw_ipcc.o
    0x080036e2   0x080036e2   0x00000002   PAD
    0x080036e4   0x080036e4   0x0000001a   Code   RO         2026    .text.HW_IPCC_SYS_CmdEvtNot  tl_mbox.o
    0x080036fe   0x080036fe   0x00000002   PAD
    0x08003700   0x08003700   0x00000040   Code   RO         2028    .text.HW_IPCC_SYS_EvtNot  tl_mbox.o
    0x08003740   0x08003740   0x00000020   Code   RO          353    .text.HW_IPCC_SYS_Init  hw_ipcc.o
    0x08003760   0x08003760   0x00000026   Code   RO          355    .text.HW_IPCC_SYS_SendCmd  hw_ipcc.o
    0x08003786   0x08003786   0x00000002   PAD
    0x08003788   0x08003788   0x00000038   Code   RO         2038    .text.HW_IPCC_TRACES_EvtNot  tl_mbox.o
    0x080037c0   0x080037c0   0x00000020   Code   RO          363    .text.HW_IPCC_TRACES_Init  hw_ipcc.o
    0x080037e0   0x080037e0   0x0000009a   Code   RO          337    .text.HW_IPCC_Tx_Handler  hw_ipcc.o
    0x0800387a   0x0800387a   0x00000002   PAD
    0x0800387c   0x0800387c   0x0000005c   Code   RO          128    .text.HW_TS_Create  hw_timerserver.o
    0x080038d8   0x080038d8   0x0000013c   Code   RO          126    .text.HW_TS_Init    hw_timerserver.o
    0x08003a14   0x08003a14   0x00000002   Code   RO          122    .text.HW_TS_RTC_Int_AppNot  hw_timerserver.o
    0x08003a16   0x08003a16   0x00000002   PAD
    0x08003a18   0x08003a18   0x00000110   Code   RO          116    .text.HW_TS_RTC_Wakeup_Handler  hw_timerserver.o
    0x08003b28   0x08003b28   0x000001be   Code   RO          118    .text.HW_TS_Start   hw_timerserver.o
    0x08003ce6   0x08003ce6   0x00000002   PAD
    0x08003ce8   0x08003ce8   0x00000110   Code   RO          120    .text.HW_TS_Stop    hw_timerserver.o
    0x08003df8   0x08003df8   0x00000058   Code   RO          157    .text.HW_UART_Transmit_DMA  hw_uart.o
    0x08003e50   0x08003e50   0x00000002   Code   RO          183    .text.HardFault_Handler  stm32wbxx_it.o
    0x08003e52   0x08003e52   0x00000002   PAD
    0x08003e54   0x08003e54   0x00000002   Code   RO         2140    .text.IAS_Init      svc_ctl.o
    0x08003e56   0x08003e56   0x00000002   PAD
    0x08003e58   0x08003e58   0x00000004   Code   RO          207    .text.IPCC_C1_RX_IRQHandler  stm32wbxx_it.o
    0x08003e5c   0x08003e5c   0x00000004   Code   RO          209    .text.IPCC_C1_TX_IRQHandler  stm32wbxx_it.o
    0x08003e60   0x08003e60   0x000000aa   Code   RO          262    .text.L2CAP_Update_TimeoutCb  app_ble.o
    0x08003f0a   0x08003f0a   0x00000002   PAD
    0x08003f0c   0x08003f0c   0x00000002   Code   RO         2142    .text.LLS_Init      svc_ctl.o
    0x08003f0e   0x08003f0e   0x00000002   PAD
    0x08003f10   0x08003f10   0x0000000c   Code   RO          205    .text.LPUART1_IRQHandler  stm32wbxx_it.o
    0x08003f1c   0x08003f1c   0x00000006   Code   RO         2068    .text.LST_init_head  stm_list.o
    0x08003f22   0x08003f22   0x00000002   PAD
    0x08003f24   0x08003f24   0x0000001c   Code   RO         2072    .text.LST_insert_head  stm_list.o
    0x08003f40   0x08003f40   0x0000001c   Code   RO         2074    .text.LST_insert_tail  stm_list.o
    0x08003f5c   0x08003f5c   0x0000001a   Code   RO         2070    .text.LST_is_empty  stm_list.o
    0x08003f76   0x08003f76   0x00000002   PAD
    0x08003f78   0x08003f78   0x0000002e   Code   RO         2078    .text.LST_remove_head  stm_list.o
    0x08003fa6   0x08003fa6   0x00000002   PAD
    0x08003fa8   0x08003fa8   0x00000002   Code   RO         2154    .text.MESH_Init     svc_ctl.o
    0x08003faa   0x08003faa   0x00000002   PAD
    0x08003fac   0x08003fac   0x00000002   Code   RO         2146    .text.MOTENV_STM_Init  svc_ctl.o
    0x08003fae   0x08003fae   0x00000002   PAD
    0x08003fb0   0x08003fb0   0x000000a6   Code   RO           57    .text.MX_APPE_Config  app_entry.o
    0x08004056   0x08004056   0x00000002   PAD
    0x08004058   0x08004058   0x00000106   Code   RO           59    .text.MX_APPE_Init  app_entry.o
    0x0800415e   0x0800415e   0x00000002   PAD
    0x08004160   0x08004160   0x00000008   Code   RO           67    .text.MX_APPE_Process  app_entry.o
    0x08004168   0x08004168   0x00000002   Code   RO           21    .text.MX_USART1_UART_Init  main.o
    0x0800416a   0x0800416a   0x00000002   PAD
    0x0800416c   0x0800416c   0x00000002   Code   RO          185    .text.MemManage_Handler  stm32wbxx_it.o
    0x0800416e   0x0800416e   0x00000002   PAD
    0x08004170   0x08004170   0x00000002   Code   RO          181    .text.NMI_Handler   stm32wbxx_it.o
    0x08004172   0x08004172   0x00000002   PAD
    0x08004174   0x08004174   0x00000002   Code   RO         2152    .text.OTAS_STM_Init  svc_ctl.o
    0x08004176   0x08004176   0x00000002   PAD
    0x08004178   0x08004178   0x00000028   Code   RO         2059    .text.OTP_Read      otp.o
    0x080041a0   0x080041a0   0x0000000c   Code   RO         2194    .text.Osal_MemCpy   osal.o
    0x080041ac   0x080041ac   0x00000012   Code   RO         2196    .text.Osal_MemSet   osal.o
    0x080041be   0x080041be   0x00000002   PAD
    0x080041c0   0x080041c0   0x0000003a   Code   RO          319    .text.P2PS_APP_Init  p2p_server_app.o
    0x080041fa   0x080041fa   0x00000002   PAD
    0x080041fc   0x080041fc   0x00000032   Code   RO          317    .text.P2PS_APP_Notification  p2p_server_app.o
    0x0800422e   0x0800422e   0x00000002   PAD
    0x08004230   0x08004230   0x00000008   Code   RO          323    .text.P2PS_APP_SW1_Button_Action  p2p_server_app.o
    0x08004238   0x08004238   0x00000198   Code   RO          315    .text.P2PS_STM_App_Notification  p2p_server_app.o
    0x080043d0   0x080043d0   0x0000002e   Code   RO         2183    .text.P2PS_STM_App_Update_Char  p2p_stm.o
    0x080043fe   0x080043fe   0x00000002   PAD
    0x08004400   0x08004400   0x000000ce   Code   RO         2179    .text.P2PS_STM_Init  p2p_stm.o
    0x080044ce   0x080044ce   0x00000002   PAD
    0x080044d0   0x080044d0   0x00000088   Code   RO          321    .text.P2PS_Send_Notification  p2p_server_app.o
    0x08004558   0x08004558   0x000000a4   Code   RO         2181    .text.PeerToPeer_Event_Handler  p2p_stm.o
    0x080045fc   0x080045fc   0x00000002   Code   RO          195    .text.PendSV_Handler  stm32wbxx_it.o
    0x080045fe   0x080045fe   0x00000002   PAD
    0x08004600   0x08004600   0x000000e4   Code   RO          928    .text.RCC_SetFlashLatencyFromMSIRange  stm32wbxx_hal_rcc.o
    0x080046e4   0x080046e4   0x00000004   Code   RO          199    .text.RTC_WKUP_IRQHandler  stm32wbxx_it.o
    0x080046e8   0x080046e8   0x0000019a   Code   RO          124    .text.RescheduleTimerList  hw_timerserver.o
    0x08004882   0x08004882   0x00000002   PAD
    0x08004884   0x08004884   0x0000001c   Code   RO         1887    .text.SHCI_C2_BLE_Init  shci.o
    0x080048a0   0x080048a0   0x0000001a   Code   RO         1921    .text.SHCI_C2_Config  shci.o
    0x080048ba   0x080048ba   0x00000002   PAD
    0x080048bc   0x080048bc   0x0000001c   Code   RO         1897    .text.SHCI_C2_DEBUG_Init  shci.o
    0x080048d8   0x080048d8   0x000000a0   Code   RO         1927    .text.SHCI_GetWirelessFwInfo  shci.o
    0x08004978   0x08004978   0x00000498   Code   RO          266    .text.SVCCTL_App_Notification  app_ble.o
    0x08004e10   0x08004e10   0x0000001a   Code   RO         2160    .text.SVCCTL_Init   svc_ctl.o
    0x08004e2a   0x08004e2a   0x00000002   PAD
    0x08004e2c   0x08004e2c   0x00000002   Code   RO         2158    .text.SVCCTL_InitCustomSvc  svc_ctl.o
    0x08004e2e   0x08004e2e   0x00000002   PAD
    0x08004e30   0x08004e30   0x00000014   Code   RO         2164    .text.SVCCTL_RegisterSvcHandler  svc_ctl.o
    0x08004e44   0x08004e44   0x0000004e   Code   RO         2162    .text.SVCCTL_SvcInit  svc_ctl.o
    0x08004e92   0x08004e92   0x00000002   PAD
    0x08004e94   0x08004e94   0x0000005a   Code   RO         2168    .text.SVCCTL_UserEvtRx  svc_ctl.o
    0x08004eee   0x08004eee   0x00000002   PAD
    0x08004ef0   0x08004ef0   0x00000002   Code   RO          191    .text.SVC_Handler   stm32wbxx_it.o
    0x08004ef2   0x08004ef2   0x00000002   PAD
    0x08004ef4   0x08004ef4   0x00000044   Code   RO         2034    .text.SendFreeBuf   tl_mbox.o
    0x08004f38   0x08004f38   0x00000006   Code   RO          260    .text.Switch_OFF_GPIO  app_ble.o
    0x08004f3e   0x08004f3e   0x00000002   PAD
    0x08004f40   0x08004f40   0x00000004   Code   RO          197    .text.SysTick_Handler  stm32wbxx_it.o
    0x08004f44   0x08004f44   0x0000006e   Code   RO          407    .text.SystemInit    system_stm32wbxx.o
    0x08004fb2   0x08004fb2   0x00000002   PAD
    0x08004fb4   0x08004fb4   0x0000004e   Code   RO         2012    .text.TL_BLE_Init   tl_mbox.o
    0x08005002   0x08005002   0x00000002   PAD
    0x08005004   0x08005004   0x0000001c   Code   RO         2014    .text.TL_BLE_SendCmd  tl_mbox.o
    0x08005020   0x08005020   0x00000004   Code   RO         2008    .text.TL_Enable     tl_mbox.o
    0x08005024   0x08005024   0x00000070   Code   RO         2010    .text.TL_Init       tl_mbox.o
    0x08005094   0x08005094   0x00000020   Code   RO         2032    .text.TL_MM_EvtDone  tl_mbox.o
    0x080050b4   0x080050b4   0x0000004a   Code   RO         2030    .text.TL_MM_Init    tl_mbox.o
    0x080050fe   0x080050fe   0x00000002   PAD
    0x08005100   0x08005100   0x00000042   Code   RO         2022    .text.TL_SYS_Init   tl_mbox.o
    0x08005142   0x08005142   0x00000002   PAD
    0x08005144   0x08005144   0x0000001c   Code   RO         2024    .text.TL_SYS_SendCmd  tl_mbox.o
    0x08005160   0x08005160   0x00000002   Code   RO         2040    .text.TL_TRACES_EvtReceived  tl_mbox.o
    0x08005162   0x08005162   0x00000002   PAD
    0x08005164   0x08005164   0x00000024   Code   RO         2036    .text.TL_TRACES_Init  tl_mbox.o
    0x08005188   0x08005188   0x00000002   Code   RO         2144    .text.TPS_Init      svc_ctl.o
    0x0800518a   0x0800518a   0x00000002   PAD
    0x0800518c   0x0800518c   0x00000006   Code   RO         1984    .text.TlCmdEvtReceived  shci_tl.o
    0x08005192   0x08005192   0x00000002   PAD
    0x08005194   0x08005194   0x0000003c   Code   RO         1949    .text.TlEvtReceived  hci_tl.o
    0x080051d0   0x080051d0   0x0000001c   Code   RO         1986    .text.TlUserEvtReceived  shci_tl.o
    0x080051ec   0x080051ec   0x0000000c   Code   RO         1271    .text.UART_DMAAbortOnError  stm32wbxx_hal_uart.o
    0x080051f8   0x080051f8   0x000000c8   Code   RO         1231    .text.UART_DMAError  stm32wbxx_hal_uart.o
    0x080052c0   0x080052c0   0x0000003e   Code   RO         1227    .text.UART_DMATransmitCplt  stm32wbxx_hal_uart.o
    0x080052fe   0x080052fe   0x00000002   PAD
    0x08005300   0x08005300   0x00000006   Code   RO         1229    .text.UART_DMATxHalfCplt  stm32wbxx_hal_uart.o
    0x08005306   0x08005306   0x00000002   PAD
    0x08005308   0x08005308   0x0000000c   Code   RO          203    .text.USART1_IRQHandler  stm32wbxx_it.o
    0x08005314   0x08005314   0x00000018   Code   RO         2208    .text.UTIL_LPM_Init  stm32_lpm.o
    0x0800532c   0x0800532c   0x0000002c   Code   RO         2214    .text.UTIL_LPM_SetOffMode  stm32_lpm.o
    0x08005358   0x08005358   0x00000002   Code   RO         2242    .text.UTIL_SEQ_CatchWarning  stm32_seq.o
    0x0800535a   0x0800535a   0x00000002   PAD
    0x0800535c   0x0800535c   0x00000006   Code   RO         2270    .text.UTIL_SEQ_EvtIdle  stm32_seq.o
    0x08005362   0x08005362   0x00000002   PAD
    0x08005364   0x08005364   0x00000002   Code   RO           69    .text.UTIL_SEQ_Idle  app_entry.o
    0x08005366   0x08005366   0x00000002   PAD
    0x08005368   0x08005368   0x00000020   Code   RO         2258    .text.UTIL_SEQ_PauseTask  stm32_seq.o
    0x08005388   0x08005388   0x00000002   Code   RO         2248    .text.UTIL_SEQ_PostIdle  stm32_seq.o
    0x0800538a   0x0800538a   0x00000002   PAD
    0x0800538c   0x0800538c   0x00000002   Code   RO         2240    .text.UTIL_SEQ_PostTask  stm32_seq.o
    0x0800538e   0x0800538e   0x00000002   PAD
    0x08005390   0x08005390   0x00000002   Code   RO         2244    .text.UTIL_SEQ_PreIdle  stm32_seq.o
    0x08005392   0x08005392   0x00000002   PAD
    0x08005394   0x08005394   0x00000002   Code   RO         2238    .text.UTIL_SEQ_PreTask  stm32_seq.o
    0x08005396   0x08005396   0x00000002   PAD
    0x08005398   0x08005398   0x00000026   Code   RO         2250    .text.UTIL_SEQ_RegTask  stm32_seq.o
    0x080053be   0x080053be   0x00000002   PAD
    0x080053c0   0x080053c0   0x0000001e   Code   RO         2262    .text.UTIL_SEQ_ResumeTask  stm32_seq.o
    0x080053de   0x080053de   0x00000002   PAD
    0x080053e0   0x080053e0   0x00000222   Code   RO         2234    .text.UTIL_SEQ_Run  stm32_seq.o
    0x08005602   0x08005602   0x00000002   PAD
    0x08005604   0x08005604   0x0000001e   Code   RO         2264    .text.UTIL_SEQ_SetEvt  stm32_seq.o
    0x08005622   0x08005622   0x00000002   PAD
    0x08005624   0x08005624   0x00000034   Code   RO         2254    .text.UTIL_SEQ_SetTask  stm32_seq.o
    0x08005658   0x08005658   0x0000006e   Code   RO         2268    .text.UTIL_SEQ_WaitEvt  stm32_seq.o
    0x080056c6   0x080056c6   0x00000002   PAD
    0x080056c8   0x080056c8   0x00000002   Code   RO          189    .text.UsageFault_Handler  stm32wbxx_it.o
    0x080056ca   0x080056ca   0x00000002   PAD
    0x080056cc   0x080056cc   0x00000002   Code   RO         2150    .text.ZDD_STM_Init  svc_ctl.o
    0x080056ce   0x080056ce   0x00000002   PAD
    0x080056d0   0x080056d0   0x0000004a   Code   RO         1441    .text.aci_gap_allow_rebond  ble_gap_aci.o
    0x0800571a   0x0800571a   0x00000002   PAD
    0x0800571c   0x0800571c   0x00000040   Code   RO         1435    .text.aci_gap_configure_filter_accept_list  ble_gap_aci.o
    0x0800575c   0x0800575c   0x0000008e   Code   RO         1419    .text.aci_gap_init  ble_gap_aci.o
    0x080057ea   0x080057ea   0x00000002   PAD
    0x080057ec   0x080057ec   0x00000050   Code   RO         1469    .text.aci_gap_numeric_comparison_value_confirm_yesno  ble_gap_aci.o
    0x0800583c   0x0800583c   0x00000050   Code   RO         1415    .text.aci_gap_pass_key_resp  ble_gap_aci.o
    0x0800588c   0x0800588c   0x00000078   Code   RO         1411    .text.aci_gap_set_authentication_requirement  ble_gap_aci.o
    0x08005904   0x08005904   0x0000009e   Code   RO         1405    .text.aci_gap_set_discoverable  ble_gap_aci.o
    0x080059a2   0x080059a2   0x00000002   PAD
    0x080059a4   0x080059a4   0x00000048   Code   RO         1409    .text.aci_gap_set_io_capability  ble_gap_aci.o
    0x080059ec   0x080059ec   0x00000040   Code   RO         1401    .text.aci_gap_set_non_discoverable  ble_gap_aci.o
    0x08005a2c   0x08005a2c   0x00000056   Code   RO         1427    .text.aci_gap_update_adv_data  ble_gap_aci.o
    0x08005a82   0x08005a82   0x00000002   PAD
    0x08005a84   0x08005a84   0x000000de   Code   RO         1521    .text.aci_gatt_add_char  ble_gatt_aci.o
    0x08005b62   0x08005b62   0x00000002   PAD
    0x08005b64   0x08005b64   0x000000be   Code   RO         1517    .text.aci_gatt_add_service  ble_gatt_aci.o
    0x08005c22   0x08005c22   0x00000002   PAD
    0x08005c24   0x08005c24   0x0000004a   Code   RO         1587    .text.aci_gatt_confirm_indication  ble_gatt_aci.o
    0x08005c6e   0x08005c6e   0x00000002   PAD
    0x08005c70   0x08005c70   0x00000040   Code   RO         1515    .text.aci_gatt_init  ble_gatt_aci.o
    0x08005cb0   0x08005cb0   0x00000068   Code   RO         1525    .text.aci_gatt_update_char_value  ble_gatt_aci.o
    0x08005d18   0x08005d18   0x0000004a   Code   RO         1633    .text.aci_hal_set_radio_activity_mask  ble_hal_aci.o
    0x08005d62   0x08005d62   0x00000002   PAD
    0x08005d64   0x08005d64   0x00000050   Code   RO         1623    .text.aci_hal_set_tx_power_level  ble_hal_aci.o
    0x08005db4   0x08005db4   0x0000005c   Code   RO         1619    .text.aci_hal_write_config_data  ble_hal_aci.o
    0x08005e10   0x08005e10   0x00000064   Code   RO         1839    .text.aci_l2cap_connection_parameter_update_req  ble_l2cap_aci.o
    0x08005e74   0x08005e74   0x00000058   Code   RO         2305    .text.fputc         dbg_trace.o
    0x08005ecc   0x08005ecc   0x00000006   Code   RO          278    .text.hci_cmd_resp_release  app_ble.o
    0x08005ed2   0x08005ed2   0x00000002   PAD
    0x08005ed4   0x08005ed4   0x00000006   Code   RO          280    .text.hci_cmd_resp_wait  app_ble.o
    0x08005eda   0x08005eda   0x00000002   PAD
    0x08005edc   0x08005edc   0x0000006a   Code   RO         1937    .text.hci_init      hci_tl.o
    0x08005f46   0x08005f46   0x00000002   PAD
    0x08005f48   0x08005f48   0x00000076   Code   RO         1785    .text.hci_le_read_phy  ble_hci_le.o
    0x08005fbe   0x08005fbe   0x00000002   PAD
    0x08005fc0   0x08005fc0   0x00000054   Code   RO         1787    .text.hci_le_set_default_phy  ble_hci_le.o
    0x08006014   0x08006014   0x00000008   Code   RO          276    .text.hci_notify_asynch_evt  app_ble.o
    0x0800601c   0x0800601c   0x00000016   Code   RO         1964    .text.hci_register_io_bus  hci_tl_if.o
    0x08006032   0x08006032   0x00000002   PAD
    0x08006034   0x08006034   0x0000003e   Code   RO         1677    .text.hci_reset     ble_hci_le.o
    0x08006072   0x08006072   0x00000002   PAD
    0x08006074   0x08006074   0x000000f4   Code   RO         1943    .text.hci_send_req  hci_tl.o
    0x08006168   0x08006168   0x00000086   Code   RO         1939    .text.hci_user_evt_proc  hci_tl.o
    0x080061ee   0x080061ee   0x00000002   PAD
    0x080061f0   0x080061f0   0x00000192   Code   RO           11    .text.main          main.o
    0x08006382   0x08006382   0x00000002   PAD
    0x08006384   0x08006384   0x00000006   Code   RO           73    .text.shci_cmd_resp_release  app_entry.o
    0x0800638a   0x0800638a   0x00000002   PAD
    0x0800638c   0x0800638c   0x00000006   Code   RO           75    .text.shci_cmd_resp_wait  app_entry.o
    0x08006392   0x08006392   0x00000002   PAD
    0x08006394   0x08006394   0x0000007a   Code   RO         1972    .text.shci_init     shci_tl.o
    0x0800640e   0x0800640e   0x00000002   PAD
    0x08006410   0x08006410   0x00000008   Code   RO           71    .text.shci_notify_asynch_evt  app_entry.o
    0x08006418   0x08006418   0x00000016   Code   RO         2000    .text.shci_register_io_bus  shci_tl_if.o
    0x0800642e   0x0800642e   0x00000002   PAD
    0x08006430   0x08006430   0x00000090   Code   RO         1978    .text.shci_send     shci_tl.o
    0x080064c0   0x080064c0   0x00000086   Code   RO         1974    .text.shci_user_evt_proc  shci_tl.o
    0x08006546   0x08006546   0x00000002   PAD
    0x08006548   0x08006548   0x00000020   Code   RO         2582    i.__0printf         mc_w.l(printfa.o)
    0x08006568   0x08006568   0x0000000e   Code   RO         2661    i.__scatterload_copy  mc_w.l(handlers.o)
    0x08006576   0x08006576   0x00000002   Code   RO         2662    i.__scatterload_null  mc_w.l(handlers.o)
    0x08006578   0x08006578   0x0000000e   Code   RO         2663    i.__scatterload_zeroinit  mc_w.l(handlers.o)
    0x08006586   0x08006586   0x00000002   PAD
    0x08006588   0x08006588   0x00000184   Code   RO         2589    i._fp_digits        mc_w.l(printfa.o)
    0x0800670c   0x0800670c   0x000006dc   Code   RO         2590    i._printf_core      mc_w.l(printfa.o)
    0x08006de8   0x08006de8   0x00000024   Code   RO         2591    i._printf_post_padding  mc_w.l(printfa.o)
    0x08006e0c   0x08006e0c   0x0000002e   Code   RO         2592    i._printf_pre_padding  mc_w.l(printfa.o)
    0x08006e3a   0x08006e3a   0x00000002   PAD
    0x08006e3c   0x08006e3c   0x0000000c   Code   RO         2326    i.putchar           mc_w.l(putchar.o)
    0x08006e48   0x08006e48   0x00000024   Code   RO         2322    i.puts              mc_w.l(puts.o)
    0x08006e6c   0x08006e6c   0x0000001b   Data   RO           48    .rodata..L__const.APPD_EnableCPU2.DebugCmdPacket  app_debug.o
    0x08006e87   0x08006e87   0x00000001   PAD
    0x08006e88   0x08006e88   0x0000003b   Data   RO          292    .rodata..L__const.APP_BLE_Init.ble_init_cmd_packet  app_ble.o
    0x08006ec3   0x08006ec3   0x00000001   PAD
    0x08006ec4   0x08006ec4   0x00000040   Data   RO          412    .rodata.AHBPrescTable  system_stm32wbxx.o
    0x08006f04   0x08006f04   0x00000003   Data   RO          398    .rodata.BUTTON_IRQn  stm32wbxx_nucleo.o
    0x08006f07   0x08006f07   0x00000001   PAD
    0x08006f08   0x08006f08   0x00000006   Data   RO          397    .rodata.BUTTON_PIN  stm32wbxx_nucleo.o
    0x08006f0e   0x08006f0e   0x00000006   Data   RO          395    .rodata.GPIO_PIN    stm32wbxx_nucleo.o
    0x08006f14   0x08006f14   0x00000040   Data   RO          414    .rodata.MSIRangeTable  system_stm32wbxx.o
    0x08006f54   0x08006f54   0x00000130   Data   RO           46    .rodata.aGpioConfigList  app_debug.o
    0x08007084   0x08007084   0x00000010   Data   RO          303    .rodata.a_BLE_CfgErValue  app_ble.o
    0x08007094   0x08007094   0x00000010   Data   RO          302    .rodata.a_BLE_CfgIrValue  app_ble.o
    0x080070a4   0x080070a4   0x00000008   Data   RO          306    .rodata.a_LocalName  app_ble.o
    0x080070ac   0x080070ac   0x00000006   Data   RO          305    .rodata.a_MBdAddr   app_ble.o
    0x080070b2   0x080070b2   0x000002a5   Data   RO           85    .rodata.str1.1      app_entry.o
    0x08007357   0x08007357   0x00000ba3   Data   RO          294    .rodata.str1.1      app_ble.o
    0x08007efa   0x08007efa   0x000000e2   Data   RO          326    .rodata.str1.1      p2p_server_app.o
    0x08007fdc   0x08007fdc   0x00000040   Data   RO         2660    Region$$Table       anon$$obj.o


    Execution Region RW_IRAM1 (Exec base: 0x20000008, Load base: 0x08008020, Size: 0x00002548, Max: 0x0002fff8, ABSOLUTE)

    Exec Addr    Load Addr    Size         Type   Attr      Idx    E Section Name        Object

    0x20000008   0x08008020   0x00000004   Data   RW         2628    .data               mc_w.l(stdout.o)
    0x2000000c   0x08008024   0x0000000c   Data   RW          396    .data.BUTTON_PORT   stm32wbxx_nucleo.o
    0x20000018   0x08008030   0x00000001   Data   RW         2307    .data.DbgTracePeripheralReady  dbg_trace.o
    0x20000019   0x08008031   0x00000003   PAD
    0x2000001c   0x08008034   0x0000000c   Data   RW          394    .data.GPIO_PORT     stm32wbxx_nucleo.o
    0x20000028   0x08008040   0x00000004   Data   RW         2220    .data.StopModeDisable  stm32_lpm.o
    0x2000002c   0x08008044   0x00000004   Data   RW         2276    .data.SuperMask     stm32_seq.o
    0x20000030   0x08008048   0x00000004   Data   RW          411    .data.SystemCoreClock  system_stm32wbxx.o
    0x20000034   0x0800804c   0x00000004   Data   RW         2275    .data.TaskMask      stm32_seq.o
    0x20000038   0x08008050   0x0000000e   Data   RW          291    .data.a_ManufData   app_ble.o
    0x20000046   0x0800805e   0x00000001   Data   RW          505    .data.uwTickFreq    stm32wbxx_hal.o
    0x20000047   0x0800805f   0x00000001   PAD
    0x20000048   0x08008060   0x00000004   Data   RW          504    .data.uwTickPrio    stm32wbxx_hal.o
    0x2000004c   0x08008064   0x00000010   Data   RW         1953    BLE_DRIVER_CONTEXT  hci_tl.o
    0x2000005c   0x08008074   0x00000009   Data   RW         2170    BLE_DRIVER_CONTEXT  svc_ctl.o
    0x20000065   0x0800807d   0x00000001   PAD
    0x20000066   0x0800807e   0x00000006   Data   RW         2185    BLE_DRIVER_CONTEXT  p2p_stm.o
    0x2000006c   0x08008084   0x00000011   Data   RW         1990    SYSTEM_DRIVER_CONTEXT  shci_tl.o
    0x2000007d   0x08008095   0x00000003   PAD
    0x20000080        -       0x00000001   Zero   RW          298    .bss.AdvIntervalMax  app_ble.o
    0x20000081   0x08008095   0x00000001   PAD
    0x20000082        -       0x00000001   Zero   RW          297    .bss.AdvIntervalMin  app_ble.o
    0x20000083        -       0x00000001   Zero   RW          138    .bss.AsynchPrescalerUserConfig  hw_timerserver.o
    0x20000084        -       0x00000004   Zero   RW         2046    .bss.BLE_IoBusAclDataTxAck  tl_mbox.o
    0x20000088        -       0x00000004   Zero   RW         2045    .bss.BLE_IoBusEvtCallBackFunction  tl_mbox.o
    0x2000008c        -       0x00000084   Zero   RW          293    .bss.BleApplicationContext  app_ble.o
    0x20000110        -       0x00000001   Zero   RW         1954    .bss.CmdRspStatusFlag  hci_tl.o
    0x20000111        -       0x00000001   Zero   RW         1991    .bss.CmdRspStatusFlag  shci_tl.o
    0x20000112        -       0x00000001   Zero   RW          134    .bss.CurrentRunningTimerID  hw_timerserver.o
    0x20000113   0x08008095   0x00000001   PAD
    0x20000114        -       0x00000004   Zero   RW         2279    .bss.CurrentTaskIdx  stm32_seq.o
    0x20000118        -       0x00000004   Zero   RW         2277    .bss.EvtSet         stm32_seq.o
    0x2000011c        -       0x00000004   Zero   RW         2278    .bss.EvtWaited      stm32_seq.o
    0x20000120        -       0x00000004   Zero   RW          367    .bss.FreeBufCb      hw_ipcc.o
    0x20000124        -       0x00000004   Zero   RW          172    .bss.HW_hlpuart1TxCb  hw_uart.o
    0x20000128        -       0x00000004   Zero   RW          171    .bss.HW_huart1TxCb  hw_uart.o
    0x2000012c        -       0x00000004   Zero   RW          299    .bss.HandleNotification  app_ble.o
    0x20000130        -       0x00000008   Zero   RW         1955    .bss.HciCmdEventQueue  hci_tl.o
    0x20000138        -       0x00000008   Zero   RW         2050    .bss.LocalFreeBufQueue  tl_mbox.o
    0x20000140        -       0x00000002   Zero   RW          140    .bss.MaxWakeupTimerSetup  hw_timerserver.o
    0x20000142   0x08008095   0x00000002   PAD
    0x20000144        -       0x00000020   Zero   RW         2308    .bss.MsgDbgTraceQueue  dbg_trace.o
    0x20000164        -       0x00001000   Zero   RW         2309    .bss.MsgDbgTraceQueueBuff  dbg_trace.o
    0x20001164        -       0x00000004   Zero   RW         2221    .bss.OffModeDisable  stm32_lpm.o
    0x20001168        -       0x00000008   Zero   RW          325    .bss.P2P_Server_App_Context  p2p_server_app.o
    0x20001170        -       0x00000001   Zero   RW          142    .bss.PreviousRunningTimerID  hw_timerserver.o
    0x20001171   0x08008095   0x00000003   PAD
    0x20001174        -       0x00000004   Zero   RW          141    .bss.SSRValueOnLastSetup  hw_timerserver.o
    0x20001178        -       0x00000004   Zero   RW         2047    .bss.SYS_CMD_IoBusCallBackFunction  tl_mbox.o
    0x2000117c        -       0x00000004   Zero   RW         2048    .bss.SYS_EVT_IoBusCallBackFunction  tl_mbox.o
    0x20001180        -       0x00000004   Zero   RW         1951    .bss.StatusNotCallBackFunction  hci_tl.o
    0x20001184        -       0x00000004   Zero   RW         1988    .bss.StatusNotCallBackFunction  shci_tl.o
    0x20001188        -       0x00000002   Zero   RW          139    .bss.SynchPrescalerUserConfig  hw_timerserver.o
    0x2000118a   0x08008095   0x00000002   PAD
    0x2000118c        -       0x00000004   Zero   RW         2049    .bss.TL_MM_Init.p_mem_manager_table  tl_mbox.o
    0x20001190        -       0x00000080   Zero   RW         2280    .bss.TaskCb         stm32_seq.o
    0x20001210        -       0x00000004   Zero   RW         2282    .bss.TaskClearList  stm32_seq.o
    0x20001214        -       0x00000008   Zero   RW         2281    .bss.TaskPrio       stm32_seq.o
    0x2000121c        -       0x00000004   Zero   RW         2274    .bss.TaskSet        stm32_seq.o
    0x20001220        -       0x00000001   Zero   RW          137    .bss.WakeupTimerDivider  hw_timerserver.o
    0x20001221        -       0x00000001   Zero   RW          136    .bss.WakeupTimerLimitation  hw_timerserver.o
    0x20001222   0x08008095   0x00000002   PAD
    0x20001224        -       0x00000090   Zero   RW          135    .bss.aTimerContext  hw_timerserver.o
    0x200012b4        -       0x00000006   Zero   RW          304    .bss.a_BdAddrUdn    app_ble.o
    0x200012ba   0x08008095   0x00000002   PAD
    0x200012bc        -       0x00000020   Zero   RW         1952    .bss.hciContext     hci_tl.o
    0x200012dc        -       0x00000060   Zero   RW           26    .bss.hdma_lpuart1_tx  main.o
    0x2000133c        -       0x00000060   Zero   RW           27    .bss.hdma_usart1_tx  main.o
    0x2000139c        -       0x0000003c   Zero   RW           23    .bss.hipcc          main.o
    0x200013d8        -       0x00000094   Zero   RW           24    .bss.hlpuart1       main.o
    0x2000146c        -       0x00000024   Zero   RW           28    .bss.hrtc           main.o
    0x20001490        -       0x00000094   Zero   RW           25    .bss.huart1         main.o
    0x20001524        -       0x00000001   Zero   RW          295    .bss.index_con_int  app_ble.o
    0x20001525        -       0x00000001   Zero   RW          300    .bss.l2cap_retry_count  app_ble.o
    0x20001526        -       0x00000001   Zero   RW          296    .bss.mutex          app_ble.o
    0x20001527   0x08008095   0x00000001   PAD
    0x20001528        -       0x00000020   Zero   RW         1989    .bss.shciContext    shci_tl.o
    0x20001548        -       0x00000004   Zero   RW          506    .bss.uwTick         stm32wbxx_hal.o
    0x2000154c   0x08008095   0x00000004   PAD
    0x20001550        -       0x00001000   Zero   RW            1    STACK               startup_stm32wb55xx_cm4.o


    Execution Region RW_RAM_SHARED1 (Exec base: 0x20030000, Load base: 0x08008098, Size: 0x00000028, Max: 0x00000028, ABSOLUTE)

    Exec Addr    Load Addr    Size         Type   Attr      Idx    E Section Name        Object

    0x20030000   0x08008098   0x00000028   Data   RW         2043    MAPPING_TABLE       tl_mbox.o


    Execution Region RW_RAM_SHARED2 (Exec base: 0x20030028, Load base: 0x080080c0, Size: 0x00000a40, Max: 0x000027d8, ABSOLUTE, COMPRESSED[0x00000018])

    Exec Addr    Load Addr    Size         Type   Attr      Idx    E Section Name        Object

    0x20030028   COMPRESSED   0x0000010b   Data   RW          301    MB_MEM1             app_ble.o
    0x20030133   COMPRESSED   0x00000001   PAD
    0x20030134   COMPRESSED   0x000000b0   Data   RW         2042    MB_MEM1             tl_mbox.o
    0x200301e4   COMPRESSED   0x00000012   Data   RW           47    MB_MEM2             app_debug.o
    0x200301f6   COMPRESSED   0x00000002   PAD
    0x200301f8   COMPRESSED   0x00000860   Data   RW           84    MB_MEM2             app_entry.o
    0x20030a58   COMPRESSED   0x0000000f   Data   RW         2044    MB_MEM2             tl_mbox.o


==============================================================================

Image component sizes


      Code (inc. data)   RO Data    RW Data    ZI Data      Debug   Object Name

      3220        510       3084        281        147      18248   app_ble.o
       456          0        331         18          0       6975   app_debug.o
      1076        140        677       2144          0      16939   app_entry.o
       940          0          0          0          0      37065   ble_gap_aci.o
       654          0          0          0          0      34151   ble_gatt_aci.o
       246          0          0          0          0      11689   ble_hal_aci.o
       264          0          0          0          0      45092   ble_hci_le.o
       100          0          0          0          0       7389   ble_l2cap_aci.o
       222          0          0          1       4128       5988   dbg_trace.o
       544          0          0         16         45       5765   hci_tl.o
        22          0          0          0          0        985   hci_tl_if.o
       586          0          0          0          4      10338   hw_ipcc.o
      1810          0          0          0        157      13206   hw_timerserver.o
       142          0          0          0          8       7325   hw_uart.o
       406          0          0          0        584      12071   main.o
        30          0          0          0          0       1338   osal.o
        40          0          0          0          0        736   otp.o
       660        184        226          0          8       3862   p2p_server_app.o
       416         40          0          6          0       3720   p2p_stm.o
       242          0          0          0          0      17474   shci.o
       434          0          0         17         37       4964   shci_tl.o
        22          0          0          0          0        990   shci_tl_if.o
        36          8        316          0       4096        876   startup_stm32wb55xx_cm4.o
        68          0          0          4          4       2590   stm32_lpm.o
       854          0          0          8        156       7965   stm32_seq.o
       228          0          0          5          4      13712   stm32wbxx_hal.o
       306          0          0          0          0       9965   stm32wbxx_hal_cortex.o
       608          0          0          0          0       8657   stm32wbxx_hal_dma.o
       420          0          0          0          0       4882   stm32wbxx_hal_gpio.o
       110          0          0          0          0       7007   stm32wbxx_hal_ipcc.o
       244          0          0          0          0      14452   stm32wbxx_hal_msp.o
        18          0          0          0          0       5651   stm32wbxx_hal_pwr.o
        16          0          0          0          0      13949   stm32wbxx_hal_pwr_ex.o
      2572         48          0          0          0      19517   stm32wbxx_hal_rcc.o
      1130          0          0          0          0      25194   stm32wbxx_hal_rcc_ex.o
       290          0          0          0          0      16701   stm32wbxx_hal_rtc.o
       288          0          0          0          0      14609   stm32wbxx_hal_rtc_ex.o
      1398          0          0          0          0      37193   stm32wbxx_hal_uart.o
         6          0          0          0          0      10934   stm32wbxx_hal_uart_ex.o
        98          0          0          0          0       5925   stm32wbxx_it.o
       374          0         15         24          0       7200   stm32wbxx_nucleo.o
       134          0          0          0          0       4432   stm_list.o
       964          0          0          0          0       5266   stm_queue.o
       248          0          0          9          0       4222   svc_ctl.o
       110          0        128          4          0       3534   system_stm32wbxx.o
       750          0          0        231         28       8190   tl_mbox.o

    ----------------------------------------------------------------------
     24080        930       4844       2780       9424     518933   Object Totals
         0          0         64          0          0          0   (incl. Generated)
       278          0          3         12         18          0   (incl. Padding)

    ----------------------------------------------------------------------

      Code (inc. data)   RO Data    RW Data    ZI Data      Debug   Library Member Name

        58          0          0          0          0          0   __dczerorl.o
         0          0          0          0          0          0   entry.o
         0          0          0          0          0          0   entry10a.o
         0          0          0          0          0          0   entry11a.o
         8          4          0          0          0          0   entry2.o
         4          0          0          0          0          0   entry5.o
         0          0          0          0          0          0   entry7b.o
         0          0          0          0          0          0   entry8b.o
         8          4          0          0          0          0   entry9a.o
        30          0          0          0          0          0   handlers.o
        48         10          0          0          0         68   init.o
         0          0          0          0          0          0   iusefp.o
        30          0          0          0          0         68   llshl.o
        36          0          0          0          0         68   llsshr.o
        32          0          0          0          0         68   llushr.o
        36          0          0          0          0         68   memcpya.o
        36          0          0          0          0        108   memseta.o
      2258         90          0          0          0        452   printfa.o
        12          6          0          0          0         68   putchar.o
        36          6          0          0          0         80   puts.o
         0          0          0          4          0          0   stdout.o
        44          0          0          0          0         80   uidiv.o
        98          0          0          0          0         92   uldiv.o
        48          0          0          0          0         68   cdrcmple.o
       334          0          0          0          0        148   dadd.o
       222          0          0          0          0        100   ddiv.o
       186          0          0          0          0        176   depilogue.o
        48          0          0          0          0         68   dfixul.o
        26          0          0          0          0         76   dfltui.o
       228          0          0          0          0         96   dmul.o

    ----------------------------------------------------------------------
      3872        120          0          4          0       1952   Library Totals
         6          0          0          0          0          0   (incl. Padding)

    ----------------------------------------------------------------------

      Code (inc. data)   RO Data    RW Data    ZI Data      Debug   Library Name

      2774        120          0          4          0       1220   mc_w.l
      1092          0          0          0          0        732   mf_w.l

    ----------------------------------------------------------------------
      3872        120          0          4          0       1952   Library Totals

    ----------------------------------------------------------------------

==============================================================================


      Code (inc. data)   RO Data    RW Data    ZI Data      Debug   

     27952       1050       4844       2784       9424     519249   Grand Totals
     27952       1050       4844        184       9424     519249   ELF Image Totals (compressed)
     27952       1050       4844        184          0          0   ROM Totals

==============================================================================

    Total RO  Size (Code + RO Data)                32796 (  32.03kB)
    Total RW  Size (RW Data + ZI Data)             12208 (  11.92kB)
    Total ROM Size (Code + RO Data + RW Data)      32980 (  32.21kB)

==============================================================================

