Component: ARM Compiler 6.12 Tool: armlink [5d624300]

==============================================================================

Section Cross References

    startup_stm32wb55xx_cm4.o(RESET) refers to startup_stm32wb55xx_cm4.o(STACK) for __initial_sp
    startup_stm32wb55xx_cm4.o(RESET) refers to startup_stm32wb55xx_cm4.o(.text) for Reset_Handler
    startup_stm32wb55xx_cm4.o(RESET) refers to stm32wbxx_it.o(.text.NMI_Handler) for NMI_Handler
    startup_stm32wb55xx_cm4.o(RESET) refers to stm32wbxx_it.o(.text.HardFault_Handler) for HardFault_Handler
    startup_stm32wb55xx_cm4.o(RESET) refers to stm32wbxx_it.o(.text.MemManage_Handler) for MemManage_Handler
    startup_stm32wb55xx_cm4.o(RESET) refers to stm32wbxx_it.o(.text.BusFault_Handler) for BusFault_Handler
    startup_stm32wb55xx_cm4.o(RESET) refers to stm32wbxx_it.o(.text.UsageFault_Handler) for UsageFault_Handler
    startup_stm32wb55xx_cm4.o(RESET) refers to stm32wbxx_it.o(.text.SVC_Handler) for SVC_Handler
    startup_stm32wb55xx_cm4.o(RESET) refers to stm32wbxx_it.o(.text.DebugMon_Handler) for DebugMon_Handler
    startup_stm32wb55xx_cm4.o(RESET) refers to stm32wbxx_it.o(.text.PendSV_Handler) for PendSV_Handler
    startup_stm32wb55xx_cm4.o(RESET) refers to stm32wbxx_it.o(.text.SysTick_Handler) for SysTick_Handler
    startup_stm32wb55xx_cm4.o(RESET) refers to stm32wbxx_it.o(.text.RTC_WKUP_IRQHandler) for RTC_WKUP_IRQHandler
    startup_stm32wb55xx_cm4.o(RESET) refers to stm32wbxx_it.o(.text.EXTI0_IRQHandler) for EXTI0_IRQHandler
    startup_stm32wb55xx_cm4.o(RESET) refers to stm32wbxx_it.o(.text.EXTI1_IRQHandler) for EXTI1_IRQHandler
    startup_stm32wb55xx_cm4.o(RESET) refers to stm32wbxx_it.o(.text.EXTI4_IRQHandler) for EXTI4_IRQHandler
    startup_stm32wb55xx_cm4.o(RESET) refers to stm32wbxx_it.o(.text.DMA1_Channel4_IRQHandler) for DMA1_Channel4_IRQHandler
    startup_stm32wb55xx_cm4.o(RESET) refers to stm32wbxx_it.o(.text.USART1_IRQHandler) for USART1_IRQHandler
    startup_stm32wb55xx_cm4.o(RESET) refers to stm32wbxx_it.o(.text.LPUART1_IRQHandler) for LPUART1_IRQHandler
    startup_stm32wb55xx_cm4.o(RESET) refers to stm32wbxx_it.o(.text.IPCC_C1_RX_IRQHandler) for IPCC_C1_RX_IRQHandler
    startup_stm32wb55xx_cm4.o(RESET) refers to stm32wbxx_it.o(.text.IPCC_C1_TX_IRQHandler) for IPCC_C1_TX_IRQHandler
    startup_stm32wb55xx_cm4.o(RESET) refers to stm32wbxx_it.o(.text.DMA2_Channel4_IRQHandler) for DMA2_Channel4_IRQHandler
    startup_stm32wb55xx_cm4.o(.text) refers to system_stm32wbxx.o(.text.SystemInit) for SystemInit
    startup_stm32wb55xx_cm4.o(.text) refers to entry.o(.ARM.Collect$$$$00000000) for __main
    main.o(.text.main) refers to stm32wbxx_hal.o(.text.HAL_Init) for HAL_Init
    main.o(.text.main) refers to app_entry.o(.text.MX_APPE_Config) for MX_APPE_Config
    main.o(.text.main) refers to main.o(.text.SystemClock_Config) for SystemClock_Config
    main.o(.text.main) refers to main.o(.text.PeriphCommonClock_Config) for PeriphCommonClock_Config
    main.o(.text.main) refers to main.o(.text.MX_IPCC_Init) for MX_IPCC_Init
    main.o(.text.main) refers to main.o(.text.MX_GPIO_Init) for MX_GPIO_Init
    main.o(.text.main) refers to main.o(.text.MX_DMA_Init) for MX_DMA_Init
    main.o(.text.main) refers to main.o(.text.MX_RTC_Init) for MX_RTC_Init
    main.o(.text.main) refers to main.o(.text.MX_RF_Init) for MX_RF_Init
    main.o(.text.main) refers to app_entry.o(.text.MX_APPE_Init) for MX_APPE_Init
    main.o(.text.main) refers to app_entry.o(.text.MX_APPE_Process) for MX_APPE_Process
    main.o(.ARM.exidx.text.main) refers to main.o(.text.main) for [Anonymous Symbol]
    main.o(.text.SystemClock_Config) refers to memseta.o(.text) for __aeabi_memclr4
    main.o(.text.SystemClock_Config) refers to stm32wbxx_hal_pwr.o(.text.HAL_PWR_EnableBkUpAccess) for HAL_PWR_EnableBkUpAccess
    main.o(.text.SystemClock_Config) refers to main.o(.text.LL_RCC_LSE_SetDriveCapability) for LL_RCC_LSE_SetDriveCapability
    main.o(.text.SystemClock_Config) refers to stm32wbxx_hal_rcc.o(.text.HAL_RCC_OscConfig) for HAL_RCC_OscConfig
    main.o(.text.SystemClock_Config) refers to main.o(.text.Error_Handler) for Error_Handler
    main.o(.text.SystemClock_Config) refers to stm32wbxx_hal_rcc.o(.text.HAL_RCC_ClockConfig) for HAL_RCC_ClockConfig
    main.o(.ARM.exidx.text.SystemClock_Config) refers to main.o(.text.SystemClock_Config) for [Anonymous Symbol]
    main.o(.text.PeriphCommonClock_Config) refers to memseta.o(.text) for __aeabi_memclr4
    main.o(.text.PeriphCommonClock_Config) refers to stm32wbxx_hal_rcc_ex.o(.text.HAL_RCCEx_PeriphCLKConfig) for HAL_RCCEx_PeriphCLKConfig
    main.o(.text.PeriphCommonClock_Config) refers to main.o(.text.Error_Handler) for Error_Handler
    main.o(.ARM.exidx.text.PeriphCommonClock_Config) refers to main.o(.text.PeriphCommonClock_Config) for [Anonymous Symbol]
    main.o(.text.MX_IPCC_Init) refers to main.o(.bss.hipcc) for hipcc
[...]
    SVCCTL_InitCustomSvc                     0x08007bd5   Thumb Code     2  svc_ctl.o(.text.SVCCTL_InitCustomSvc)
    SVCCTL_RegisterSvcHandler                0x08007bd9   Thumb Code    34  svc_ctl.o(.text.SVCCTL_RegisterSvcHandler)
    SVCCTL_SvcInit                           0x08007bfd   Thumb Code    76  svc_ctl.o(.text.SVCCTL_SvcInit)
    SVCCTL_UserEvtRx                         0x08007c49   Thumb Code   220  svc_ctl.o(.text.SVCCTL_UserEvtRx)
    SVC_Handler                              0x08007d25   Thumb Code     2  stm32wbxx_it.o(.text.SVC_Handler)
    SysTick_Handler                          0x08007e35   Thumb Code     8  stm32wbxx_it.o(.text.SysTick_Handler)
    SystemClock_Config                       0x08007e3d   Thumb Code   190  main.o(.text.SystemClock_Config)
    SystemInit                               0x08007efd   Thumb Code   136  system_stm32wbxx.o(.text.SystemInit)
    TL_BLE_Init                              0x08007fad   Thumb Code   112  tl_mbox.o(.text.TL_BLE_Init)
    TL_BLE_SendCmd                           0x0800801d   Thumb Code    58  tl_mbox.o(.text.TL_BLE_SendCmd)
    TL_Enable                                0x08008059   Thumb Code     8  tl_mbox.o(.text.TL_Enable)
    TL_Init                                  0x08008061   Thumb Code   116  tl_mbox.o(.text.TL_Init)
    TL_MM_EvtDone                            0x080080d5   Thumb Code    56  tl_mbox.o(.text.TL_MM_EvtDone)
    TL_MM_Init                               0x0800810d   Thumb Code   126  tl_mbox.o(.text.TL_MM_Init)
    TL_SYS_Init                              0x0800818d   Thumb Code    92  tl_mbox.o(.text.TL_SYS_Init)
    TL_SYS_SendCmd                           0x080081e9   Thumb Code    58  tl_mbox.o(.text.TL_SYS_SendCmd)
    TL_TRACES_EvtReceived                    0x08008225   Thumb Code    12  tl_mbox.o(.text.TL_TRACES_EvtReceived)
    TL_TRACES_Init                           0x08008231   Thumb Code    44  tl_mbox.o(.text.TL_TRACES_Init)
    TPS_Init                                 0x0800825d   Thumb Code     2  svc_ctl.o(.text.TPS_Init)
    USART1_IRQHandler                        0x08008671   Thumb Code    16  stm32wbxx_it.o(.text.USART1_IRQHandler)
    UTIL_LPM_Init                            0x08008681   Thumb Code    24  stm32_lpm.o(.text.UTIL_LPM_Init)
    UTIL_LPM_SetOffMode                      0x08008699   Thumb Code   110  stm32_lpm.o(.text.UTIL_LPM_SetOffMode)
    UTIL_SEQ_CatchWarning                    0x08008709   Thumb Code    14  stm32_seq.o(.text.UTIL_SEQ_CatchWarning)
    UTIL_SEQ_EvtIdle                         0x08008719   Thumb Code    28  stm32_seq.o(.text.UTIL_SEQ_EvtIdle)
    UTIL_SEQ_Idle                            0x08008735   Thumb Code     2  app_entry.o(.text.UTIL_SEQ_Idle)
    UTIL_SEQ_PauseTask                       0x08008739   Thumb Code    58  stm32_seq.o(.text.UTIL_SEQ_PauseTask)
    UTIL_SEQ_PostIdle                        0x08008775   Thumb Code     2  stm32_seq.o(.text.UTIL_SEQ_PostIdle)
    UTIL_SEQ_PostTask                        0x08008779   Thumb Code    12  stm32_seq.o(.text.UTIL_SEQ_PostTask)
    UTIL_SEQ_PreIdle                         0x08008785   Thumb Code     2  stm32_seq.o(.text.UTIL_SEQ_PreIdle)
    UTIL_SEQ_PreTask                         0x08008789   Thumb Code    12  stm32_seq.o(.text.UTIL_SEQ_PreTask)
    UTIL_SEQ_RegTask                         0x08008795   Thumb Code    84  stm32_seq.o(.text.UTIL_SEQ_RegTask)
    UTIL_SEQ_ResumeTask                      0x080087e9   Thumb Code    56  stm32_seq.o(.text.UTIL_SEQ_ResumeTask)
    UTIL_SEQ_Run                             0x08008821   Thumb Code  1018  stm32_seq.o(.text.UTIL_SEQ_Run)
    UTIL_SEQ_SetEvt                          0x08008c1d   Thumb Code    56  stm32_seq.o(.text.UTIL_SEQ_SetEvt)
    UTIL_SEQ_SetTask                         0x08008c55   Thumb Code    92  stm32_seq.o(.text.UTIL_SEQ_SetTask)
    UTIL_SEQ_WaitEvt                         0x08008cb1   Thumb Code   178  stm32_seq.o(.text.UTIL_SEQ_WaitEvt)
    UsageFault_Handler                       0x08008e79   Thumb Code     4  stm32wbxx_it.o(.text.UsageFault_Handler)
    ZDD_STM_Init                             0x08008e7d   Thumb Code     2  svc_ctl.o(.text.ZDD_STM_Init)
    aci_gap_allow_rebond                     0x08009005   Thumb Code   142  ble_gap_aci.o(.text.aci_gap_allow_rebond)
    aci_gap_configure_filter_accept_list     0x08009095   Thumb Code    96  ble_gap_aci.o(.text.aci_gap_configure_filter_accept_list)
    aci_gap_init                             0x080090f5   Thumb Code   260  ble_gap_aci.o(.text.aci_gap_init)
    aci_gap_numeric_comparison_value_confirm_yesno 0x080091f9   Thumb Code   182  ble_gap_aci.o(.text.aci_gap_numeric_comparison_value_confirm_yesno)
    aci_gap_pass_key_resp                    0x080092b1   Thumb Code   180  ble_gap_aci.o(.text.aci_gap_pass_key_resp)
    aci_gap_set_authentication_requirement   0x08009365   Thumb Code   314  ble_gap_aci.o(.text.aci_gap_set_authentication_requirement)
    aci_gap_set_discoverable                 0x080094a1   Thumb Code   444  ble_gap_aci.o(.text.aci_gap_set_discoverable)
    aci_gap_set_io_capability                0x0800965d   Thumb Code   142  ble_gap_aci.o(.text.aci_gap_set_io_capability)
    aci_gap_set_non_discoverable             0x080096ed   Thumb Code    96  ble_gap_aci.o(.text.aci_gap_set_non_discoverable)
    aci_gap_update_adv_data                  0x0800974d   Thumb Code   190  ble_gap_aci.o(.text.aci_gap_update_adv_data)
    aci_gatt_add_char                        0x0800980d   Thumb Code   470  ble_gatt_aci.o(.text.aci_gatt_add_char)
    aci_gatt_add_service                     0x080099e5   Thumb Code   358  ble_gatt_aci.o(.text.aci_gatt_add_service)
    aci_gatt_confirm_indication              0x08009b4d   Thumb Code   144  ble_gatt_aci.o(.text.aci_gatt_confirm_indication)
    aci_gatt_init                            0x08009bdd   Thumb Code    98  ble_gatt_aci.o(.text.aci_gatt_init)
    aci_gatt_update_char_value               0x08009c41   Thumb Code   246  ble_gatt_aci.o(.text.aci_gatt_update_char_value)
    aci_hal_set_radio_activity_mask          0x08009d39   Thumb Code   146  ble_hal_aci.o(.text.aci_hal_set_radio_activity_mask)
    aci_hal_set_tx_power_level               0x08009dcd   Thumb Code   182  ble_hal_aci.o(.text.aci_hal_set_tx_power_level)
    aci_hal_write_config_data                0x08009e85   Thumb Code   200  ble_hal_aci.o(.text.aci_hal_write_config_data)
    aci_l2cap_connection_parameter_update_req 0x08009f4d   Thumb Code   230  ble_l2cap_aci.o(.text.aci_l2cap_connection_parameter_update_req)
    fputc                                    0x0800a0a1   Thumb Code    50  dbg_trace.o(.text.fputc)
    hci_cmd_resp_release                     0x0800a0d5   Thumb Code    20  app_ble.o(.text.hci_cmd_resp_release)
    hci_cmd_resp_wait                        0x0800a0e9   Thumb Code    20  app_ble.o(.text.hci_cmd_resp_wait)
    hci_init                                 0x0800a0fd   Thumb Code    60  hci_tl.o(.text.hci_init)
    hci_le_read_phy                          0x0800a139   Thumb Code   202  ble_hci_le.o(.text.hci_le_read_phy)
    hci_le_set_default_phy                   0x0800a205   Thumb Code   182  ble_hci_le.o(.text.hci_le_set_default_phy)
    hci_notify_asynch_evt                    0x0800a2bd   Thumb Code    24  app_ble.o(.text.hci_notify_asynch_evt)
    hci_register_io_bus                      0x0800a2d5   Thumb Code    36  hci_tl_if.o(.text.hci_register_io_bus)
    hci_reset                                0x0800a2f9   Thumb Code    94  ble_hci_le.o(.text.hci_reset)
    hci_send_req                             0x0800a359   Thumb Code   326  hci_tl.o(.text.hci_send_req)
    hci_user_evt_proc                        0x0800a4a1   Thumb Code   222  hci_tl.o(.text.hci_user_evt_proc)
    main                                     0x0800a715   Thumb Code    58  main.o(.text.main)
    shci_cmd_resp_release                    0x0800a751   Thumb Code    20  app_entry.o(.text.shci_cmd_resp_release)
    shci_cmd_resp_wait                       0x0800a765   Thumb Code    20  app_entry.o(.text.shci_cmd_resp_wait)
    shci_init                                0x0800a779   Thumb Code    60  shci_tl.o(.text.shci_init)
    shci_notify_asynch_evt                   0x0800a7b5   Thumb Code    24  app_entry.o(.text.shci_notify_asynch_evt)
    shci_register_io_bus                     0x0800a7cd   Thumb Code    36  shci_tl_if.o(.text.shci_register_io_bus)
    shci_send                                0x0800a7f1   Thumb Code   176  shci_tl.o(.text.shci_send)
    shci_user_evt_proc                       0x0800a8a1   Thumb Code   222  shci_tl.o(.text.shci_user_evt_proc)
    __0printf                                0x0800a981   Thumb Code    22  printfa.o(i.__0printf)
    __1printf                                0x0800a981   Thumb Code     0  printfa.o(i.__0printf)
    __2printf                                0x0800a981   Thumb Code     0  printfa.o(i.__0printf)
    __c89printf                              0x0800a981   Thumb Code     0  printfa.o(i.__0printf)
    printf                                   0x0800a981   Thumb Code     0  printfa.o(i.__0printf)
    __scatterload_copy                       0x0800a9a1   Thumb Code    14  handlers.o(i.__scatterload_copy)
    __scatterload_null                       0x0800a9af   Thumb Code     2  handlers.o(i.__scatterload_null)
    __scatterload_zeroinit                   0x0800a9b1   Thumb Code    14  handlers.o(i.__scatterload_zeroinit)
    AHBPrescTable                            0x0800b2d4   Data          64  system_stm32wbxx.o(.rodata.AHBPrescTable)
    BUTTON_IRQn                              0x0800b314   Data           3  stm32wbxx_nucleo.o(.rodata.BUTTON_IRQn)
    BUTTON_PIN                               0x0800b318   Data           6  stm32wbxx_nucleo.o(.rodata.BUTTON_PIN)
    GPIO_PIN                                 0x0800b31e   Data           6  stm32wbxx_nucleo.o(.rodata.GPIO_PIN)
    MSIRangeTable                            0x0800b324   Data          64  system_stm32wbxx.o(.rodata.MSIRangeTable)
    Region$$Table$$Base                      0x0800b514   Number         0  anon$$obj.o(Region$$Table)
    Region$$Table$$Limit                     0x0800b554   Number         0  anon$$obj.o(Region$$Table)
    __stdout                                 0x20000008   Data           4  stdout.o(.data)
    BUTTON_PORT                              0x2000000c   Data          12  stm32wbxx_nucleo.o(.data.BUTTON_PORT)
    DbgTracePeripheralReady                  0x20000018   Data           1  dbg_trace.o(.data.DbgTracePeripheralReady)
    GPIO_PORT                                0x2000001c   Data          12  stm32wbxx_nucleo.o(.data.GPIO_PORT)
    SystemCoreClock                          0x20000030   Data           4  system_stm32wbxx.o(.data.SystemCoreClock)
    a_ManufData                              0x20000038   Data          14  app_ble.o(.data.a_ManufData)
    uwTickFreq                               0x20000046   Data           1  stm32wbxx_hal.o(.data.uwTickFreq)
    uwTickPrio                               0x20000048   Data           4  stm32wbxx_hal.o(.data.uwTickPrio)
    UserEventFlow                            0x20000054   Data           1  hci_tl.o(BLE_DRIVER_CONTEXT)
    SVCCTL_EvtHandler                        0x2000005c   Data           8  svc_ctl.o(BLE_DRIVER_CONTEXT)
    SVCCTL_CltHandler                        0x20000064   Data           1  svc_ctl.o(BLE_DRIVER_CONTEXT)
    SHCI_TL_UserEventFlow                    0x20000074   Data           1  shci_tl.o(SYSTEM_DRIVER_CONTEXT)
    HW_hlpuart1TxCb                          0x20000128   Data           4  hw_uart.o(.bss.HW_hlpuart1TxCb)
    HW_huart1TxCb                            0x2000012c   Data           4  hw_uart.o(.bss.HW_huart1TxCb)
    HandleNotification                       0x20000130   Data           4  app_ble.o(.bss.HandleNotification)
    hdma_lpuart1_tx                          0x200012e0   Data          96  main.o(.bss.hdma_lpuart1_tx)
    hdma_usart1_tx                           0x20001340   Data          96  main.o(.bss.hdma_usart1_tx)
    hipcc                                    0x200013a0   Data          60  main.o(.bss.hipcc)
    hlpuart1                                 0x200013dc   Data         148  main.o(.bss.hlpuart1)
    hrtc                                     0x20001470   Data          36  main.o(.bss.hrtc)
    huart1                                   0x20001494   Data         148  main.o(.bss.huart1)
    index_con_int                            0x20001528   Data           1  app_ble.o(.bss.index_con_int)
    mutex                                    0x20001529   Data           1  app_ble.o(.bss.mutex)
    uwTick                                   0x2000154c   Data           4  stm32wbxx_hal.o(.bss.uwTick)
    __initial_sp                             0x20002550   Data           0  startup_stm32wb55xx_cm4.o(STACK)



==============================================================================

Memory Map of the image

  Image Entry point : 0x0800013d

  Load Region LR_IROM1 (Base: 0x08000000, Size: 0x0000c038, Max: 0x00080000, ABSOLUTE, COMPRESSED[0x0000b610])

    Execution Region ER_IROM1 (Exec base: 0x08000000, Load base: 0x08000000, Size: 0x0000b554, Max: 0x00080000, ABSOLUTE)

    Exec Addr    Load Addr    Size         Type   Attr      Idx    E Section Name        Object

    0x08000000   0x08000000   0x0000013c   Data   RO            3    RESET               startup_stm32wb55xx_cm4.o
    0x0800013c   0x0800013c   0x00000000   Code   RO         3050  * .ARM.Collect$$$$00000000  mc_w.l(entry.o)
    0x0800013c   0x0800013c   0x00000004   Code   RO         3102    .ARM.Collect$$$$00000001  mc_w.l(entry2.o)
    0x08000140   0x08000140   0x00000004   Code   RO         3105    .ARM.Collect$$$$00000004  mc_w.l(entry5.o)
    0x08000144   0x08000144   0x00000000   Code   RO         3107    .ARM.Collect$$$$00000008  mc_w.l(entry7b.o)
    0x08000144   0x08000144   0x00000000   Code   RO         3109    .ARM.Collect$$$$0000000A  mc_w.l(entry8b.o)
    0x08000144   0x08000144   0x00000008   Code   RO         3110    .ARM.Collect$$$$0000000B  mc_w.l(entry9a.o)
    0x0800014c   0x0800014c   0x00000000   Code   RO         3112    .ARM.Collect$$$$0000000D  mc_w.l(entry10a.o)
    0x0800014c   0x0800014c   0x00000000   Code   RO         3114    .ARM.Collect$$$$0000000F  mc_w.l(entry11a.o)
    0x0800014c   0x0800014c   0x00000004   Code   RO         3103    .ARM.Collect$$$$00002712  mc_w.l(entry2.o)
    0x08000150   0x08000150   0x00000024   Code   RO            4    .text               startup_stm32wb55xx_cm4.o
    0x08000174   0x08000174   0x00000062   Code   RO         3058    .text               mc_w.l(uldiv.o)
    0x080001d6   0x080001d6   0x00000024   Code   RO         3062    .text               mc_w.l(memcpya.o)
    0x080001fa   0x080001fa   0x00000024   Code   RO         3064    .text               mc_w.l(memseta.o)
    0x0800021e   0x0800021e   0x0000000e   Code   RO         3066    .text               mc_w.l(strlen.o)
    0x0800022c   0x0800022c   0x0000002c   Code   RO         3117    .text               mc_w.l(uidiv.o)
    0x08000258   0x08000258   0x0000001e   Code   RO         3119    .text               mc_w.l(llshl.o)
    0x08000276   0x08000276   0x00000020   Code   RO         3121    .text               mc_w.l(llushr.o)
    0x08000296   0x08000296   0x00000000   Code   RO         3123    .text               mc_w.l(iusefp.o)
    0x08000296   0x08000296   0x0000014e   Code   RO         3124    .text               mf_w.l(dadd.o)
    0x080003e4   0x080003e4   0x000000e4   Code   RO         3126    .text               mf_w.l(dmul.o)
    0x080004c8   0x080004c8   0x000000de   Code   RO         3128    .text               mf_w.l(ddiv.o)
    0x080005a6   0x080005a6   0x00000030   Code   RO         3130    .text               mf_w.l(dfixul.o)
    0x080005d6   0x080005d6   0x00000002   PAD
    0x080005d8   0x080005d8   0x00000030   Code   RO         3132    .text               mf_w.l(cdrcmple.o)
    0x08000608   0x08000608   0x00000024   Code   RO         3134    .text               mc_w.l(init.o)
    0x0800062c   0x0800062c   0x00000024   Code   RO         3136    .text               mc_w.l(llsshr.o)
    0x08000650   0x08000650   0x000000ba   Code   RO         3138    .text               mf_w.l(depilogue.o)
    0x0800070a   0x0800070a   0x0000003a   Code   RO         3148    .text               mc_w.l(__dczerorl.o)
    0x08000744   0x08000744   0x00000002   Code   RO           59    .text.APPD_BleDtbCfg  app_debug.o
    0x08000746   0x08000746   0x00000002   PAD
    0x08000748   0x08000748   0x00000028   Code   RO           61    .text.APPD_EnableCPU2  app_debug.o
    0x08000770   0x08000770   0x00000020   Code   RO           53    .text.APPD_Init     app_debug.o
    0x08000790   0x08000790   0x000001aa   Code   RO           57    .text.APPD_SetCPU2GpioConfig  app_debug.o
    0x0800093a   0x0800093a   0x00000002   PAD
    0x0800093c   0x0800093c   0x00000028   Code   RO          168    .text.APPE_SysEvtError  app_entry.o
    0x08000964   0x08000964   0x0000008c   Code   RO          166    .text.APPE_SysEvtReadyProcessing  app_entry.o
    0x080009f0   0x080009f0   0x0000000e   Code   RO          162    .text.APPE_SysStatusNot  app_entry.o
    0x080009fe   0x080009fe   0x00000002   PAD
    0x08000a00   0x08000a00   0x0000005c   Code   RO          164    .text.APPE_SysUserEvtRx  app_entry.o
    0x08000a5c   0x08000a5c   0x0000013a   Code   RO          418    .text.APP_BLE_Init  app_ble.o
    0x08000b96   0x08000b96   0x00000002   PAD
    0x08000b98   0x08000b98   0x00000008   Code   RO          438    .text.APP_BLE_Key_Button1_Action  app_ble.o
    0x08000ba0   0x08000ba0   0x0000000c   Code   RO          440    .text.APP_BLE_Key_Button2_Action  app_ble.o
    0x08000bac   0x08000bac   0x00000002   Code   RO          442    .text.APP_BLE_Key_Button3_Action  app_ble.o
    0x08000bae   0x08000bae   0x00000002   PAD
    0x08000bb0   0x08000bb0   0x0000004e   Code   RO          424    .text.Adv_Cancel    app_ble.o
    0x08000bfe   0x08000bfe   0x00000002   PAD
    0x08000c00   0x08000c00   0x0000000c   Code   RO          428    .text.Adv_Cancel_Req  app_ble.o
    0x08000c0c   0x08000c0c   0x00000160   Code   RO          432    .text.Adv_Request   app_ble.o
    0x08000d6c   0x08000d6c   0x00000002   Code   RO         2855    .text.BAS_Init      svc_ctl.o
    0x08000d6e   0x08000d6e   0x00000002   PAD
    0x08000d70   0x08000d70   0x0000007c   Code   RO          464    .text.BLE_SVC_L2CAP_Conn_Update  app_ble.o
    0x08000dec   0x08000dec   0x00000040   Code   RO          452    .text.BLE_StatusNot  app_ble.o
    0x08000e2c   0x08000e2c   0x0000003a   Code   RO          454    .text.BLE_UserEvtRx  app_ble.o
    0x08000e66   0x08000e66   0x00000002   PAD
    0x08000e68   0x08000e68   0x00000002   Code   RO         2857    .text.BLS_Init      svc_ctl.o
    0x08000e6a   0x08000e6a   0x00000002   PAD
    0x08000e6c   0x08000e6c   0x0000007c   Code   RO          596    .text.BSP_LED_Init  stm32wbxx_nucleo.o
    0x08000ee8   0x08000ee8   0x0000003c   Code   RO          604    .text.BSP_LED_Off   stm32wbxx_nucleo.o
    0x08000f24   0x08000f24   0x0000003c   Code   RO          602    .text.BSP_LED_On    stm32wbxx_nucleo.o
    0x08000f60   0x08000f60   0x00000114   Code   RO          608    .text.BSP_PB_Init   stm32wbxx_nucleo.o
    0x08001074   0x08001074   0x00000002   Code   RO         2887    .text.BVOPUS_STM_Init  svc_ctl.o
    0x08001076   0x08001076   0x00000002   PAD
    0x08001078   0x08001078   0x00000082   Code   RO          456    .text.BleGetBdAddress  app_ble.o
    0x080010fa   0x080010fa   0x00000002   PAD
    0x080010fc   0x080010fc   0x00000272   Code   RO          422    .text.Ble_Hci_Gap_Gatt_Init  app_ble.o
    0x0800136e   0x0800136e   0x00000002   PAD
    0x08001370   0x08001370   0x0000002a   Code   RO          420    .text.Ble_Tl_Init   app_ble.o
    0x0800139a   0x0800139a   0x00000002   PAD
    0x0800139c   0x0800139c   0x00000004   Code   RO          330    .text.BusFault_Handler  stm32wbxx_it.o
    0x080013a0   0x080013a0   0x00000022   Code   RO           96    .text.Button_Init   app_entry.o
    0x080013c2   0x080013c2   0x00000002   PAD
    0x080013c4   0x080013c4   0x00000002   Code   RO         2859    .text.CRS_STM_Init  svc_ctl.o
    0x080013c6   0x080013c6   0x00000002   PAD
    0x080013c8   0x080013c8   0x00000500   Code   RO         2833    .text.CircularQueue_Add  stm_queue.o
    0x080018c8   0x080018c8   0x00000080   Code   RO         2831    .text.CircularQueue_Init  stm_queue.o
    0x08001948   0x08001948   0x00000218   Code   RO         2837    .text.CircularQueue_Remove  stm_queue.o
    0x08001b60   0x08001b60   0x0000019c   Code   RO         2841    .text.CircularQueue_Sense  stm_queue.o
    0x08001cfc   0x08001cfc   0x00000082   Code   RO         2706    .text.Cmd_SetStatus  shci_tl.o
    0x08001d7e   0x08001d7e   0x00000002   PAD
    0x08001d80   0x08001d80   0x00000022   Code   RO           86    .text.Config_HSE    app_entry.o
    0x08001da2   0x08001da2   0x00000002   PAD
    0x08001da4   0x08001da4   0x00000038   Code   RO          426    .text.Connection_Interval_Update_Req  app_ble.o
    0x08001ddc   0x08001ddc   0x00000002   Code   RO         2861    .text.DIS_Init      svc_ctl.o
    0x08001dde   0x08001dde   0x00000002   PAD
    0x08001de0   0x08001de0   0x00000010   Code   RO          344    .text.DMA1_Channel4_IRQHandler  stm32wbxx_it.o
    0x08001df0   0x08001df0   0x00000010   Code   RO          354    .text.DMA2_Channel4_IRQHandler  stm32wbxx_it.o
    0x08001e00   0x08001e00   0x00000088   Code   RO          891    .text.DMA_SetConfig  stm32wbxx_hal_dma.o
    0x08001e88   0x08001e88   0x00000008   Code   RO           63    .text.DbgOutputInit  app_debug.o
    0x08001e90   0x08001e90   0x00000038   Code   RO           65    .text.DbgOutputTraces  app_debug.o
    0x08001ec8   0x08001ec8   0x00000030   Code   RO         3027    .text.DbgTraceInit  dbg_trace.o
    0x08001ef8   0x08001ef8   0x000000d4   Code   RO         3031    .text.DbgTraceWrite  dbg_trace.o
    0x08001fcc   0x08001fcc   0x0000007a   Code   RO         3033    .text.DbgTrace_TxCpltCallback  dbg_trace.o
    0x08002046   0x08002046   0x00000002   PAD
    0x08002048   0x08002048   0x00000002   Code   RO          336    .text.DebugMon_Handler  stm32wbxx_it.o
    0x0800204a   0x0800204a   0x00000002   PAD
    0x0800204c   0x0800204c   0x00000002   Code   RO         2863    .text.EDS_STM_Init  svc_ctl.o
    0x0800204e   0x0800204e   0x00000002   PAD
    0x08002050   0x08002050   0x0000000a   Code   RO          358    .text.EXTI0_IRQHandler  stm32wbxx_it.o
    0x0800205a   0x0800205a   0x00000002   PAD
    0x0800205c   0x0800205c   0x0000000a   Code   RO          360    .text.EXTI1_IRQHandler  stm32wbxx_it.o
    0x08002066   0x08002066   0x00000002   PAD
    0x08002068   0x08002068   0x0000000a   Code   RO          356    .text.EXTI4_IRQHandler  stm32wbxx_it.o
    0x08002072   0x08002072   0x00000002   PAD
    0x08002074   0x08002074   0x00000002   Code   RO           29    .text.Error_Handler  main.o
    0x08002076   0x08002076   0x00000002   PAD
    0x08002078   0x08002078   0x00000008   Code   RO          714    .text.HAL_DBGMCU_EnableDBGSleepMode  stm32wbxx_hal.o
    0x08002080   0x08002080   0x00000008   Code   RO          722    .text.HAL_DBGMCU_EnableDBGStopMode  stm32wbxx_hal.o
    0x08002088   0x08002088   0x000000c2   Code   RO          895    .text.HAL_DMA_Abort  stm32wbxx_hal_dma.o
    0x0800214a   0x0800214a   0x00000002   PAD
    0x0800214c   0x0800214c   0x000000b8   Code   RO          897    .text.HAL_DMA_Abort_IT  stm32wbxx_hal_dma.o
    0x08002204   0x08002204   0x0000016a   Code   RO          901    .text.HAL_DMA_IRQHandler  stm32wbxx_hal_dma.o
    0x0800236e   0x0800236e   0x00000002   PAD
    0x08002370   0x08002370   0x00000114   Code   RO          893    .text.HAL_DMA_Start_IT  stm32wbxx_hal_dma.o
    0x08002484   0x08002484   0x00000050   Code   RO          106    .text.HAL_Delay     app_entry.o
    0x080024d4   0x080024d4   0x00000042   Code   RO          120    .text.HAL_GPIO_EXTI_Callback  app_entry.o
    0x08002516   0x08002516   0x00000002   PAD
    0x08002518   0x08002518   0x0000003c   Code   RO         1074    .text.HAL_GPIO_EXTI_IRQHandler  stm32wbxx_hal_gpio.o
    0x08002554   0x08002554   0x00000342   Code   RO         1060    .text.HAL_GPIO_Init  stm32wbxx_hal_gpio.o
    0x08002896   0x08002896   0x00000002   PAD
    0x08002898   0x08002898   0x00000040   Code   RO         1066    .text.HAL_GPIO_WritePin  stm32wbxx_hal_gpio.o
    0x080028d8   0x080028d8   0x0000000c   Code   RO          684    .text.HAL_GetTick   stm32wbxx_hal.o
    0x080028e4   0x080028e4   0x0000000c   Code   RO          690    .text.HAL_GetTickFreq  stm32wbxx_hal.o
    0x080028f0   0x080028f0   0x0000000c   Code   RO          686    .text.HAL_GetTickPrio  stm32wbxx_hal.o
    0x080028fc   0x080028fc   0x00000076   Code   RO         1088    .text.HAL_IPCC_Init  stm32wbxx_hal_ipcc.o
    0x08002972   0x08002972   0x00000002   PAD
    0x08002974   0x08002974   0x00000056   Code   RO          374    .text.HAL_IPCC_MspInit  stm32wbxx_hal_msp.o
    0x080029ca   0x080029ca   0x00000002   PAD
    0x080029cc   0x080029cc   0x00000020   Code   RO         1108    .text.HAL_IPCC_RxCallback  stm32wbxx_hal_ipcc.o
    0x080029ec   0x080029ec   0x00000020   Code   RO         1106    .text.HAL_IPCC_TxCallback  stm32wbxx_hal_ipcc.o
    0x08002a0c   0x08002a0c   0x0000001a   Code   RO          682    .text.HAL_IncTick   stm32wbxx_hal.o
    0x08002a26   0x08002a26   0x00000002   PAD
    0x08002a28   0x08002a28   0x00000046   Code   RO          644    .text.HAL_Init      stm32wbxx_hal.o
    0x08002a6e   0x08002a6e   0x00000002   PAD
    0x08002a70   0x08002a70   0x0000008c   Code   RO          646    .text.HAL_InitTick  stm32wbxx_hal.o
    0x08002afc   0x08002afc   0x00000026   Code   RO          370    .text.HAL_MspInit   stm32wbxx_hal_msp.o
    0x08002b22   0x08002b22   0x00000002   PAD
    0x08002b24   0x08002b24   0x00000018   Code   RO          853    .text.HAL_NVIC_ClearPendingIRQ  stm32wbxx_hal_cortex.o
    0x08002b3c   0x08002b3c   0x00000018   Code   RO          825    .text.HAL_NVIC_DisableIRQ  stm32wbxx_hal_cortex.o
    0x08002b54   0x08002b54   0x00000018   Code   RO          821    .text.HAL_NVIC_EnableIRQ  stm32wbxx_hal_cortex.o
    0x08002b6c   0x08002b6c   0x00000018   Code   RO          845    .text.HAL_NVIC_SetPendingIRQ  stm32wbxx_hal_cortex.o
    0x08002b84   0x08002b84   0x00000048   Code   RO          813    .text.HAL_NVIC_SetPriority  stm32wbxx_hal_cortex.o
    0x08002bcc   0x08002bcc   0x00000014   Code   RO          809    .text.HAL_NVIC_SetPriorityGrouping  stm32wbxx_hal_cortex.o
    0x08002be0   0x08002be0   0x00000010   Code   RO         1186    .text.HAL_PWREx_GetVoltageRange  stm32wbxx_hal_pwr_ex.o
    0x08002bf0   0x08002bf0   0x00000012   Code   RO         1134    .text.HAL_PWR_EnableBkUpAccess  stm32wbxx_hal_pwr.o
    0x08002c02   0x08002c02   0x00000002   PAD
    0x08002c04   0x08002c04   0x00000340   Code   RO         1510    .text.HAL_RCCEx_PeriphCLKConfig  stm32wbxx_hal_rcc_ex.o
    0x08002f44   0x08002f44   0x0000032c   Code   RO         1428    .text.HAL_RCC_ClockConfig  stm32wbxx_hal_rcc.o
    0x08003270   0x08003270   0x0000002c   Code   RO         1378    .text.HAL_RCC_GetHCLKFreq  stm32wbxx_hal_rcc.o
    0x0800329c   0x0800329c   0x00000122   Code   RO         1456    .text.HAL_RCC_GetSysClockFreq  stm32wbxx_hal_rcc.o
    0x080033be   0x080033be   0x00000002   PAD
    0x080033c0   0x080033c0   0x00000878   Code   RO         1368    .text.HAL_RCC_OscConfig  stm32wbxx_hal_rcc.o
    0x08003c38   0x08003c38   0x00000082   Code   RO         1866    .text.HAL_RTCEx_EnableBypassShadow  stm32wbxx_hal_rtc_ex.o
    0x08003cba   0x08003cba   0x00000002   PAD
    0x08003cbc   0x08003cbc   0x000001f4   Code   RO         1838    .text.HAL_RTCEx_SetWakeUpTimer_IT  stm32wbxx_hal_rtc_ex.o
    0x08003eb0   0x08003eb0   0x00000126   Code   RO         1740    .text.HAL_RTC_Init  stm32wbxx_hal_rtc.o
    0x08003fd6   0x08003fd6   0x00000002   PAD
    0x08003fd8   0x08003fd8   0x00000074   Code   RO          398    .text.HAL_RTC_MspInit  stm32wbxx_hal_msp.o
    0x0800404c   0x0800404c   0x00000060   Code   RO         1778    .text.HAL_RTC_WaitForSynchro  stm32wbxx_hal_rtc.o
    0x080040ac   0x080040ac   0x00000014   Code   RO          833    .text.HAL_SYSTICK_Config  stm32wbxx_hal_cortex.o
    0x080040c0   0x080040c0   0x00000014   Code   RO         1981    .text.HAL_UARTEx_RxEventCallback  stm32wbxx_hal_uart.o
    0x080040d4   0x080040d4   0x0000000c   Code   RO         2044    .text.HAL_UARTEx_RxFifoFullCallback  stm32wbxx_hal_uart_ex.o
    0x080040e0   0x080040e0   0x0000000c   Code   RO         2046    .text.HAL_UARTEx_TxFifoEmptyCallback  stm32wbxx_hal_uart_ex.o
    0x080040ec   0x080040ec   0x0000000c   Code   RO         2042    .text.HAL_UARTEx_WakeupCallback  stm32wbxx_hal_uart_ex.o
    0x080040f8   0x080040f8   0x0000000c   Code   RO         1979    .text.HAL_UART_ErrorCallback  stm32wbxx_hal_uart.o
    0x08004104   0x08004104   0x000005b4   Code   RO         1975    .text.HAL_UART_IRQHandler  stm32wbxx_hal_uart.o
    0x080046b8   0x080046b8   0x00000126   Code   RO         1927    .text.HAL_UART_Transmit_DMA  stm32wbxx_hal_uart.o
    0x080047de   0x080047de   0x00000002   PAD
    0x080047e0   0x080047e0   0x00000074   Code   RO          308    .text.HAL_UART_TxCpltCallback  hw_uart.o
    0x08004854   0x08004854   0x0000000c   Code   RO         1987    .text.HAL_UART_TxHalfCpltCallback  stm32wbxx_hal_uart.o
    0x08004860   0x08004860   0x00000002   Code   RO         2865    .text.HIDS_Init     svc_ctl.o
    0x08004862   0x08004862   0x00000002   PAD
    0x08004864   0x08004864   0x00000002   Code   RO         2867    .text.HRS_Init      svc_ctl.o
    0x08004866   0x08004866   0x00000002   PAD
    0x08004868   0x08004868   0x00000002   Code   RO         2869    .text.HTS_Init      svc_ctl.o
    0x0800486a   0x0800486a   0x00000002   PAD
    0x0800486c   0x0800486c   0x00000018   Code   RO         2751    .text.HW_IPCC_BLE_AclDataAckNot  tl_mbox.o
    0x08004884   0x08004884   0x00000036   Code   RO          531    .text.HW_IPCC_BLE_AclDataEvtHandler  hw_ipcc.o
    0x080048ba   0x080048ba   0x00000002   PAD
    0x080048bc   0x080048bc   0x00000016   Code   RO          519    .text.HW_IPCC_BLE_EvtHandler  hw_ipcc.o
    0x080048d2   0x080048d2   0x00000002   PAD
    0x080048d4   0x080048d4   0x00000032   Code   RO          551    .text.HW_IPCC_BLE_Init  hw_ipcc.o
    0x08004906   0x08004906   0x00000002   PAD
    0x08004908   0x08004908   0x00000068   Code   RO         2747    .text.HW_IPCC_BLE_RxEvtNot  tl_mbox.o
    0x08004970   0x08004970   0x00000012   Code   RO          555    .text.HW_IPCC_BLE_SendCmd  hw_ipcc.o
    0x08004982   0x08004982   0x00000002   PAD
    0x08004984   0x08004984   0x00000028   Code   RO          533    .text.HW_IPCC_Enable  hw_ipcc.o
    0x080049ac   0x080049ac   0x00000030   Code   RO          543    .text.HW_IPCC_Init  hw_ipcc.o
    0x080049dc   0x080049dc   0x0000004a   Code   RO          529    .text.HW_IPCC_MM_FreeBufHandler  hw_ipcc.o
    0x08004a26   0x08004a26   0x00000002   PAD
    0x08004a28   0x08004a28   0x00000070   Code   RO          575    .text.HW_IPCC_MM_SendFreeBuf  hw_ipcc.o
    0x08004a98   0x08004a98   0x00000092   Code   RO          513    .text.HW_IPCC_Rx_Handler  hw_ipcc.o
    0x08004b2a   0x08004b2a   0x00000002   PAD
    0x08004b2c   0x08004b2c   0x00000036   Code   RO          527    .text.HW_IPCC_SYS_CmdEvtHandler  hw_ipcc.o
    0x08004b62   0x08004b62   0x00000002   PAD
    0x08004b64   0x08004b64   0x00000036   Code   RO         2757    .text.HW_IPCC_SYS_CmdEvtNot  tl_mbox.o
    0x08004b9a   0x08004b9a   0x00000002   PAD
    0x08004b9c   0x08004b9c   0x00000016   Code   RO          517    .text.HW_IPCC_SYS_EvtHandler  hw_ipcc.o
    0x08004bb2   0x08004bb2   0x00000002   PAD
    0x08004bb4   0x08004bb4   0x00000048   Code   RO         2759    .text.HW_IPCC_SYS_EvtNot  tl_mbox.o
    0x08004bfc   0x08004bfc   0x00000032   Code   RO          567    .text.HW_IPCC_SYS_Init  hw_ipcc.o
    0x08004c2e   0x08004c2e   0x00000002   PAD
    0x08004c30   0x08004c30   0x0000003e   Code   RO          569    .text.HW_IPCC_SYS_SendCmd  hw_ipcc.o
    0x08004c6e   0x08004c6e   0x00000002   PAD
    0x08004c70   0x08004c70   0x00000016   Code   RO          521    .text.HW_IPCC_TRACES_EvtHandler  hw_ipcc.o
    0x08004c86   0x08004c86   0x00000002   PAD
    0x08004c88   0x08004c88   0x00000032   Code   RO         2769    .text.HW_IPCC_TRACES_EvtNot  tl_mbox.o
    0x08004cba   0x08004cba   0x00000002   PAD
    0x08004cbc   0x08004cbc   0x00000032   Code   RO          577    .text.HW_IPCC_TRACES_Init  hw_ipcc.o
    0x08004cee   0x08004cee   0x00000002   PAD
    0x08004cf0   0x08004cf0   0x00000092   Code   RO          523    .text.HW_IPCC_Tx_Handler  hw_ipcc.o
    0x08004d82   0x08004d82   0x00000002   PAD
    0x08004d84   0x08004d84   0x00000106   Code   RO          259    .text.HW_TS_Create  hw_timerserver.o
    0x08004e8a   0x08004e8a   0x00000002   PAD
    0x08004e8c   0x08004e8c   0x00000200   Code   RO          253    .text.HW_TS_Init    hw_timerserver.o
    0x0800508c   0x0800508c   0x00000024   Code   RO          249    .text.HW_TS_RTC_Int_AppNot  hw_timerserver.o
    0x080050b0   0x080050b0   0x000001bc   Code   RO          241    .text.HW_TS_RTC_Wakeup_Handler  hw_timerserver.o
    0x0800526c   0x0800526c   0x0000011a   Code   RO          245    .text.HW_TS_Start   hw_timerserver.o
    0x08005386   0x08005386   0x00000002   PAD
    0x08005388   0x08005388   0x00000154   Code   RO          247    .text.HW_TS_Stop    hw_timerserver.o
    0x080054dc   0x080054dc   0x000000e2   Code   RO          300    .text.HW_UART_Transmit_DMA  hw_uart.o
    0x080055be   0x080055be   0x00000002   PAD
    0x080055c0   0x080055c0   0x00000004   Code   RO          326    .text.HardFault_Handler  stm32wbxx_it.o
    0x080055c4   0x080055c4   0x00000002   Code   RO         2871    .text.IAS_Init      svc_ctl.o
    0x080055c6   0x080055c6   0x00000002   PAD
    0x080055c8   0x080055c8   0x00000008   Code   RO          350    .text.IPCC_C1_RX_IRQHandler  stm32wbxx_it.o
    0x080055d0   0x080055d0   0x00000008   Code   RO          352    .text.IPCC_C1_TX_IRQHandler  stm32wbxx_it.o
    0x080055d8   0x080055d8   0x00000020   Code   RO         1092    .text.IPCC_Reset_Register  stm32wbxx_hal_ipcc.o
    0x080055f8   0x080055f8   0x00000048   Code   RO         1094    .text.IPCC_SetDefaultCallbacks  stm32wbxx_hal_ipcc.o
    0x08005640   0x08005640   0x0000000a   Code   RO          102    .text.Init_Exti     app_entry.o
    0x0800564a   0x0800564a   0x00000002   PAD
    0x0800564c   0x0800564c   0x00000024   Code   RO          150    .text.Init_Rtc      app_entry.o
    0x08005670   0x08005670   0x00000002   Code   RO          100    .text.Init_Smps     app_entry.o
    0x08005672   0x08005672   0x00000002   PAD
    0x08005674   0x08005674   0x00000002   Code   RO         2873    .text.LLS_Init      svc_ctl.o
    0x08005676   0x08005676   0x00000002   PAD
    0x08005678   0x08005678   0x00000026   Code   RO           35    .text.LL_AHB1_GRP1_EnableClock  main.o
    0x0800569e   0x0800569e   0x00000002   PAD
    0x080056a0   0x080056a0   0x00000026   Code   RO           37    .text.LL_AHB2_GRP1_EnableClock  main.o
    0x080056c6   0x080056c6   0x00000002   PAD
    0x080056c8   0x080056c8   0x00000026   Code   RO           67    .text.LL_AHB2_GRP1_EnableClock  app_debug.o
    0x080056ee   0x080056ee   0x00000002   PAD
    0x080056f0   0x080056f0   0x00000026   Code   RO          598    .text.LL_AHB2_GRP1_EnableClock  stm32wbxx_nucleo.o
    0x08005716   0x08005716   0x00000002   PAD
    0x08005718   0x08005718   0x00000026   Code   RO          134    .text.LL_AHB3_GRP1_EnableClock  app_entry.o
    0x0800573e   0x0800573e   0x00000002   PAD
    0x08005740   0x08005740   0x00000026   Code   RO          372    .text.LL_AHB3_GRP1_EnableClock  stm32wbxx_hal_msp.o
    0x08005766   0x08005766   0x00000002   PAD
    0x08005768   0x08005768   0x00000026   Code   RO          545    .text.LL_AHB3_GRP1_EnableClock  hw_ipcc.o
    0x0800578e   0x0800578e   0x00000002   PAD
    0x08005790   0x08005790   0x00000026   Code   RO          402    .text.LL_APB1_GRP1_EnableClock  stm32wbxx_hal_msp.o
    0x080057b6   0x080057b6   0x00000002   PAD
    0x080057b8   0x080057b8   0x00000018   Code   RO          136    .text.LL_C1_IPCC_ClearFlag_CHx  app_entry.o
    0x080057d0   0x080057d0   0x00000018   Code   RO          581    .text.LL_C1_IPCC_ClearFlag_CHx  hw_ipcc.o
    0x080057e8   0x080057e8   0x00000020   Code   RO          144    .text.LL_C1_IPCC_DisableReceiveChannel  app_entry.o
    0x08005808   0x08005808   0x00000020   Code   RO          140    .text.LL_C1_IPCC_DisableTransmitChannel  app_entry.o
    0x08005828   0x08005828   0x00000020   Code   RO          583    .text.LL_C1_IPCC_DisableTransmitChannel  hw_ipcc.o
    0x08005848   0x08005848   0x00000016   Code   RO          547    .text.LL_C1_IPCC_EnableIT_RXO  hw_ipcc.o
    0x0800585e   0x0800585e   0x00000002   PAD
    0x08005860   0x08005860   0x00000016   Code   RO          549    .text.LL_C1_IPCC_EnableIT_TXF  hw_ipcc.o
    0x08005876   0x08005876   0x00000002   PAD
    0x08005878   0x08005878   0x00000020   Code   RO          553    .text.LL_C1_IPCC_EnableReceiveChannel  hw_ipcc.o
    0x08005898   0x08005898   0x00000020   Code   RO          561    .text.LL_C1_IPCC_EnableTransmitChannel  hw_ipcc.o
    0x080058b8   0x080058b8   0x00000022   Code   RO          525    .text.LL_C1_IPCC_IsActiveFlag_CHx  hw_ipcc.o
    0x080058da   0x080058da   0x00000002   PAD
    0x080058dc   0x080058dc   0x0000001a   Code   RO          557    .text.LL_C1_IPCC_SetFlag_CHx  hw_ipcc.o
    0x080058f6   0x080058f6   0x00000002   PAD
    0x080058f8   0x080058f8   0x00000028   Code   RO           69    .text.LL_C2_AHB2_GRP1_EnableClock  app_debug.o
    0x08005920   0x08005920   0x00000028   Code   RO          535    .text.LL_C2_AHB3_GRP1_EnableClock  hw_ipcc.o
    0x08005948   0x08005948   0x0000001c   Code   RO          539    .text.LL_C2_EXTI_EnableEvent_32_63  hw_ipcc.o
    0x08005964   0x08005964   0x00000018   Code   RO          138    .text.LL_C2_IPCC_ClearFlag_CHx  app_entry.o
    0x0800597c   0x0800597c   0x00000020   Code   RO          146    .text.LL_C2_IPCC_DisableReceiveChannel  app_entry.o
    0x0800599c   0x0800599c   0x00000020   Code   RO          142    .text.LL_C2_IPCC_DisableTransmitChannel  app_entry.o
    0x080059bc   0x080059bc   0x00000022   Code   RO          515    .text.LL_C2_IPCC_IsActiveFlag_CHx  hw_ipcc.o
    0x080059de   0x080059de   0x00000002   PAD
    0x080059e0   0x080059e0   0x00000020   Code   RO          160    .text.LL_C2_PWR_SetPowerMode  app_entry.o
    0x08005a00   0x08005a00   0x00000020   Code   RO         1434    .text.LL_C2_RCC_SetAHBPrescaler  stm32wbxx_hal_rcc.o
    0x08005a20   0x08005a20   0x00000012   Code   RO          716    .text.LL_DBGMCU_EnableDBGSleepMode  stm32wbxx_hal.o
    0x08005a32   0x08005a32   0x00000002   PAD
    0x08005a34   0x08005a34   0x00000012   Code   RO          724    .text.LL_DBGMCU_EnableDBGStopMode  stm32wbxx_hal.o
    0x08005a46   0x08005a46   0x00000002   PAD
    0x08005a48   0x08005a48   0x00000010   Code   RO          172    .text.LL_DBGMCU_GetDeviceID  app_entry.o
    0x08005a58   0x08005a58   0x0000000e   Code   RO          170    .text.LL_DBGMCU_GetRevisionID  app_entry.o
    0x08005a66   0x08005a66   0x00000002   PAD
    0x08005a68   0x08005a68   0x0000001c   Code   RO          257    .text.LL_EXTI_EnableIT_0_31  hw_timerserver.o
    0x08005a84   0x08005a84   0x0000001c   Code   RO           55    .text.LL_EXTI_EnableIT_32_63  app_debug.o
    0x08005aa0   0x08005aa0   0x0000001c   Code   RO          104    .text.LL_EXTI_EnableIT_32_63  app_entry.o
    0x08005abc   0x08005abc   0x0000001c   Code   RO          255    .text.LL_EXTI_EnableRisingTrig_0_31  hw_timerserver.o
    0x08005ad8   0x08005ad8   0x0000001c   Code   RO          537    .text.LL_EXTI_EnableRisingTrig_32_63  hw_ipcc.o
    0x08005af4   0x08005af4   0x0000000c   Code   RO          462    .text.LL_FLASH_GetDeviceID  app_ble.o
    0x08005b00   0x08005b00   0x0000000e   Code   RO          460    .text.LL_FLASH_GetSTCompanyID  app_ble.o
    0x08005b0e   0x08005b0e   0x00000002   PAD
    0x08005b10   0x08005b10   0x0000000c   Code   RO          458    .text.LL_FLASH_GetUDN  app_ble.o
    0x08005b1c   0x08005b1c   0x00000012   Code   RO          108    .text.LL_LPM_EnableSleep  app_entry.o
    0x08005b2e   0x08005b2e   0x00000002   PAD
    0x08005b30   0x08005b30   0x00000012   Code   RO          541    .text.LL_PWR_EnableBootC2  hw_ipcc.o
    0x08005b42   0x08005b42   0x00000002   PAD
    0x08005b44   0x08005b44   0x00000010   Code   RO          400    .text.LL_RCC_EnableRTC  stm32wbxx_hal_msp.o
    0x08005b54   0x08005b54   0x00000010   Code   RO          130    .text.LL_RCC_ForceBackupDomainReset  app_entry.o
    0x08005b64   0x08005b64   0x00000010   Code   RO         1520    .text.LL_RCC_ForceBackupDomainReset  stm32wbxx_hal_rcc_ex.o
    0x08005b74   0x08005b74   0x00000012   Code   RO         1474    .text.LL_RCC_GetAHB4Prescaler  stm32wbxx_hal_rcc.o
    0x08005b86   0x08005b86   0x00000002   PAD
    0x08005b88   0x08005b88   0x0000000e   Code   RO         1466    .text.LL_RCC_GetAHBPrescaler  stm32wbxx_hal_rcc.o
    0x08005b96   0x08005b96   0x00000002   PAD
    0x08005b98   0x08005b98   0x0000000e   Code   RO         1516    .text.LL_RCC_GetRTCClockSource  stm32wbxx_hal_rcc_ex.o
    0x08005ba6   0x08005ba6   0x00000002   PAD
    0x08005ba8   0x08005ba8   0x0000000e   Code   RO         1370    .text.LL_RCC_GetSysClkSource  stm32wbxx_hal_rcc.o
    0x08005bb6   0x08005bb6   0x00000002   PAD
    0x08005bb8   0x08005bb8   0x0000000e   Code   RO         1384    .text.LL_RCC_HSE_Disable  stm32wbxx_hal_rcc.o
    0x08005bc6   0x08005bc6   0x00000002   PAD
    0x08005bc8   0x08005bc8   0x0000000e   Code   RO         1382    .text.LL_RCC_HSE_Enable  stm32wbxx_hal_rcc.o
    0x08005bd6   0x08005bd6   0x00000002   PAD
    0x08005bd8   0x08005bd8   0x0000000c   Code   RO         1458    .text.LL_RCC_HSE_IsEnabledDiv2  stm32wbxx_hal_rcc.o
    0x08005be4   0x08005be4   0x0000000c   Code   RO         1386    .text.LL_RCC_HSE_IsReady  stm32wbxx_hal_rcc.o
    0x08005bf0   0x08005bf0   0x0000002a   Code   RO          148    .text.LL_RCC_HSE_SetCapacitorTuning  app_entry.o
    0x08005c1a   0x08005c1a   0x00000002   PAD
    0x08005c1c   0x08005c1c   0x00000010   Code   RO         1422    .text.LL_RCC_HSI48_Disable  stm32wbxx_hal_rcc.o
    0x08005c2c   0x08005c2c   0x00000010   Code   RO         1418    .text.LL_RCC_HSI48_Enable  stm32wbxx_hal_rcc.o
    0x08005c3c   0x08005c3c   0x0000000e   Code   RO         1420    .text.LL_RCC_HSI48_IsReady  stm32wbxx_hal_rcc.o
    0x08005c4a   0x08005c4a   0x00000002   PAD
    0x08005c4c   0x08005c4c   0x0000000e   Code   RO         1392    .text.LL_RCC_HSI_Disable  stm32wbxx_hal_rcc.o
    0x08005c5a   0x08005c5a   0x00000002   PAD
    0x08005c5c   0x08005c5c   0x0000000e   Code   RO         1388    .text.LL_RCC_HSI_Enable  stm32wbxx_hal_rcc.o
    0x08005c6a   0x08005c6a   0x00000002   PAD
    0x08005c6c   0x08005c6c   0x0000000c   Code   RO         1390    .text.LL_RCC_HSI_IsReady  stm32wbxx_hal_rcc.o
    0x08005c78   0x08005c78   0x00000020   Code   RO         1362    .text.LL_RCC_HSI_SetCalibTrimming  stm32wbxx_hal_rcc.o
    0x08005c98   0x08005c98   0x00000010   Code   RO         1436    .text.LL_RCC_IsActiveFlag_C2HPRE  stm32wbxx_hal_rcc.o
    0x08005ca8   0x08005ca8   0x0000000e   Code   RO         1432    .text.LL_RCC_IsActiveFlag_HPRE  stm32wbxx_hal_rcc.o
    0x08005cb6   0x08005cb6   0x00000002   PAD
    0x08005cb8   0x08005cb8   0x0000000e   Code   RO          126    .text.LL_RCC_IsActiveFlag_PINRST  app_entry.o
    0x08005cc6   0x08005cc6   0x00000002   PAD
    0x08005cc8   0x08005cc8   0x0000000e   Code   RO         1444    .text.LL_RCC_IsActiveFlag_PPRE1  stm32wbxx_hal_rcc.o
    0x08005cd6   0x08005cd6   0x00000002   PAD
    0x08005cd8   0x08005cd8   0x0000000e   Code   RO         1448    .text.LL_RCC_IsActiveFlag_PPRE2  stm32wbxx_hal_rcc.o
    0x08005ce6   0x08005ce6   0x00000002   PAD
    0x08005ce8   0x08005ce8   0x0000000e   Code   RO          128    .text.LL_RCC_IsActiveFlag_SFTRST  app_entry.o
    0x08005cf6   0x08005cf6   0x00000002   PAD
    0x08005cf8   0x08005cf8   0x00000010   Code   RO         1440    .text.LL_RCC_IsActiveFlag_SHDHPRE  stm32wbxx_hal_rcc.o
    0x08005d08   0x08005d08   0x00000010   Code   RO         1412    .text.LL_RCC_LSE_Disable  stm32wbxx_hal_rcc.o
    0x08005d18   0x08005d18   0x00000010   Code   RO         1414    .text.LL_RCC_LSE_DisableBypass  stm32wbxx_hal_rcc.o
    0x08005d28   0x08005d28   0x00000010   Code   RO         1408    .text.LL_RCC_LSE_Enable  stm32wbxx_hal_rcc.o
    0x08005d38   0x08005d38   0x00000010   Code   RO         1410    .text.LL_RCC_LSE_EnableBypass  stm32wbxx_hal_rcc.o
    0x08005d48   0x08005d48   0x0000000e   Code   RO         1524    .text.LL_RCC_LSE_IsEnabled  stm32wbxx_hal_rcc_ex.o
    0x08005d56   0x08005d56   0x00000002   PAD
    0x08005d58   0x08005d58   0x0000000e   Code   RO         1416    .text.LL_RCC_LSE_IsReady  stm32wbxx_hal_rcc.o
    0x08005d66   0x08005d66   0x00000002   PAD
    0x08005d68   0x08005d68   0x0000000e   Code   RO         1526    .text.LL_RCC_LSE_IsReady  stm32wbxx_hal_rcc_ex.o
    0x08005d76   0x08005d76   0x00000002   PAD
    0x08005d78   0x08005d78   0x0000001e   Code   RO           27    .text.LL_RCC_LSE_SetDriveCapability  main.o
    0x08005d96   0x08005d96   0x00000002   PAD
    0x08005d98   0x08005d98   0x00000010   Code   RO         1404    .text.LL_RCC_LSI1_Disable  stm32wbxx_hal_rcc.o
    0x08005da8   0x08005da8   0x00000010   Code   RO         1396    .text.LL_RCC_LSI1_Enable  stm32wbxx_hal_rcc.o
    0x08005db8   0x08005db8   0x0000000e   Code   RO         1394    .text.LL_RCC_LSI1_IsReady  stm32wbxx_hal_rcc.o
    0x08005dc6   0x08005dc6   0x00000002   PAD
    0x08005dc8   0x08005dc8   0x00000010   Code   RO         1406    .text.LL_RCC_LSI2_Disable  stm32wbxx_hal_rcc.o
    0x08005dd8   0x08005dd8   0x00000010   Code   RO         1398    .text.LL_RCC_LSI2_Enable  stm32wbxx_hal_rcc.o
    0x08005de8   0x08005de8   0x0000000e   Code   RO         1400    .text.LL_RCC_LSI2_IsReady  stm32wbxx_hal_rcc.o
    0x08005df6   0x08005df6   0x00000002   PAD
    0x08005df8   0x08005df8   0x00000020   Code   RO         1402    .text.LL_RCC_LSI2_SetTrimming  stm32wbxx_hal_rcc.o
    0x08005e18   0x08005e18   0x0000000e   Code   RO         1380    .text.LL_RCC_MSI_Disable  stm32wbxx_hal_rcc.o
    0x08005e26   0x08005e26   0x00000002   PAD
    0x08005e28   0x08005e28   0x0000000e   Code   RO         1354    .text.LL_RCC_MSI_Enable  stm32wbxx_hal_rcc.o
    0x08005e36   0x08005e36   0x00000002   PAD
    0x08005e38   0x08005e38   0x00000022   Code   RO         1374    .text.LL_RCC_MSI_GetRange  stm32wbxx_hal_rcc.o
    0x08005e5a   0x08005e5a   0x00000002   PAD
    0x08005e5c   0x08005e5c   0x0000000c   Code   RO         1356    .text.LL_RCC_MSI_IsReady  stm32wbxx_hal_rcc.o
    0x08005e68   0x08005e68   0x00000020   Code   RO         1360    .text.LL_RCC_MSI_SetCalibTrimming  stm32wbxx_hal_rcc.o
    0x08005e88   0x08005e88   0x0000001c   Code   RO         1358    .text.LL_RCC_MSI_SetRange  stm32wbxx_hal_rcc.o
    0x08005ea4   0x08005ea4   0x0000000e   Code   RO         1630    .text.LL_RCC_PLLSAI1_Disable  stm32wbxx_hal_rcc_ex.o
    0x08005eb2   0x08005eb2   0x00000002   PAD
    0x08005eb4   0x08005eb4   0x0000000e   Code   RO         1632    .text.LL_RCC_PLLSAI1_Enable  stm32wbxx_hal_rcc_ex.o
    0x08005ec2   0x08005ec2   0x00000002   PAD
    0x08005ec4   0x08005ec4   0x0000000c   Code   RO         1594    .text.LL_RCC_PLLSAI1_IsReady  stm32wbxx_hal_rcc_ex.o
    0x08005ed0   0x08005ed0   0x0000000e   Code   RO         1424    .text.LL_RCC_PLL_Disable  stm32wbxx_hal_rcc.o
    0x08005ede   0x08005ede   0x00000002   PAD
    0x08005ee0   0x08005ee0   0x0000000e   Code   RO         1426    .text.LL_RCC_PLL_Enable  stm32wbxx_hal_rcc.o
    0x08005eee   0x08005eee   0x00000002   PAD
    0x08005ef0   0x08005ef0   0x0000000e   Code   RO         1462    .text.LL_RCC_PLL_GetDivider  stm32wbxx_hal_rcc.o
    0x08005efe   0x08005efe   0x00000002   PAD
    0x08005f00   0x08005f00   0x0000000e   Code   RO         1372    .text.LL_RCC_PLL_GetMainSource  stm32wbxx_hal_rcc.o
    0x08005f0e   0x08005f0e   0x00000002   PAD
    0x08005f10   0x08005f10   0x0000000e   Code   RO         1460    .text.LL_RCC_PLL_GetN  stm32wbxx_hal_rcc.o
    0x08005f1e   0x08005f1e   0x00000002   PAD
    0x08005f20   0x08005f20   0x0000000e   Code   RO         1464    .text.LL_RCC_PLL_GetR  stm32wbxx_hal_rcc.o
    0x08005f2e   0x08005f2e   0x00000002   PAD
    0x08005f30   0x08005f30   0x0000000c   Code   RO         1364    .text.LL_RCC_PLL_IsReady  stm32wbxx_hal_rcc.o
    0x08005f3c   0x08005f3c   0x00000010   Code   RO          132    .text.LL_RCC_ReleaseBackupDomainReset  app_entry.o
    0x08005f4c   0x08005f4c   0x00000010   Code   RO         1522    .text.LL_RCC_ReleaseBackupDomainReset  stm32wbxx_hal_rcc_ex.o
    0x08005f5c   0x08005f5c   0x0000001e   Code   RO         1544    .text.LL_RCC_SetADCClockSource  stm32wbxx_hal_rcc_ex.o
    0x08005f7a   0x08005f7a   0x00000002   PAD
    0x08005f7c   0x08005f7c   0x00000022   Code   RO         1438    .text.LL_RCC_SetAHB4Prescaler  stm32wbxx_hal_rcc.o
    0x08005f9e   0x08005f9e   0x00000002   PAD
    0x08005fa0   0x08005fa0   0x0000001e   Code   RO         1430    .text.LL_RCC_SetAHBPrescaler  stm32wbxx_hal_rcc.o
    0x08005fbe   0x08005fbe   0x00000002   PAD
    0x08005fc0   0x08005fc0   0x0000001e   Code   RO         1442    .text.LL_RCC_SetAPB1Prescaler  stm32wbxx_hal_rcc.o
    0x08005fde   0x08005fde   0x00000002   PAD
    0x08005fe0   0x08005fe0   0x0000001e   Code   RO         1446    .text.LL_RCC_SetAPB2Prescaler  stm32wbxx_hal_rcc.o
    0x08005ffe   0x08005ffe   0x00000002   PAD
    0x08006000   0x08006000   0x0000001e   Code   RO         1542    .text.LL_RCC_SetCLK48ClockSource  stm32wbxx_hal_rcc_ex.o
    0x0800601e   0x0800601e   0x00000002   PAD
    0x08006020   0x08006020   0x0000001e   Code   RO          158    .text.LL_RCC_SetClkAfterWakeFromStop  app_entry.o
    0x0800603e   0x0800603e   0x00000002   PAD
    0x08006040   0x08006040   0x0000002c   Code   RO         1534    .text.LL_RCC_SetI2CClockSource  stm32wbxx_hal_rcc_ex.o
    0x0800606c   0x0800606c   0x00000028   Code   RO         1532    .text.LL_RCC_SetLPTIMClockSource  stm32wbxx_hal_rcc_ex.o
    0x08006094   0x08006094   0x0000001e   Code   RO         1530    .text.LL_RCC_SetLPUARTClockSource  stm32wbxx_hal_rcc_ex.o
    0x080060b2   0x080060b2   0x00000002   PAD
    0x080060b4   0x080060b4   0x0000001e   Code   RO         1548    .text.LL_RCC_SetRFWKPClockSource  stm32wbxx_hal_rcc_ex.o
    0x080060d2   0x080060d2   0x00000002   PAD
    0x080060d4   0x080060d4   0x0000001e   Code   RO         1540    .text.LL_RCC_SetRNGClockSource  stm32wbxx_hal_rcc_ex.o
    0x080060f2   0x080060f2   0x00000002   PAD
    0x080060f4   0x080060f4   0x0000001e   Code   RO         1518    .text.LL_RCC_SetRTCClockSource  stm32wbxx_hal_rcc_ex.o
    0x08006112   0x08006112   0x00000002   PAD
    0x08006114   0x08006114   0x0000001e   Code   RO         1514    .text.LL_RCC_SetSAIClockSource  stm32wbxx_hal_rcc_ex.o
    0x08006132   0x08006132   0x00000002   PAD
    0x08006134   0x08006134   0x0000001e   Code   RO         1552    .text.LL_RCC_SetSMPSClockSource  stm32wbxx_hal_rcc_ex.o
    0x08006152   0x08006152   0x00000002   PAD
    0x08006154   0x08006154   0x0000001e   Code   RO         1550    .text.LL_RCC_SetSMPSPrescaler  stm32wbxx_hal_rcc_ex.o
    0x08006172   0x08006172   0x00000002   PAD
    0x08006174   0x08006174   0x0000001e   Code   RO         1450    .text.LL_RCC_SetSysClkSource  stm32wbxx_hal_rcc.o
    0x08006192   0x08006192   0x00000002   PAD
    0x08006194   0x08006194   0x0000001e   Code   RO         1528    .text.LL_RCC_SetUSARTClockSource  stm32wbxx_hal_rcc_ex.o
    0x080061b2   0x080061b2   0x00000002   PAD
    0x080061b4   0x080061b4   0x00000014   Code   RO         1536    .text.LL_RCC_SetUSBClockSource  stm32wbxx_hal_rcc_ex.o
    0x080061c8   0x080061c8   0x00000018   Code   RO          152    .text.LL_RTC_DisableWriteProtection  app_entry.o
    0x080061e0   0x080061e0   0x00000012   Code   RO          156    .text.LL_RTC_EnableWriteProtection  app_entry.o
    0x080061f2   0x080061f2   0x00000002   PAD
    0x080061f4   0x080061f4   0x00000022   Code   RO          154    .text.LL_RTC_WAKEUP_SetClock  app_entry.o
    0x08006216   0x08006216   0x00000002   PAD
    0x08006218   0x08006218   0x00000010   Code   RO          348    .text.LPUART1_IRQHandler  stm32wbxx_it.o
    0x08006228   0x08006228   0x00000014   Code   RO         2799    .text.LST_init_head  stm_list.o
    0x0800623c   0x0800623c   0x00000048   Code   RO         2803    .text.LST_insert_head  stm_list.o
    0x08006284   0x08006284   0x00000048   Code   RO         2805    .text.LST_insert_tail  stm_list.o
    0x080062cc   0x080062cc   0x00000046   Code   RO         2801    .text.LST_is_empty  stm_list.o
    0x08006312   0x08006312   0x00000002   PAD
    0x08006314   0x08006314   0x00000040   Code   RO         2809    .text.LST_remove_head  stm_list.o
    0x08006354   0x08006354   0x00000038   Code   RO         2807    .text.LST_remove_node  stm_list.o
    0x0800638c   0x0800638c   0x00000022   Code   RO           94    .text.Led_Init      app_entry.o
    0x080063ae   0x080063ae   0x00000002   PAD
    0x080063b0   0x080063b0   0x00000094   Code   RO          273    .text.LinkTimerAfter  hw_timerserver.o
    0x08006444   0x08006444   0x000000bc   Code   RO          275    .text.LinkTimerBefore  hw_timerserver.o
    0x08006500   0x08006500   0x00000002   Code   RO         2885    .text.MESH_Init     svc_ctl.o
    0x08006502   0x08006502   0x00000002   PAD
    0x08006504   0x08006504   0x00000002   Code   RO         2877    .text.MOTENV_STM_Init  svc_ctl.o
    0x08006506   0x08006506   0x00000002   PAD
    0x08006508   0x08006508   0x0000001e   Code   RO           82    .text.MX_APPE_Config  app_entry.o
    0x08006526   0x08006526   0x00000002   PAD
    0x08006528   0x08006528   0x00000038   Code   RO           88    .text.MX_APPE_Init  app_entry.o
    0x08006560   0x08006560   0x0000000c   Code   RO          110    .text.MX_APPE_Process  app_entry.o
    0x0800656c   0x0800656c   0x00000016   Code   RO           21    .text.MX_DMA_Init   main.o
    0x08006582   0x08006582   0x00000002   PAD
    0x08006584   0x08006584   0x00000016   Code   RO           19    .text.MX_GPIO_Init  main.o
    0x0800659a   0x0800659a   0x00000002   PAD
    0x0800659c   0x0800659c   0x00000026   Code   RO           17    .text.MX_IPCC_Init  main.o
    0x080065c2   0x080065c2   0x00000002   PAD
    0x080065c4   0x080065c4   0x00000002   Code   RO           25    .text.MX_RF_Init    main.o
    0x080065c6   0x080065c6   0x00000002   PAD
    0x080065c8   0x080065c8   0x0000005e   Code   RO           23    .text.MX_RTC_Init   main.o
    0x08006626   0x08006626   0x00000002   PAD
    0x08006628   0x08006628   0x00000002   Code   RO           33    .text.MX_USART1_UART_Init  main.o
    0x0800662a   0x0800662a   0x00000002   PAD
    0x0800662c   0x0800662c   0x00000004   Code   RO          328    .text.MemManage_Handler  stm32wbxx_it.o
    0x08006630   0x08006630   0x00000002   Code   RO          324    .text.NMI_Handler   stm32wbxx_it.o
    0x08006632   0x08006632   0x00000002   PAD
    0x08006634   0x08006634   0x00000080   Code   RO          819    .text.NVIC_EncodePriority  stm32wbxx_hal_cortex.o
    0x080066b4   0x080066b4   0x0000006a   Code   RO         2664    .text.NotifyCmdStatus  hci_tl.o
    0x0800671e   0x0800671e   0x00000002   PAD
    0x08006720   0x08006720   0x00000002   Code   RO         2883    .text.OTAS_STM_Init  svc_ctl.o
    0x08006722   0x08006722   0x00000002   PAD
    0x08006724   0x08006724   0x00000068   Code   RO         2790    .text.OTP_Read      otp.o
    0x0800678c   0x0800678c   0x00000030   Code   RO         2926    .text.Osal_MemCpy   osal.o
    0x080067bc   0x080067bc   0x0000002e   Code   RO         2928    .text.Osal_MemSet   osal.o
    0x080067ea   0x080067ea   0x00000002   PAD
    0x080067ec   0x080067ec   0x00000126   Code   RO         2745    .text.OutputDbgTrace  tl_mbox.o
    0x08006912   0x08006912   0x00000002   PAD
    0x08006914   0x08006914   0x0000002a   Code   RO          498    .text.P2PS_APP_Init  p2p_server_app.o
    0x0800693e   0x0800693e   0x00000002   PAD
    0x08006940   0x08006940   0x0000002a   Code   RO          496    .text.P2PS_APP_LED_BUTTON_context_Init  p2p_server_app.o
    0x0800696a   0x0800696a   0x00000002   PAD
    0x0800696c   0x0800696c   0x0000002e   Code   RO          494    .text.P2PS_APP_Notification  p2p_server_app.o
    0x0800699a   0x0800699a   0x00000002   PAD
    0x0800699c   0x0800699c   0x0000000c   Code   RO          502    .text.P2PS_APP_SW1_Button_Action  p2p_server_app.o
    0x080069a8   0x080069a8   0x000000fc   Code   RO          492    .text.P2PS_STM_App_Notification  p2p_server_app.o
    0x08006aa4   0x08006aa4   0x00000056   Code   RO         2914    .text.P2PS_STM_App_Update_Char  p2p_stm.o
    0x08006afa   0x08006afa   0x00000002   PAD
    0x08006afc   0x08006afc   0x000001b6   Code   RO         2910    .text.P2PS_STM_Init  p2p_stm.o
    0x08006cb2   0x08006cb2   0x00000002   PAD
    0x08006cb4   0x08006cb4   0x0000005c   Code   RO          500    .text.P2PS_Send_Notification  p2p_server_app.o
    0x08006d10   0x08006d10   0x000000e2   Code   RO         2912    .text.PeerToPeer_Event_Handler  p2p_stm.o
    0x08006df2   0x08006df2   0x00000002   PAD
    0x08006df4   0x08006df4   0x00000002   Code   RO          338    .text.PendSV_Handler  stm32wbxx_it.o
    0x08006df6   0x08006df6   0x00000002   PAD
    0x08006df8   0x08006df8   0x00000038   Code   RO           15    .text.PeriphCommonClock_Config  main.o
    0x08006e30   0x08006e30   0x000000c8   Code   RO         1512    .text.RCCEx_PLLSAI1_ConfigNP  stm32wbxx_hal_rcc_ex.o
    0x08006ef8   0x08006ef8   0x000000c8   Code   RO         1538    .text.RCCEx_PLLSAI1_ConfigNQ  stm32wbxx_hal_rcc_ex.o
    0x08006fc0   0x08006fc0   0x000000c8   Code   RO         1546    .text.RCCEx_PLLSAI1_ConfigNR  stm32wbxx_hal_rcc_ex.o
    0x08007088   0x08007088   0x00000140   Code   RO         1498    .text.RCC_SetFlashLatency  stm32wbxx_hal_rcc.o
    0x080071c8   0x080071c8   0x0000008a   Code   RO         1376    .text.RCC_SetFlashLatencyFromMSIRange  stm32wbxx_hal_rcc.o
    0x08007252   0x08007252   0x00000002   PAD
    0x08007254   0x08007254   0x0000008e   Code   RO         1744    .text.RTC_EnterInitMode  stm32wbxx_hal_rtc.o
    0x080072e2   0x080072e2   0x00000002   PAD
    0x080072e4   0x080072e4   0x00000050   Code   RO         1746    .text.RTC_ExitInitMode  stm32wbxx_hal_rtc.o
    0x08007334   0x08007334   0x00000008   Code   RO          342    .text.RTC_WKUP_IRQHandler  stm32wbxx_it.o
    0x0800733c   0x0800733c   0x0000003c   Code   RO          271    .text.ReadRtcSsrValue  hw_timerserver.o
    0x08007378   0x08007378   0x0000017a   Code   RO          251    .text.RescheduleTimerList  hw_timerserver.o
    0x080074f2   0x080074f2   0x00000002   PAD
    0x080074f4   0x080074f4   0x0000002a   Code   RO          122    .text.Reset_BackupDomain  app_entry.o
    0x0800751e   0x0800751e   0x00000002   PAD
    0x08007520   0x08007520   0x0000000c   Code   RO           84    .text.Reset_Device  app_entry.o
    0x0800752c   0x0800752c   0x00000050   Code   RO          124    .text.Reset_IPCC    app_entry.o
    0x0800757c   0x0800757c   0x000000de   Code   RO          269    .text.RestartWakeupCounter  hw_timerserver.o
    0x0800765a   0x0800765a   0x00000002   PAD
    0x0800765c   0x0800765c   0x00000094   Code   RO          267    .text.ReturnTimeElapsed  hw_timerserver.o
    0x080076f0   0x080076f0   0x00000036   Code   RO         2968    .text.SEQ_BitPosition  stm32_seq.o
    0x08007726   0x08007726   0x00000002   PAD
    0x08007728   0x08007728   0x0000002c   Code   RO         2604    .text.SHCI_C2_BLE_Init  shci.o
    0x08007754   0x08007754   0x00000028   Code   RO         2638    .text.SHCI_C2_Config  shci.o
    0x0800777c   0x0800777c   0x0000002c   Code   RO         2614    .text.SHCI_C2_DEBUG_Init  shci.o
    0x080077a8   0x080077a8   0x00000126   Code   RO         2644    .text.SHCI_GetWirelessFwInfo  shci.o
    0x080078ce   0x080078ce   0x00000002   PAD
    0x080078d0   0x080078d0   0x000002e2   Code   RO          434    .text.SVCCTL_App_Notification  app_ble.o
    0x08007bb2   0x08007bb2   0x00000002   PAD
    0x08007bb4   0x08007bb4   0x0000001e   Code   RO         2891    .text.SVCCTL_Init   svc_ctl.o
    0x08007bd2   0x08007bd2   0x00000002   PAD
    0x08007bd4   0x08007bd4   0x00000002   Code   RO         2889    .text.SVCCTL_InitCustomSvc  svc_ctl.o
    0x08007bd6   0x08007bd6   0x00000002   PAD
    0x08007bd8   0x08007bd8   0x00000022   Code   RO         2895    .text.SVCCTL_RegisterSvcHandler  svc_ctl.o
    0x08007bfa   0x08007bfa   0x00000002   PAD
    0x08007bfc   0x08007bfc   0x0000004c   Code   RO         2893    .text.SVCCTL_SvcInit  svc_ctl.o
    0x08007c48   0x08007c48   0x000000dc   Code   RO         2899    .text.SVCCTL_UserEvtRx  svc_ctl.o
    0x08007d24   0x08007d24   0x00000002   Code   RO          334    .text.SVC_Handler   stm32wbxx_it.o
    0x08007d26   0x08007d26   0x00000002   PAD
    0x08007d28   0x08007d28   0x00000064   Code   RO         2666    .text.SendCmd       hci_tl.o
    0x08007d8c   0x08007d8c   0x0000003e   Code   RO         2765    .text.SendFreeBuf   tl_mbox.o
    0x08007dca   0x08007dca   0x00000002   PAD
    0x08007dcc   0x08007dcc   0x0000000a   Code   RO          430    .text.Switch_OFF_GPIO  app_ble.o
    0x08007dd6   0x08007dd6   0x00000002   PAD
    0x08007dd8   0x08007dd8   0x0000005a   Code   RO          835    .text.SysTick_Config  stm32wbxx_hal_cortex.o
    0x08007e32   0x08007e32   0x00000002   PAD
    0x08007e34   0x08007e34   0x00000008   Code   RO          340    .text.SysTick_Handler  stm32wbxx_it.o
    0x08007e3c   0x08007e3c   0x000000be   Code   RO           13    .text.SystemClock_Config  main.o
    0x08007efa   0x08007efa   0x00000002   PAD
    0x08007efc   0x08007efc   0x00000088   Code   RO          627    .text.SystemInit    system_stm32wbxx.o
    0x08007f84   0x08007f84   0x00000016   Code   RO           92    .text.SystemPower_Config  app_entry.o
    0x08007f9a   0x08007f9a   0x00000002   PAD
    0x08007f9c   0x08007f9c   0x00000010   Code   RO           90    .text.System_Init   app_entry.o
    0x08007fac   0x08007fac   0x00000070   Code   RO         2741    .text.TL_BLE_Init   tl_mbox.o
    0x0800801c   0x0800801c   0x0000003a   Code   RO         2743    .text.TL_BLE_SendCmd  tl_mbox.o
    0x08008056   0x08008056   0x00000002   PAD
    0x08008058   0x08008058   0x00000008   Code   RO         2737    .text.TL_Enable     tl_mbox.o
    0x08008060   0x08008060   0x00000074   Code   RO         2739    .text.TL_Init       tl_mbox.o
    0x080080d4   0x080080d4   0x00000038   Code   RO         2763    .text.TL_MM_EvtDone  tl_mbox.o
    0x0800810c   0x0800810c   0x0000007e   Code   RO         2761    .text.TL_MM_Init    tl_mbox.o
    0x0800818a   0x0800818a   0x00000002   PAD
    0x0800818c   0x0800818c   0x0000005c   Code   RO         2753    .text.TL_SYS_Init   tl_mbox.o
    0x080081e8   0x080081e8   0x0000003a   Code   RO         2755    .text.TL_SYS_SendCmd  tl_mbox.o
    0x08008222   0x08008222   0x00000002   PAD
    0x08008224   0x08008224   0x0000000c   Code   RO         2771    .text.TL_TRACES_EvtReceived  tl_mbox.o
    0x08008230   0x08008230   0x0000002c   Code   RO         2767    .text.TL_TRACES_Init  tl_mbox.o
    0x0800825c   0x0800825c   0x00000002   Code   RO         2875    .text.TPS_Init      svc_ctl.o
    0x0800825e   0x0800825e   0x00000002   PAD
    0x08008260   0x08008260   0x00000014   Code   RO         2712    .text.TlCmdEvtReceived  shci_tl.o
    0x08008274   0x08008274   0x00000050   Code   RO         2672    .text.TlEvtReceived  hci_tl.o
    0x080082c4   0x080082c4   0x00000074   Code   RO         2656    .text.TlInit        hci_tl.o
    0x08008338   0x08008338   0x0000007a   Code   RO         2698    .text.TlInit        shci_tl.o
    0x080083b2   0x080083b2   0x00000002   PAD
    0x080083b4   0x080083b4   0x0000002c   Code   RO         2714    .text.TlUserEvtReceived  shci_tl.o
    0x080083e0   0x080083e0   0x00000022   Code   RO         1977    .text.UART_DMAAbortOnError  stm32wbxx_hal_uart.o
    0x08008402   0x08008402   0x00000002   PAD
    0x08008404   0x08008404   0x00000084   Code   RO         1933    .text.UART_DMAError  stm32wbxx_hal_uart.o
    0x08008488   0x08008488   0x00000080   Code   RO         1929    .text.UART_DMATransmitCplt  stm32wbxx_hal_uart.o
    0x08008508   0x08008508   0x0000001a   Code   RO         1931    .text.UART_DMATxHalfCplt  stm32wbxx_hal_uart.o
    0x08008522   0x08008522   0x00000002   PAD
    0x08008524   0x08008524   0x000000a2   Code   RO         1947    .text.UART_EndRxTransfer  stm32wbxx_hal_uart.o
    0x080085c6   0x080085c6   0x00000002   PAD
    0x080085c8   0x080085c8   0x00000048   Code   RO         1983    .text.UART_EndTransmit_IT  stm32wbxx_hal_uart.o
    0x08008610   0x08008610   0x00000060   Code   RO         1945    .text.UART_EndTxTransfer  stm32wbxx_hal_uart.o
    0x08008670   0x08008670   0x00000010   Code   RO          346    .text.USART1_IRQHandler  stm32wbxx_it.o
    0x08008680   0x08008680   0x00000018   Code   RO         2940    .text.UTIL_LPM_Init  stm32_lpm.o
    0x08008698   0x08008698   0x0000006e   Code   RO         2946    .text.UTIL_LPM_SetOffMode  stm32_lpm.o
    0x08008706   0x08008706   0x00000002   PAD
    0x08008708   0x08008708   0x0000000e   Code   RO         2974    .text.UTIL_SEQ_CatchWarning  stm32_seq.o
    0x08008716   0x08008716   0x00000002   PAD
    0x08008718   0x08008718   0x0000001c   Code   RO         3002    .text.UTIL_SEQ_EvtIdle  stm32_seq.o
    0x08008734   0x08008734   0x00000002   Code   RO          112    .text.UTIL_SEQ_Idle  app_entry.o
    0x08008736   0x08008736   0x00000002   PAD
    0x08008738   0x08008738   0x0000003a   Code   RO         2990    .text.UTIL_SEQ_PauseTask  stm32_seq.o
    0x08008772   0x08008772   0x00000002   PAD
    0x08008774   0x08008774   0x00000002   Code   RO         2980    .text.UTIL_SEQ_PostIdle  stm32_seq.o
    0x08008776   0x08008776   0x00000002   PAD
    0x08008778   0x08008778   0x0000000c   Code   RO         2972    .text.UTIL_SEQ_PostTask  stm32_seq.o
    0x08008784   0x08008784   0x00000002   Code   RO         2976    .text.UTIL_SEQ_PreIdle  stm32_seq.o
    0x08008786   0x08008786   0x00000002   PAD
    0x08008788   0x08008788   0x0000000c   Code   RO         2970    .text.UTIL_SEQ_PreTask  stm32_seq.o
    0x08008794   0x08008794   0x00000054   Code   RO         2982    .text.UTIL_SEQ_RegTask  stm32_seq.o
    0x080087e8   0x080087e8   0x00000038   Code   RO         2994    .text.UTIL_SEQ_ResumeTask  stm32_seq.o
    0x08008820   0x08008820   0x000003fa   Code   RO         2966    .text.UTIL_SEQ_Run  stm32_seq.o
    0x08008c1a   0x08008c1a   0x00000002   PAD
    0x08008c1c   0x08008c1c   0x00000038   Code   RO         2996    .text.UTIL_SEQ_SetEvt  stm32_seq.o
    0x08008c54   0x08008c54   0x0000005c   Code   RO         2986    .text.UTIL_SEQ_SetTask  stm32_seq.o
    0x08008cb0   0x08008cb0   0x000000b2   Code   RO         3000    .text.UTIL_SEQ_WaitEvt  stm32_seq.o
    0x08008d62   0x08008d62   0x00000002   PAD
    0x08008d64   0x08008d64   0x00000114   Code   RO          243    .text.UnlinkTimer   hw_timerserver.o
    0x08008e78   0x08008e78   0x00000004   Code   RO          332    .text.UsageFault_Handler  stm32wbxx_it.o
    0x08008e7c   0x08008e7c   0x00000002   Code   RO         2881    .text.ZDD_STM_Init  svc_ctl.o
    0x08008e7e   0x08008e7e   0x00000002   PAD
    0x08008e80   0x08008e80   0x00000036   Code   RO          855    .text.__NVIC_ClearPendingIRQ  stm32wbxx_hal_cortex.o
    0x08008eb6   0x08008eb6   0x00000002   PAD
    0x08008eb8   0x08008eb8   0x0000003e   Code   RO          827    .text.__NVIC_DisableIRQ  stm32wbxx_hal_cortex.o
    0x08008ef6   0x08008ef6   0x00000002   PAD
    0x08008ef8   0x08008ef8   0x00000036   Code   RO          823    .text.__NVIC_EnableIRQ  stm32wbxx_hal_cortex.o
    0x08008f2e   0x08008f2e   0x00000002   PAD
    0x08008f30   0x08008f30   0x00000010   Code   RO          815    .text.__NVIC_GetPriorityGrouping  stm32wbxx_hal_cortex.o
    0x08008f40   0x08008f40   0x00000036   Code   RO          847    .text.__NVIC_SetPendingIRQ  stm32wbxx_hal_cortex.o
    0x08008f76   0x08008f76   0x00000002   PAD
    0x08008f78   0x08008f78   0x0000004a   Code   RO          817    .text.__NVIC_SetPriority  stm32wbxx_hal_cortex.o
    0x08008fc2   0x08008fc2   0x00000002   PAD
    0x08008fc4   0x08008fc4   0x00000040   Code   RO          811    .text.__NVIC_SetPriorityGrouping  stm32wbxx_hal_cortex.o
    0x08009004   0x08009004   0x0000008e   Code   RO         2158    .text.aci_gap_allow_rebond  ble_gap_aci.o
    0x08009092   0x08009092   0x00000002   PAD
    0x08009094   0x08009094   0x00000060   Code   RO         2152    .text.aci_gap_configure_filter_accept_list  ble_gap_aci.o
    0x080090f4   0x080090f4   0x00000104   Code   RO         2136    .text.aci_gap_init  ble_gap_aci.o
    0x080091f8   0x080091f8   0x000000b6   Code   RO         2186    .text.aci_gap_numeric_comparison_value_confirm_yesno  ble_gap_aci.o
    0x080092ae   0x080092ae   0x00000002   PAD
    0x080092b0   0x080092b0   0x000000b4   Code   RO         2132    .text.aci_gap_pass_key_resp  ble_gap_aci.o
    0x08009364   0x08009364   0x0000013a   Code   RO         2128    .text.aci_gap_set_authentication_requirement  ble_gap_aci.o
    0x0800949e   0x0800949e   0x00000002   PAD
    0x080094a0   0x080094a0   0x000001bc   Code   RO         2122    .text.aci_gap_set_discoverable  ble_gap_aci.o
    0x0800965c   0x0800965c   0x0000008e   Code   RO         2126    .text.aci_gap_set_io_capability  ble_gap_aci.o
    0x080096ea   0x080096ea   0x00000002   PAD
    0x080096ec   0x080096ec   0x00000060   Code   RO         2118    .text.aci_gap_set_non_discoverable  ble_gap_aci.o
    0x0800974c   0x0800974c   0x000000be   Code   RO         2144    .text.aci_gap_update_adv_data  ble_gap_aci.o
    0x0800980a   0x0800980a   0x00000002   PAD
    0x0800980c   0x0800980c   0x000001d6   Code   RO         2238    .text.aci_gatt_add_char  ble_gatt_aci.o
    0x080099e2   0x080099e2   0x00000002   PAD
    0x080099e4   0x080099e4   0x00000166   Code   RO         2234    .text.aci_gatt_add_service  ble_gatt_aci.o
    0x08009b4a   0x08009b4a   0x00000002   PAD
    0x08009b4c   0x08009b4c   0x00000090   Code   RO         2304    .text.aci_gatt_confirm_indication  ble_gatt_aci.o
    0x08009bdc   0x08009bdc   0x00000062   Code   RO         2232    .text.aci_gatt_init  ble_gatt_aci.o
    0x08009c3e   0x08009c3e   0x00000002   PAD
    0x08009c40   0x08009c40   0x000000f6   Code   RO         2242    .text.aci_gatt_update_char_value  ble_gatt_aci.o
    0x08009d36   0x08009d36   0x00000002   PAD
    0x08009d38   0x08009d38   0x00000092   Code   RO         2350    .text.aci_hal_set_radio_activity_mask  ble_hal_aci.o
    0x08009dca   0x08009dca   0x00000002   PAD
    0x08009dcc   0x08009dcc   0x000000b6   Code   RO         2340    .text.aci_hal_set_tx_power_level  ble_hal_aci.o
    0x08009e82   0x08009e82   0x00000002   PAD
    0x08009e84   0x08009e84   0x000000c8   Code   RO         2336    .text.aci_hal_write_config_data  ble_hal_aci.o
    0x08009f4c   0x08009f4c   0x000000e6   Code   RO         2556    .text.aci_l2cap_connection_parameter_update_req  ble_l2cap_aci.o
    0x0800a032   0x0800a032   0x00000002   PAD
    0x0800a034   0x0800a034   0x0000006c   Code   RO           98    .text.appe_Tl_Init  app_entry.o
    0x0800a0a0   0x0800a0a0   0x00000032   Code   RO         3037    .text.fputc         dbg_trace.o
    0x0800a0d2   0x0800a0d2   0x00000002   PAD
    0x0800a0d4   0x0800a0d4   0x00000014   Code   RO          446    .text.hci_cmd_resp_release  app_ble.o
    0x0800a0e8   0x0800a0e8   0x00000014   Code   RO          448    .text.hci_cmd_resp_wait  app_ble.o
    0x0800a0fc   0x0800a0fc   0x0000003c   Code   RO         2654    .text.hci_init      hci_tl.o
    0x0800a138   0x0800a138   0x000000ca   Code   RO         2502    .text.hci_le_read_phy  ble_hci_le.o
    0x0800a202   0x0800a202   0x00000002   PAD
    0x0800a204   0x0800a204   0x000000b6   Code   RO         2504    .text.hci_le_set_default_phy  ble_hci_le.o
    0x0800a2ba   0x0800a2ba   0x00000002   PAD
    0x0800a2bc   0x0800a2bc   0x00000018   Code   RO          444    .text.hci_notify_asynch_evt  app_ble.o
    0x0800a2d4   0x0800a2d4   0x00000024   Code   RO         2687    .text.hci_register_io_bus  hci_tl_if.o
    0x0800a2f8   0x0800a2f8   0x0000005e   Code   RO         2394    .text.hci_reset     ble_hci_le.o
    0x0800a356   0x0800a356   0x00000002   PAD
    0x0800a358   0x0800a358   0x00000146   Code   RO         2662    .text.hci_send_req  hci_tl.o
    0x0800a49e   0x0800a49e   0x00000002   PAD
    0x0800a4a0   0x0800a4a0   0x000000de   Code   RO         2658    .text.hci_user_evt_proc  hci_tl.o
    0x0800a57e   0x0800a57e   0x00000002   PAD
    0x0800a580   0x0800a580   0x00000192   Code   RO          263    .text.linkTimer     hw_timerserver.o
    0x0800a712   0x0800a712   0x00000002   PAD
    0x0800a714   0x0800a714   0x0000003a   Code   RO           11    .text.main          main.o
    0x0800a74e   0x0800a74e   0x00000002   PAD
    0x0800a750   0x0800a750   0x00000014   Code   RO          116    .text.shci_cmd_resp_release  app_entry.o
    0x0800a764   0x0800a764   0x00000014   Code   RO          118    .text.shci_cmd_resp_wait  app_entry.o
    0x0800a778   0x0800a778   0x0000003c   Code   RO         2696    .text.shci_init     shci_tl.o
    0x0800a7b4   0x0800a7b4   0x00000018   Code   RO          114    .text.shci_notify_asynch_evt  app_entry.o
    0x0800a7cc   0x0800a7cc   0x00000024   Code   RO         2728    .text.shci_register_io_bus  shci_tl_if.o
    0x0800a7f0   0x0800a7f0   0x000000b0   Code   RO         2704    .text.shci_send     shci_tl.o
    0x0800a8a0   0x0800a8a0   0x000000de   Code   RO         2700    .text.shci_user_evt_proc  shci_tl.o
    0x0800a97e   0x0800a97e   0x00000002   PAD
    0x0800a980   0x0800a980   0x00000020   Code   RO         3075    i.__0printf         mc_w.l(printfa.o)
    0x0800a9a0   0x0800a9a0   0x0000000e   Code   RO         3142    i.__scatterload_copy  mc_w.l(handlers.o)
    0x0800a9ae   0x0800a9ae   0x00000002   Code   RO         3143    i.__scatterload_null  mc_w.l(handlers.o)
    0x0800a9b0   0x0800a9b0   0x0000000e   Code   RO         3144    i.__scatterload_zeroinit  mc_w.l(handlers.o)
    0x0800a9be   0x0800a9be   0x00000002   PAD
    0x0800a9c0   0x0800a9c0   0x00000184   Code   RO         3082    i._fp_digits        mc_w.l(printfa.o)
    0x0800ab44   0x0800ab44   0x000006dc   Code   RO         3083    i._printf_core      mc_w.l(printfa.o)
    0x0800b220   0x0800b220   0x00000024   Code   RO         3084    i._printf_post_padding  mc_w.l(printfa.o)
    0x0800b244   0x0800b244   0x0000002e   Code   RO         3085    i._printf_pre_padding  mc_w.l(printfa.o)
    0x0800b272   0x0800b272   0x0000001b   Data   RO           73    .rodata..L__const.APPD_EnableCPU2.DebugCmdPacket  app_debug.o
    0x0800b28d   0x0800b28d   0x0000003b   Data   RO          470    .rodata..L__const.APP_BLE_Init.ble_init_cmd_packet  app_ble.o
    0x0800b2c8   0x0800b2c8   0x0000000c   Data   RO         1501    .rodata..L__const.RCC_SetFlashLatency.FLASH_CLK_SRC_RANGE_VOS2  stm32wbxx_hal_rcc.o
    0x0800b2d4   0x0800b2d4   0x00000040   Data   RO          632    .rodata.AHBPrescTable  system_stm32wbxx.o
    0x0800b314   0x0800b314   0x00000003   Data   RO          618    .rodata.BUTTON_IRQn  stm32wbxx_nucleo.o
    0x0800b317   0x0800b317   0x00000001   PAD
    0x0800b318   0x0800b318   0x00000006   Data   RO          617    .rodata.BUTTON_PIN  stm32wbxx_nucleo.o
    0x0800b31e   0x0800b31e   0x00000006   Data   RO          615    .rodata.GPIO_PIN    stm32wbxx_nucleo.o
    0x0800b324   0x0800b324   0x00000040   Data   RO          634    .rodata.MSIRangeTable  system_stm32wbxx.o
    0x0800b364   0x0800b364   0x00000130   Data   RO           71    .rodata.aGpioConfigList  app_debug.o
    0x0800b494   0x0800b494   0x00000010   Data   RO          479    .rodata.a_BLE_CfgErValue  app_ble.o
    0x0800b4a4   0x0800b4a4   0x00000010   Data   RO          478    .rodata.a_BLE_CfgIrValue  app_ble.o
    0x0800b4b4   0x0800b4b4   0x00000008   Data   RO          483    .rodata.a_LocalName  app_ble.o
    0x0800b4bc   0x0800b4bc   0x00000006   Data   RO          482    .rodata.a_MBdAddr   app_ble.o
    0x0800b4c2   0x0800b4c2   0x00000002   PAD
    0x0800b4c4   0x0800b4c4   0x00000020   Data   RO         1500    .rodata.cst16       stm32wbxx_hal_rcc.o
    0x0800b4e4   0x0800b4e4   0x00000008   Data   RO          480    .rodata.str1.1      app_ble.o
    0x0800b4ec   0x0800b4ec   0x00000026   Data   RO         2917    .rodata.str1.1      p2p_stm.o
    0x0800b512   0x0800b512   0x00000002   PAD
    0x0800b514   0x0800b514   0x00000040   Data   RO         3141    Region$$Table       anon$$obj.o


    Execution Region RW_IRAM1 (Exec base: 0x20000008, Load base: 0x0800b558, Size: 0x00002548, Max: 0x0002fff8, ABSOLUTE)

    Exec Addr    Load Addr    Size         Type   Attr      Idx    E Section Name        Object

    0x20000008   0x0800b558   0x00000004   Data   RW         3116    .data               mc_w.l(stdout.o)
    0x2000000c   0x0800b55c   0x0000000c   Data   RW          616    .data.BUTTON_PORT   stm32wbxx_nucleo.o
    0x20000018   0x0800b568   0x00000001   Data   RW         3039    .data.DbgTracePeripheralReady  dbg_trace.o
    0x20000019   0x0800b569   0x00000003   PAD
    0x2000001c   0x0800b56c   0x0000000c   Data   RW          614    .data.GPIO_PORT     stm32wbxx_nucleo.o
    0x20000028   0x0800b578   0x00000004   Data   RW         2953    .data.OffModeDisable  stm32_lpm.o
    0x2000002c   0x0800b57c   0x00000004   Data   RW         3008    .data.SuperMask     stm32_seq.o
    0x20000030   0x0800b580   0x00000004   Data   RW          631    .data.SystemCoreClock  system_stm32wbxx.o
    0x20000034   0x0800b584   0x00000004   Data   RW         3007    .data.TaskMask      stm32_seq.o
    0x20000038   0x0800b588   0x0000000e   Data   RW          469    .data.a_ManufData   app_ble.o
    0x20000046   0x0800b596   0x00000001   Data   RW          799    .data.uwTickFreq    stm32wbxx_hal.o
    0x20000047   0x0800b597   0x00000001   PAD
    0x20000048   0x0800b598   0x00000004   Data   RW          798    .data.uwTickPrio    stm32wbxx_hal.o
    0x2000004c   0x0800b59c   0x00000010   Data   RW         2676    BLE_DRIVER_CONTEXT  hci_tl.o
    0x2000005c   0x0800b5ac   0x00000009   Data   RW         2901    BLE_DRIVER_CONTEXT  svc_ctl.o
    0x20000065   0x0800b5b5   0x00000001   PAD
    0x20000066   0x0800b5b6   0x00000006   Data   RW         2916    BLE_DRIVER_CONTEXT  p2p_stm.o
    0x2000006c   0x0800b5bc   0x00000011   Data   RW         2718    SYSTEM_DRIVER_CONTEXT  shci_tl.o
    0x2000007d   0x0800b5cd   0x00000003   PAD
    0x20000080        -       0x00000002   Zero   RW          475    .bss.AdvIntervalMax  app_ble.o
    0x20000082        -       0x00000002   Zero   RW          474    .bss.AdvIntervalMin  app_ble.o
    0x20000084        -       0x00000001   Zero   RW          281    .bss.AsynchPrescalerUserConfig  hw_timerserver.o
    0x20000085   0x0800b5cd   0x00000003   PAD
    0x20000088        -       0x00000004   Zero   RW         2777    .bss.BLE_IoBusAclDataTxAck  tl_mbox.o
    0x2000008c        -       0x00000004   Zero   RW         2776    .bss.BLE_IoBusEvtCallBackFunction  tl_mbox.o
    0x20000090        -       0x00000084   Zero   RW          471    .bss.BleApplicationContext  app_ble.o
    0x20000114        -       0x00000001   Zero   RW         2677    .bss.CmdRspStatusFlag  hci_tl.o
    0x20000115        -       0x00000001   Zero   RW         2719    .bss.CmdRspStatusFlag  shci_tl.o
    0x20000116        -       0x00000001   Zero   RW          277    .bss.CurrentRunningTimerID  hw_timerserver.o
    0x20000117   0x0800b5cd   0x00000001   PAD
    0x20000118        -       0x00000004   Zero   RW         3011    .bss.CurrentTaskIdx  stm32_seq.o
    0x2000011c        -       0x00000004   Zero   RW         3009    .bss.EvtSet         stm32_seq.o
    0x20000120        -       0x00000004   Zero   RW         3010    .bss.EvtWaited      stm32_seq.o
    0x20000124        -       0x00000004   Zero   RW          585    .bss.FreeBufCb      hw_ipcc.o
    0x20000128        -       0x00000004   Zero   RW          315    .bss.HW_hlpuart1TxCb  hw_uart.o
    0x2000012c        -       0x00000004   Zero   RW          314    .bss.HW_huart1TxCb  hw_uart.o
    0x20000130        -       0x00000004   Zero   RW          476    .bss.HandleNotification  app_ble.o
    0x20000134        -       0x00000008   Zero   RW         2678    .bss.HciCmdEventQueue  hci_tl.o
    0x2000013c        -       0x00000008   Zero   RW         2781    .bss.LocalFreeBufQueue  tl_mbox.o
    0x20000144        -       0x00000002   Zero   RW          283    .bss.MaxWakeupTimerSetup  hw_timerserver.o
    0x20000146   0x0800b5cd   0x00000002   PAD
    0x20000148        -       0x00000020   Zero   RW         3041    .bss.MsgDbgTraceQueue  dbg_trace.o
    0x20000168        -       0x00001000   Zero   RW         3042    .bss.MsgDbgTraceQueueBuff  dbg_trace.o
    0x20001168        -       0x00000008   Zero   RW          504    .bss.P2P_Server_App_Context  p2p_server_app.o
    0x20001170        -       0x00000001   Zero   RW          285    .bss.PreviousRunningTimerID  hw_timerserver.o
    0x20001171   0x0800b5cd   0x00000003   PAD
    0x20001174        -       0x00000004   Zero   RW          284    .bss.SSRValueOnLastSetup  hw_timerserver.o
    0x20001178        -       0x00000004   Zero   RW         2778    .bss.SYS_CMD_IoBusCallBackFunction  tl_mbox.o
    0x2000117c        -       0x00000004   Zero   RW         2779    .bss.SYS_EVT_IoBusCallBackFunction  tl_mbox.o
    0x20001180        -       0x00000004   Zero   RW         2674    .bss.StatusNotCallBackFunction  hci_tl.o
    0x20001184        -       0x00000004   Zero   RW         2716    .bss.StatusNotCallBackFunction  shci_tl.o
    0x20001188        -       0x00000004   Zero   RW         2952    .bss.StopModeDisable  stm32_lpm.o
    0x2000118c        -       0x00000002   Zero   RW          282    .bss.SynchPrescalerUserConfig  hw_timerserver.o
    0x2000118e   0x0800b5cd   0x00000002   PAD
    0x20001190        -       0x00000004   Zero   RW         2780    .bss.TL_MM_Init.p_mem_manager_table  tl_mbox.o
    0x20001194        -       0x00000080   Zero   RW         3012    .bss.TaskCb         stm32_seq.o
    0x20001214        -       0x00000004   Zero   RW         3014    .bss.TaskClearList  stm32_seq.o
    0x20001218        -       0x00000008   Zero   RW         3013    .bss.TaskPrio       stm32_seq.o
    0x20001220        -       0x00000004   Zero   RW         3006    .bss.TaskSet        stm32_seq.o
    0x20001224        -       0x00000001   Zero   RW          280    .bss.WakeupTimerDivider  hw_timerserver.o
    0x20001225        -       0x00000001   Zero   RW          279    .bss.WakeupTimerLimitation  hw_timerserver.o
    0x20001226   0x0800b5cd   0x00000002   PAD
    0x20001228        -       0x00000090   Zero   RW          278    .bss.aTimerContext  hw_timerserver.o
    0x200012b8        -       0x00000006   Zero   RW          481    .bss.a_BdAddrUdn    app_ble.o
    0x200012be   0x0800b5cd   0x00000002   PAD
    0x200012c0        -       0x00000020   Zero   RW         2675    .bss.hciContext     hci_tl.o
    0x200012e0        -       0x00000060   Zero   RW           42    .bss.hdma_lpuart1_tx  main.o
    0x20001340        -       0x00000060   Zero   RW           43    .bss.hdma_usart1_tx  main.o
    0x200013a0        -       0x0000003c   Zero   RW           39    .bss.hipcc          main.o
    0x200013dc        -       0x00000094   Zero   RW           40    .bss.hlpuart1       main.o
    0x20001470        -       0x00000024   Zero   RW           44    .bss.hrtc           main.o
    0x20001494        -       0x00000094   Zero   RW           41    .bss.huart1         main.o
    0x20001528        -       0x00000001   Zero   RW          472    .bss.index_con_int  app_ble.o
    0x20001529        -       0x00000001   Zero   RW          473    .bss.mutex          app_ble.o
    0x2000152a   0x0800b5cd   0x00000002   PAD
    0x2000152c        -       0x00000020   Zero   RW         2717    .bss.shciContext    shci_tl.o
    0x2000154c        -       0x00000004   Zero   RW          800    .bss.uwTick         stm32wbxx_hal.o
    0x20001550        -       0x00001000   Zero   RW            1    STACK               startup_stm32wb55xx_cm4.o


    Execution Region RW_RAM_SHARED1 (Exec base: 0x20030000, Load base: 0x0800b5d0, Size: 0x00000028, Max: 0x00000028, ABSOLUTE)

    Exec Addr    Load Addr    Size         Type   Attr      Idx    E Section Name        Object

    0x20030000   0x0800b5d0   0x00000028   Data   RW         2774    MAPPING_TABLE       tl_mbox.o


    Execution Region RW_RAM_SHARED2 (Exec base: 0x20030028, Load base: 0x0800b5f8, Size: 0x00000a40, Max: 0x000027d8, ABSOLUTE, COMPRESSED[0x00000018])

    Exec Addr    Load Addr    Size         Type   Attr      Idx    E Section Name        Object

    0x20030028   COMPRESSED   0x0000010b   Data   RW          477    MB_MEM1             app_ble.o
    0x20030133   COMPRESSED   0x00000001   PAD
    0x20030134   COMPRESSED   0x000000b0   Data   RW         2773    MB_MEM1             tl_mbox.o
    0x200301e4   COMPRESSED   0x00000012   Data   RW           72    MB_MEM2             app_debug.o
    0x200301f6   COMPRESSED   0x00000002   PAD
    0x200301f8   COMPRESSED   0x00000860   Data   RW          175    MB_MEM2             app_entry.o
    0x20030a58   COMPRESSED   0x0000000f   Data   RW         2775    MB_MEM2             tl_mbox.o


==============================================================================

Image component sizes


      Code (inc. data)   RO Data    RW Data    ZI Data      Debug   Object Name

      2728          0        113        281        148      12560   app_ble.o
       670          0        331         18          0       5969   app_debug.o
      1556          8          0       2144          0      15029   app_entry.o
      2046          0          0          0          0      29718   ble_gap_aci.o
      1316          0          0          0          0      25906   ble_gatt_aci.o
       528          0          0          0          0       9517   ble_hal_aci.o
       478          0          0          0          0      36329   ble_hci_le.o
       230          0          0          0          0       5937   ble_l2cap_aci.o
       432          0          0          1       4128       3972   dbg_trace.o
      1010          0          0         16         45       5156   hci_tl.o
        36          0          0          0          0       1000   hci_tl_if.o
      1380          0          0          0          4      10391   hw_ipcc.o
      3754          0          0          0        157      11614   hw_timerserver.o
       342          4          0          0          8       6113   hw_uart.o
       592          0          0          0        584      11285   main.o
        94          0          0          0          0        924   osal.o
       104          0          0          0          0        691   otp.o
       486          0          0          0          8       3109   p2p_server_app.o
       750          0         38          6          0       3277   p2p_stm.o
       422          0          0          0          0      16284   shci.o
       774          0          0         17         37       4290   shci_tl.o
        36          0          0          0          0       1005   shci_tl_if.o
        36          8        316          0       4096        884   startup_stm32wb55xx_cm4.o
       134          0          0          4          4       2385   stm32_lpm.o
      1666          0          0          8        156       6893   stm32_seq.o
       324          0          0          5          4      14262   stm32wbxx_hal.o
       804          0          0          0          0       9023   stm32wbxx_hal_cortex.o
      1152          0          0          0          0       7703   stm32wbxx_hal_dma.o
       958          0          0          0          0       4950   stm32wbxx_hal_gpio.o
       286          0          0          0          0       5737   stm32wbxx_hal_ipcc.o
       332          0          0          0          0      13823   stm32wbxx_hal_msp.o
        18          0          0          0          0       5445   stm32wbxx_hal_pwr.o
        16          0          0          0          0      13006   stm32wbxx_hal_pwr_ex.o
      4680          0         44          0          0      17255   stm32wbxx_hal_rcc.o
      1950          0          0          0          0      23249   stm32wbxx_hal_rcc_ex.o
       612          0          0          0          0      10469   stm32wbxx_hal_rtc.o
       630          0          0          0          0      12956   stm32wbxx_hal_rtc_ex.o
      2448          0          0          0          0      28104   stm32wbxx_hal_uart.o
        36          0          0          0          0       8892   stm32wbxx_hal_uart_ex.o
       150          0          0          0          0       2163   stm32wbxx_it.o
       558          0         15         24          0       6403   stm32wbxx_nucleo.o
       354          0          0          0          0       3892   stm_list.o
      2356          0          0          0          0       4384   stm_queue.o
       394          0          0          9          0       3896   svc_ctl.o
       136          0        128          4          0       3441   system_stm32wbxx.o
      1342         10          0        231         28       8170   tl_mbox.o

    ----------------------------------------------------------------------
     41568         30       1054       2780       9424     437461   Object Totals
         0          0         64          0          0          0   (incl. Generated)
       432          0          5         12         17          0   (incl. Padding)

    ----------------------------------------------------------------------

      Code (inc. data)   RO Data    RW Data    ZI Data      Debug   Library Member Name

        58          0          0          0          0          0   __dczerorl.o
         0          0          0          0          0          0   entry.o
         0          0          0          0          0          0   entry10a.o
         0          0          0          0          0          0   entry11a.o
         8          4          0          0          0          0   entry2.o
         4          0          0          0          0          0   entry5.o
         0          0          0          0          0          0   entry7b.o
         0          0          0          0          0          0   entry8b.o
         8          4          0          0          0          0   entry9a.o
        30          0          0          0          0          0   handlers.o
        36          8          0          0          0         68   init.o
         0          0          0          0          0          0   iusefp.o
        30          0          0          0          0         68   llshl.o
        36          0          0          0          0         68   llsshr.o
        32          0          0          0          0         68   llushr.o
        36          0          0          0          0         68   memcpya.o
        36          0          0          0          0        108   memseta.o
      2258         90          0          0          0        452   printfa.o
         0          0          0          4          0          0   stdout.o
        14          0          0          0          0         68   strlen.o
        44          0          0          0          0         80   uidiv.o
        98          0          0          0          0         92   uldiv.o
        48          0          0          0          0         68   cdrcmple.o
       334          0          0          0          0        148   dadd.o
       222          0          0          0          0        100   ddiv.o
       186          0          0          0          0        176   depilogue.o
        48          0          0          0          0         68   dfixul.o
       228          0          0          0          0         96   dmul.o

    ----------------------------------------------------------------------
      3798        106          0          4          0       1796   Library Totals
         4          0          0          0          0          0   (incl. Padding)

    ----------------------------------------------------------------------

      Code (inc. data)   RO Data    RW Data    ZI Data      Debug   Library Name

      2728        106          0          4          0       1140   mc_w.l
      1066          0          0          0          0        656   mf_w.l

    ----------------------------------------------------------------------
      3798        106          0          4          0       1796   Library Totals

    ----------------------------------------------------------------------

==============================================================================


      Code (inc. data)   RO Data    RW Data    ZI Data      Debug   

     45366        136       1054       2784       9424     437777   Grand Totals
     45366        136       1054        184       9424     437777   ELF Image Totals (compressed)
     45366        136       1054        184          0          0   ROM Totals

==============================================================================

    Total RO  Size (Code + RO Data)                46420 (  45.33kB)
    Total RW  Size (RW Data + ZI Data)             12208 (  11.92kB)
    Total ROM Size (Code + RO Data + RW Data)      46604 (  45.51kB)

==============================================================================

